09-19 02:08:49.132  6986  6986 D JewelryOverlay: 🔄 Head rotation: X=1.865586, Y=2.8365207, Z=7.7192507
09-19 02:08:49.132  6986  6986 D JewelryOverlay: 🎯 Face data:
09-19 02:08:49.132  6986  6986 D JewelryOverlay:    - Face scale: 0.35999998
09-19 02:08:49.132  6986  6986 D JewelryOverlay:    - Neck points: (PointF(660.3265, 1276.2311), PointF(660.3265, 1407.4242))
09-19 02:08:49.132  6986  6986 D JewelryOverlay:    - Head rotation: [1.865586, 2.8365207, 7.7192507]
09-19 02:08:49.132  6986  6986 D JewelryOverlay:    - Applied scale: 2.586313
09-19 02:08:49.132  6986  6986 D JewelryOverlay:    - Applied rotation: [4.798828, -2.8344724, 0.0]
09-19 02:08:49.132  6986  6986 D JewelryOverlay: 🎯 Final renderer values:
09-19 02:08:49.132  6986  6986 D JewelryOverlay:    - Scale: 1.2931565
09-19 02:08:49.132  6986  6986 D JewelryOverlay:    - Rotation X: 6.6644144
09-19 02:08:49.132  6986  6986 D JewelryOverlay:    - Rotation Y: 0.002048254
09-19 02:08:49.132  6986  6986 D JewelryOverlay: 🎯 Requesting render...
09-19 02:08:49.132  6986  6986 D JewelryOverlay: 🎯 Render requested successfully
09-19 02:08:49.133  6986  7735 D ModelRenderer: 🎨 Drawing frame - Vertices: 13, Indices: 33
09-19 02:08:49.134  6986  7735 D ModelRenderer:    - Transform: Scale=1.29, RotX=6.7, RotY=0.0
09-19 02:08:49.134  6986  7735 D ModelRenderer:    - Position: X=0.00, Y=0.00
09-19 02:08:49.136  6986  7735 D ModelRenderer:    - Drawing 11 triangles...
09-19 02:08:49.137  6986  7735 D ModelRenderer:    - Draw call completed successfully.
09-19 02:08:49.183  6986  6986 D JewelryOverlay: 👤 Valid face detected, area: 33489
09-19 02:08:49.183  6986  6986 D JewelryOverlay: 🎯 Processing face for 3D rendering
09-19 02:08:49.183  6986  6986 D JewelryOverlay: 📏 Calculated scale: 0.36600003 (face size: 183.0)
09-19 02:08:49.183  6986  6986 D JewelryOverlay: 🎯 Renderer status: EXISTS
09-19 02:08:49.183  6986  6986 D JewelryOverlay: 🎯 GLView status: EXISTS
09-19 02:08:49.183  6986  6986 D JewelryOverlay: 🎯 Current 3D model: EXISTS
09-19 02:08:49.183  6986  6986 D JewelryOverlay: 🔄 Head rotation: X=-0.76909965, Y=2.5907714, Z=7.608665
09-19 02:08:49.183  6986  6986 D JewelryOverlay: 🎯 Face data:
09-19 02:08:49.183  6986  6986 D JewelryOverlay:    - Face scale: 0.36600003
09-19 02:08:49.183  6986  6986 D JewelryOverlay:    - Neck points: (PointF(669.19446, 1244.814), PointF(669.19446, 1369.6605))
09-19 02:08:49.183  6986  6986 D JewelryOverlay:    - Head rotation: [-0.76909965, 2.5907714, 7.608665]
09-19 02:08:49.183  6986  6986 D JewelryOverlay:    - Applied scale: 2.586313
09-19 02:08:49.183  6986  6986 D JewelryOverlay:    - Applied rotation: [4.798828, -2.8344724, 0.0]
09-19 02:08:49.183  6986  6986 D JewelryOverlay: 🎯 Final renderer values:
09-19 02:08:49.183  6986  6986 D JewelryOverlay:    - Scale: 1.2931565
09-19 02:08:49.183  6986  6986 D JewelryOverlay:    - Rotation X: 4.0297284
09-19 02:08:49.183  6986  6986 D JewelryOverlay:    - Rotation Y: -0.24370098
09-19 02:08:49.183  6986  6986 D JewelryOverlay: 🎯 Requesting render...
09-19 02:08:49.183  6986  6986 D JewelryOverlay: 🎯 Render requested successfully
09-19 02:08:49.183  6986  7735 D ModelRenderer: 🎨 Drawing frame - Vertices: 13, Indices: 33
09-19 02:08:49.183  6986  7735 D ModelRenderer:    - Transform: Scale=1.29, RotX=4.0, RotY=-0.2
09-19 02:08:49.183  6986  7735 D ModelRenderer:    - Position: X=0.00, Y=0.00
09-19 02:08:49.184  6986  7735 D ModelRenderer:    - Drawing 11 triangles...
09-19 02:08:49.184  6986  7735 D ModelRenderer:    - Draw call completed successfully.
09-19 02:08:49.243  6986  6986 D JewelryOverlay: 👤 Valid face detected, area: 32940
09-19 02:08:49.243  6986  6986 D JewelryOverlay: 🎯 Processing face for 3D rendering
09-19 02:08:49.243  6986  6986 D JewelryOverlay: 📏 Calculated scale: 0.363 (face size: 181.5)
09-19 02:08:49.243  6986  6986 D JewelryOverlay: 🎯 Renderer status: EXISTS
09-19 02:08:49.243  6986  6986 D JewelryOverlay: 🎯 GLView status: EXISTS
09-19 02:08:49.243  6986  6986 D JewelryOverlay: 🎯 Current 3D model: EXISTS
09-19 02:08:49.243  6986  6986 D JewelryOverlay: 🔄 Head rotation: X=0.34589922, Y=0.3472956, Z=8.068815
09-19 02:08:49.243  6986  6986 D JewelryOverlay: 🎯 Face data:
09-19 02:08:49.243  6986  6986 D JewelryOverlay:    - Face scale: 0.363
09-19 02:08:49.243  6986  6986 D JewelryOverlay:    - Neck points: (PointF(674.35913, 1212.0718), PointF(674.35913, 1335.5126))
09-19 02:08:49.243  6986  6986 D JewelryOverlay:    - Head rotation: [0.34589922, 0.3472956, 8.068815]
09-19 02:08:49.243  6986  6986 D JewelryOverlay:    - Applied scale: 2.586313
09-19 02:08:49.243  6986  6986 D JewelryOverlay:    - Applied rotation: [4.798828, -2.8344724, 0.0]
09-19 02:08:49.243  6986  6986 D JewelryOverlay: 🎯 Final renderer values:
09-19 02:08:49.243  6986  6986 D JewelryOverlay:    - Scale: 1.2931565
09-19 02:08:49.243  6986  6986 D JewelryOverlay:    - Rotation X: 5.144727
09-19 02:08:49.243  6986  6986 D JewelryOverlay:    - Rotation Y: -2.487177
09-19 02:08:49.243  6986  6986 D JewelryOverlay: 🎯 Requesting render...
09-19 02:08:49.243  6986  6986 D JewelryOverlay: 🎯 Render requested successfully
09-19 02:08:49.243  6986  7735 D ModelRenderer: 🎨 Drawing frame - Vertices: 13, Indices: 33
09-19 02:08:49.243  6986  7735 D ModelRenderer:    - Transform: Scale=1.29, RotX=5.1, RotY=-2.5
09-19 02:08:49.243  6986  7735 D ModelRenderer:    - Position: X=0.00, Y=0.00
09-19 02:08:49.244  6986  7735 D ModelRenderer:    - Drawing 11 triangles...
09-19 02:08:49.244  6986  7735 D ModelRenderer:    - Draw call completed successfully.
09-19 02:08:49.302  6986  6986 D JewelryOverlay: 👤 Valid face detected, area: 36100
09-19 02:08:49.302  6986  6986 D JewelryOverlay: 🎯 Processing face for 3D rendering
09-19 02:08:49.302  6986  6986 D JewelryOverlay: 📏 Calculated scale: 0.38 (face size: 190.0)
09-19 02:08:49.302  6986  6986 D JewelryOverlay: 🎯 Renderer status: EXISTS
09-19 02:08:49.302  6986  6986 D JewelryOverlay: 🎯 GLView status: EXISTS
09-19 02:08:49.302  6986  6986 D JewelryOverlay: 🎯 Current 3D model: EXISTS
09-19 02:08:49.302  6986  6986 D JewelryOverlay: 🔄 Head rotation: X=0.4007498, Y=2.262895, Z=8.411424
09-19 02:08:49.302  6986  6986 D JewelryOverlay: 🎯 Face data:
09-19 02:08:49.302  6986  6986 D JewelryOverlay:    - Face scale: 0.38
09-19 02:08:49.302  6986  6986 D JewelryOverlay:    - Neck points: (PointF(698.183, 1213.3636), PointF(698.183, 1341.2744))
09-19 02:08:49.302  6986  6986 D JewelryOverlay:    - Head rotation: [0.4007498, 2.262895, 8.411424]
09-19 02:08:49.302  6986  6986 D JewelryOverlay:    - Applied scale: 2.586313
09-19 02:08:49.302  6986  6986 D JewelryOverlay:    - Applied rotation: [4.798828, -2.8344724, 0.0]
09-19 02:08:49.302  6986  6986 D JewelryOverlay: 🎯 Final renderer values:
09-19 02:08:49.302  6986  6986 D JewelryOverlay:    - Scale: 1.2931565
09-19 02:08:49.302  6986  6986 D JewelryOverlay:    - Rotation X: 5.199578
09-19 02:08:49.302  6986  6986 D JewelryOverlay:    - Rotation Y: -0.5715773
09-19 02:08:49.302  6986  6986 D JewelryOverlay: 🎯 Requesting render...
09-19 02:08:49.302  6986  6986 D JewelryOverlay: 🎯 Render requested successfully
09-19 02:08:49.303  6986  7735 D ModelRenderer: 🎨 Drawing frame - Vertices: 13, Indices: 33
09-19 02:08:49.303  6986  7735 D ModelRenderer:    - Transform: Scale=1.29, RotX=5.2, RotY=-0.6
09-19 02:08:49.303  6986  7735 D ModelRenderer:    - Position: X=0.00, Y=0.00
09-19 02:08:49.303  6986  7735 D ModelRenderer:    - Drawing 11 triangles...
09-19 02:08:49.304  6986  7735 D ModelRenderer:    - Draw call completed successfully.
09-19 02:08:49.361  6986  6986 D JewelryOverlay: 👤 Valid face detected, area: 34596
09-19 02:08:49.361  6986  6986 D JewelryOverlay: 🎯 Processing face for 3D rendering
09-19 02:08:49.362  6986  6986 D JewelryOverlay: 📏 Calculated scale: 0.372 (face size: 186.0)
09-19 02:08:49.362  6986  6986 D JewelryOverlay: 🎯 Renderer status: EXISTS
09-19 02:08:49.362  6986  6986 D JewelryOverlay: 🎯 GLView status: EXISTS
09-19 02:08:49.362  6986  6986 D JewelryOverlay: 🎯 Current 3D model: EXISTS
09-19 02:08:49.362  6986  6986 D JewelryOverlay: 🔄 Head rotation: X=-0.4043631, Y=1.38335, Z=9.607006
09-19 02:08:49.362  6986  6986 D JewelryOverlay: 🎯 Face data:
09-19 02:08:49.362  6986  6986 D JewelryOverlay:    - Face scale: 0.372
09-19 02:08:49.362  6986  6986 D JewelryOverlay:    - Neck points: (PointF(700.83997, 1205.311), PointF(700.83997, 1336.3488))
09-19 02:08:49.362  6986  6986 D JewelryOverlay:    - Head rotation: [-0.4043631, 1.38335, 9.607006]
09-19 02:08:49.362  6986  6986 D JewelryOverlay:    - Applied scale: 2.586313
09-19 02:08:49.362  6986  6986 D JewelryOverlay:    - Applied rotation: [4.798828, -2.8344724, 0.0]
09-19 02:08:49.362  6986  6986 D JewelryOverlay: 🎯 Final renderer values:
09-19 02:08:49.362  6986  6986 D JewelryOverlay:    - Scale: 1.2931565
09-19 02:08:49.362  6986  6986 D JewelryOverlay:    - Rotation X: 4.394465
09-19 02:08:49.362  6986  6986 D JewelryOverlay:    - Rotation Y: -1.4511224
09-19 02:08:49.362  6986  6986 D JewelryOverlay: 🎯 Requesting render...
09-19 02:08:49.362  6986  6986 D JewelryOverlay: 🎯 Render requested successfully
09-19 02:08:49.362  6986  7735 D ModelRenderer: 🎨 Drawing frame - Vertices: 13, Indices: 33
09-19 02:08:49.362  6986  7735 D ModelRenderer:    - Transform: Scale=1.29, RotX=4.4, RotY=-1.5
09-19 02:08:49.362  6986  7735 D ModelRenderer:    - Position: X=0.00, Y=0.00
09-19 02:08:49.363  6986  7735 D ModelRenderer:    - Drawing 11 triangles...
09-19 02:08:49.363  6986  7735 D ModelRenderer:    - Draw call completed successfully.
09-19 02:08:49.427  6986  6986 D JewelryOverlay: 👤 Valid face detected, area: 35910
09-19 02:08:49.427  6986  6986 D JewelryOverlay: 🎯 Processing face for 3D rendering
09-19 02:08:49.427  6986  6986 D JewelryOverlay: 📏 Calculated scale: 0.379 (face size: 189.5)
09-19 02:08:49.427  6986  6986 D JewelryOverlay: 🎯 Renderer status: EXISTS
09-19 02:08:49.427  6986  6986 D JewelryOverlay: 🎯 GLView status: EXISTS
09-19 02:08:49.427  6986  6986 D JewelryOverlay: 🎯 Current 3D model: EXISTS
09-19 02:08:49.427  6986  6986 D JewelryOverlay: 🔄 Head rotation: X=-0.3823145, Y=1.7620171, Z=9.494264
09-19 02:08:49.427  6986  6986 D JewelryOverlay: 🎯 Face data:
09-19 02:08:49.427  6986  6986 D JewelryOverlay:    - Face scale: 0.379
09-19 02:08:49.427  6986  6986 D JewelryOverlay:    - Neck points: (PointF(695.2448, 1165.6891), PointF(695.2448, 1292.9149))
09-19 02:08:49.427  6986  6986 D JewelryOverlay:    - Head rotation: [-0.3823145, 1.7620171, 9.494264]
09-19 02:08:49.427  6986  6986 D JewelryOverlay:    - Applied scale: 2.586313
09-19 02:08:49.427  6986  6986 D JewelryOverlay:    - Applied rotation: [4.798828, -2.8344724, 0.0]
09-19 02:08:49.427  6986  6986 D JewelryOverlay: 🎯 Final renderer values:
09-19 02:08:49.427  6986  6986 D JewelryOverlay:    - Scale: 1.2931565
09-19 02:08:49.427  6986  6986 D JewelryOverlay:    - Rotation X: 4.4165134
09-19 02:08:49.427  6986  6986 D JewelryOverlay:    - Rotation Y: -1.0724553
09-19 02:08:49.427  6986  6986 D JewelryOverlay: 🎯 Requesting render...
09-19 02:08:49.427  6986  6986 D JewelryOverlay: 🎯 Render requested successfully
09-19 02:08:49.428  6986  7735 D ModelRenderer: 🎨 Drawing frame - Vertices: 13, Indices: 33
09-19 02:08:49.428  6986  7735 D ModelRenderer:    - Transform: Scale=1.29, RotX=4.4, RotY=-1.1
09-19 02:08:49.428  6986  7735 D ModelRenderer:    - Position: X=0.00, Y=0.00
09-19 02:08:49.428  6986  7735 D ModelRenderer:    - Drawing 11 triangles...
09-19 02:08:49.428  6986  7735 D ModelRenderer:    - Draw call completed successfully.
09-19 02:08:49.486  6986  6986 D JewelryOverlay: 👤 Valid face detected, area: 35340
09-19 02:08:49.486  6986  6986 D JewelryOverlay: 🎯 Processing face for 3D rendering
09-19 02:08:49.486  6986  6986 D JewelryOverlay: 📏 Calculated scale: 0.37600002 (face size: 188.0)
09-19 02:08:49.486  6986  6986 D JewelryOverlay: 🎯 Renderer status: EXISTS
09-19 02:08:49.486  6986  6986 D JewelryOverlay: 🎯 GLView status: EXISTS
09-19 02:08:49.486  6986  6986 D JewelryOverlay: 🎯 Current 3D model: EXISTS
09-19 02:08:49.486  6986  6986 D JewelryOverlay: 🔄 Head rotation: X=-0.7242346, Y=2.4743822, Z=7.322973
09-19 02:08:49.486  6986  6986 D JewelryOverlay: 🎯 Face data:
09-19 02:08:49.486  6986  6986 D JewelryOverlay:    - Face scale: 0.37600002
09-19 02:08:49.486  6986  6986 D JewelryOverlay:    - Neck points: (PointF(686.2392, 1133.0919), PointF(686.2392, 1261.7523))
09-19 02:08:49.486  6986  6986 D JewelryOverlay:    - Head rotation: [-0.7242346, 2.4743822, 7.322973]
09-19 02:08:49.486  6986  6986 D JewelryOverlay:    - Applied scale: 2.586313
09-19 02:08:49.486  6986  6986 D JewelryOverlay:    - Applied rotation: [4.798828, -2.8344724, 0.0]
09-19 02:08:49.486  6986  6986 D JewelryOverlay: 🎯 Final renderer values:
09-19 02:08:49.486  6986  6986 D JewelryOverlay:    - Scale: 1.2931565
09-19 02:08:49.486  6986  6986 D JewelryOverlay:    - Rotation X: 4.0745935
09-19 02:08:49.486  6986  6986 D JewelryOverlay:    - Rotation Y: -0.36009026
09-19 02:08:49.486  6986  6986 D JewelryOverlay: 🎯 Requesting render...
09-19 02:08:49.486  6986  6986 D JewelryOverlay: 🎯 Render requested successfully
09-19 02:08:49.486  6986  7735 D ModelRenderer: 🎨 Drawing frame - Vertices: 13, Indices: 33
09-19 02:08:49.487  6986  7735 D ModelRenderer:    - Transform: Scale=1.29, RotX=4.1, RotY=-0.4
09-19 02:08:49.487  6986  7735 D ModelRenderer:    - Position: X=0.00, Y=0.00
09-19 02:08:49.487  6986  7735 D ModelRenderer:    - Drawing 11 triangles...
09-19 02:08:49.487  6986  7735 D ModelRenderer:    - Draw call completed successfully.
09-19 02:08:49.555  6986  6986 D JewelryOverlay: 👤 Valid face detected, area: 36100
09-19 02:08:49.555  6986  6986 D JewelryOverlay: 🎯 Processing face for 3D rendering
09-19 02:08:49.556  6986  6986 D JewelryOverlay: 📏 Calculated scale: 0.38 (face size: 190.0)
09-19 02:08:49.556  6986  6986 D JewelryOverlay: 🎯 Renderer status: EXISTS
09-19 02:08:49.556  6986  6986 D JewelryOverlay: 🎯 GLView status: EXISTS
09-19 02:08:49.556  6986  6986 D JewelryOverlay: 🎯 Current 3D model: EXISTS
09-19 02:08:49.556  6986  6986 D JewelryOverlay: 🔄 Head rotation: X=1.0593996, Y=4.3564067, Z=6.356079
09-19 02:08:49.556  6986  6986 D JewelryOverlay: 🎯 Face data:
09-19 02:08:49.556  6986  6986 D JewelryOverlay:    - Face scale: 0.38
09-19 02:08:49.556  6986  6986 D JewelryOverlay:    - Neck points: (PointF(681.0962, 1107.8219), PointF(681.0962, 1239.6875))
09-19 02:08:49.556  6986  6986 D JewelryOverlay:    - Head rotation: [1.0593996, 4.3564067, 6.356079]
09-19 02:08:49.556  6986  6986 D JewelryOverlay:    - Applied scale: 2.586313
09-19 02:08:49.556  6986  6986 D JewelryOverlay:    - Applied rotation: [4.798828, -2.8344724, 0.0]
09-19 02:08:49.556  6986  6986 D JewelryOverlay: 🎯 Final renderer values:
09-19 02:08:49.556  6986  6986 D JewelryOverlay:    - Scale: 1.2931565
09-19 02:08:49.556  6986  6986 D JewelryOverlay:    - Rotation X: 5.8582277
09-19 02:08:49.556  6986  6986 D JewelryOverlay:    - Rotation Y: 1.5219343
09-19 02:08:49.556  6986  6986 D JewelryOverlay: 🎯 Requesting render...
09-19 02:08:49.556  6986  6986 D JewelryOverlay: 🎯 Render requested successfully
09-19 02:08:49.556  6986  7735 D ModelRenderer: 🎨 Drawing frame - Vertices: 13, Indices: 33
09-19 02:08:49.556  6986  7735 D ModelRenderer:    - Transform: Scale=1.29, RotX=5.9, RotY=1.5
09-19 02:08:49.556  6986  7735 D ModelRenderer:    - Position: X=0.00, Y=0.00
09-19 02:08:49.556  6986  7735 D ModelRenderer:    - Drawing 11 triangles...
09-19 02:08:49.556  6986  7735 D ModelRenderer:    - Draw call completed successfully.
09-19 02:08:49.613  6986  6986 D JewelryOverlay: 👤 Valid face detected, area: 33489
09-19 02:08:49.613  6986  6986 D JewelryOverlay: 🎯 Processing face for 3D rendering
09-19 02:08:49.613  6986  6986 D JewelryOverlay: 📏 Calculated scale: 0.36600003 (face size: 183.0)
09-19 02:08:49.613  6986  6986 D JewelryOverlay: 🎯 Renderer status: EXISTS
09-19 02:08:49.613  6986  6986 D JewelryOverlay: 🎯 GLView status: EXISTS
09-19 02:08:49.613  6986  6986 D JewelryOverlay: 🎯 Current 3D model: EXISTS
09-19 02:08:49.613  6986  6986 D JewelryOverlay: 🔄 Head rotation: X=2.986309, Y=1.0600694, Z=6.468986
09-19 02:08:49.613  6986  6986 D JewelryOverlay: 🎯 Face data:
09-19 02:08:49.613  6986  6986 D JewelryOverlay:    - Face scale: 0.36600003
09-19 02:08:49.613  6986  6986 D JewelryOverlay:    - Neck points: (PointF(641.6873, 1091.787), PointF(641.6873, 1217.6218))
09-19 02:08:49.613  6986  6986 D JewelryOverlay:    - Head rotation: [2.986309, 1.0600694, 6.468986]
09-19 02:08:49.613  6986  6986 D JewelryOverlay:    - Applied scale: 2.586313
09-19 02:08:49.613  6986  6986 D JewelryOverlay:    - Applied rotation: [4.798828, -2.8344724, 0.0]
09-19 02:08:49.613  6986  6986 D JewelryOverlay: 🎯 Final renderer values:
09-19 02:08:49.613  6986  6986 D JewelryOverlay:    - Scale: 1.2931565
09-19 02:08:49.613  6986  6986 D JewelryOverlay:    - Rotation X: 7.785137
09-19 02:08:49.613  6986  6986 D JewelryOverlay:    - Rotation Y: -1.774403
09-19 02:08:49.613  6986  6986 D JewelryOverlay: 🎯 Requesting render...
09-19 02:08:49.613  6986  6986 D JewelryOverlay: 🎯 Render requested successfully
09-19 02:08:49.613  6986  7735 D ModelRenderer: 🎨 Drawing frame - Vertices: 13, Indices: 33
09-19 02:08:49.613  6986  7735 D ModelRenderer:    - Transform: Scale=1.29, RotX=7.8, RotY=-1.8
09-19 02:08:49.613  6986  7735 D ModelRenderer:    - Position: X=0.00, Y=0.00
09-19 02:08:49.614  6986  7735 D ModelRenderer:    - Drawing 11 triangles...
09-19 02:08:49.614  6986  7735 D ModelRenderer:    - Draw call completed successfully.
09-19 02:08:49.671  6986  6986 D JewelryOverlay: 👤 Valid face detected, area: 29241
09-19 02:08:49.671  6986  6986 D JewelryOverlay: 🎯 Processing face for 3D rendering
09-19 02:08:49.671  6986  6986 D JewelryOverlay: 📏 Calculated scale: 0.342 (face size: 171.0)
09-19 02:08:49.671  6986  6986 D JewelryOverlay: 🎯 Renderer status: EXISTS
09-19 02:08:49.671  6986  6986 D JewelryOverlay: 🎯 GLView status: EXISTS
09-19 02:08:49.671  6986  6986 D JewelryOverlay: 🎯 Current 3D model: EXISTS
09-19 02:08:49.671  6986  6986 D JewelryOverlay: 🔄 Head rotation: X=4.0829463, Y=4.7247305, Z=5.845774
09-19 02:08:49.671  6986  6986 D JewelryOverlay: 🎯 Face data:
09-19 02:08:49.671  6986  6986 D JewelryOverlay:    - Face scale: 0.342
09-19 02:08:49.671  6986  6986 D JewelryOverlay:    - Neck points: (PointF(625.54517, 1086.4629), PointF(625.54517, 1211.0441))
09-19 02:08:49.671  6986  6986 D JewelryOverlay:    - Head rotation: [4.0829463, 4.7247305, 5.845774]
09-19 02:08:49.671  6986  6986 D JewelryOverlay:    - Applied scale: 2.586313
09-19 02:08:49.671  6986  6986 D JewelryOverlay:    - Applied rotation: [4.798828, -2.8344724, 0.0]
09-19 02:08:49.671  6986  6986 D JewelryOverlay: 🎯 Final renderer values:
09-19 02:08:49.671  6986  6986 D JewelryOverlay:    - Scale: 1.2931565
09-19 02:08:49.671  6986  6986 D JewelryOverlay:    - Rotation X: 8.881775
09-19 02:08:49.671  6986  6986 D JewelryOverlay:    - Rotation Y: 1.8902581
09-19 02:08:49.671  6986  6986 D JewelryOverlay: 🎯 Requesting render...
09-19 02:08:49.671  6986  6986 D JewelryOverlay: 🎯 Render requested successfully
09-19 02:08:49.671  6986  7735 D ModelRenderer: 🎨 Drawing frame - Vertices: 13, Indices: 33
09-19 02:08:49.672  6986  7735 D ModelRenderer:    - Transform: Scale=1.29, RotX=8.9, RotY=1.9
09-19 02:08:49.672  6986  7735 D ModelRenderer:    - Position: X=0.00, Y=0.00
09-19 02:08:49.672  6986  7735 D ModelRenderer:    - Drawing 11 triangles...
09-19 02:08:49.672  6986  7735 D ModelRenderer:    - Draw call completed successfully.
09-19 02:08:49.727  6986  6986 D JewelryOverlay: 👤 Valid face detected, area: 28392
09-19 02:08:49.727  6986  6986 D JewelryOverlay: 🎯 Processing face for 3D rendering
09-19 02:08:49.727  6986  6986 D JewelryOverlay: 📏 Calculated scale: 0.33699998 (face size: 168.5)
09-19 02:08:49.727  6986  6986 D JewelryOverlay: 🎯 Renderer status: EXISTS
09-19 02:08:49.727  6986  6986 D JewelryOverlay: 🎯 GLView status: EXISTS
09-19 02:08:49.727  6986  6986 D JewelryOverlay: 🎯 Current 3D model: EXISTS
09-19 02:08:49.727  6986  6986 D JewelryOverlay: 🔄 Head rotation: X=3.83303, Y=4.1817784, Z=6.798149
09-19 02:08:49.727  6986  6986 D JewelryOverlay: 🎯 Face data:
09-19 02:08:49.727  6986  6986 D JewelryOverlay:    - Face scale: 0.33699998
09-19 02:08:49.727  6986  6986 D JewelryOverlay:    - Neck points: (PointF(643.44934, 1066.2898), PointF(643.44934, 1187.4355))
09-19 02:08:49.727  6986  6986 D JewelryOverlay:    - Head rotation: [3.83303, 4.1817784, 6.798149]
09-19 02:08:49.727  6986  6986 D JewelryOverlay:    - Applied scale: 2.586313
09-19 02:08:49.727  6986  6986 D JewelryOverlay:    - Applied rotation: [4.798828, -2.8344724, 0.0]
09-19 02:08:49.727  6986  6986 D JewelryOverlay: 🎯 Final renderer values:
09-19 02:08:49.727  6986  6986 D JewelryOverlay:    - Scale: 1.2931565
09-19 02:08:49.727  6986  6986 D JewelryOverlay:    - Rotation X: 8.631858
09-19 02:08:49.727  6986  6986 D JewelryOverlay:    - Rotation Y: 1.347306
09-19 02:08:49.727  6986  6986 D JewelryOverlay: 🎯 Requesting render...
09-19 02:08:49.727  6986  6986 D JewelryOverlay: 🎯 Render requested successfully
09-19 02:08:49.728  6986  7735 D ModelRenderer: 🎨 Drawing frame - Vertices: 13, Indices: 33
09-19 02:08:49.728  6986  7735 D ModelRenderer:    - Transform: Scale=1.29, RotX=8.6, RotY=1.3
09-19 02:08:49.728  6986  7735 D ModelRenderer:    - Position: X=0.00, Y=0.00
09-19 02:08:49.729  6986  7735 D ModelRenderer:    - Drawing 11 triangles...
09-19 02:08:49.729  6986  7735 D ModelRenderer:    - Draw call completed successfully.
09-19 02:08:49.793  6986  6986 D JewelryOverlay: 👤 Valid face detected, area: 26080
09-19 02:08:49.793  6986  6986 D JewelryOverlay: 🎯 Processing face for 3D rendering
09-19 02:08:49.793  6986  6986 D JewelryOverlay: 📏 Calculated scale: 0.323 (face size: 161.5)
09-19 02:08:49.793  6986  6986 D JewelryOverlay: 🎯 Renderer status: EXISTS
09-19 02:08:49.793  6986  6986 D JewelryOverlay: 🎯 GLView status: EXISTS
09-19 02:08:49.793  6986  6986 D JewelryOverlay: 🎯 Current 3D model: EXISTS
09-19 02:08:49.794  6986  6986 D JewelryOverlay: 🔄 Head rotation: X=6.9029727, Y=4.130539, Z=7.945622
09-19 02:08:49.794  6986  6986 D JewelryOverlay: 🎯 Face data:
09-19 02:08:49.794  6986  6986 D JewelryOverlay:    - Face scale: 0.323
09-19 02:08:49.794  6986  6986 D JewelryOverlay:    - Neck points: (PointF(600.3834, 1062.3894), PointF(600.3834, 1182.5394))
09-19 02:08:49.794  6986  6986 D JewelryOverlay:    - Head rotation: [6.9029727, 4.130539, 7.945622]
09-19 02:08:49.794  6986  6986 D JewelryOverlay:    - Applied scale: 2.586313
09-19 02:08:49.794  6986  6986 D JewelryOverlay:    - Applied rotation: [4.798828, -2.8344724, 0.0]
09-19 02:08:49.794  6986  6986 D JewelryOverlay: 🎯 Final renderer values:
09-19 02:08:49.794  6986  6986 D JewelryOverlay:    - Scale: 1.2931565
09-19 02:08:49.794  6986  6986 D JewelryOverlay:    - Rotation X: 11.701801
09-19 02:08:49.794  6986  6986 D JewelryOverlay:    - Rotation Y: 1.2960665
09-19 02:08:49.794  6986  6986 D JewelryOverlay: 🎯 Requesting render...
09-19 02:08:49.794  6986  6986 D JewelryOverlay: 🎯 Render requested successfully
09-19 02:08:49.794  6986  7735 D ModelRenderer: 🎨 Drawing frame - Vertices: 13, Indices: 33
09-19 02:08:49.794  6986  7735 D ModelRenderer:    - Transform: Scale=1.29, RotX=11.7, RotY=1.3
09-19 02:08:49.794  6986  7735 D ModelRenderer:    - Position: X=0.00, Y=0.00
09-19 02:08:49.794  6986  7735 D ModelRenderer:    - Drawing 11 triangles...
09-19 02:08:49.794  6986  7735 D ModelRenderer:    - Draw call completed successfully.
09-19 02:08:49.850  6986  6986 D JewelryOverlay: 👤 Valid face detected, area: 24178
09-19 02:08:49.850  6986  6986 D JewelryOverlay: 🎯 Processing face for 3D rendering
09-19 02:08:49.850  6986  6986 D JewelryOverlay: 📏 Calculated scale: 0.311 (face size: 155.5)
09-19 02:08:49.850  6986  6986 D JewelryOverlay: 🎯 Renderer status: EXISTS
09-19 02:08:49.850  6986  6986 D JewelryOverlay: 🎯 GLView status: EXISTS
09-19 02:08:49.850  6986  6986 D JewelryOverlay: 🎯 Current 3D model: EXISTS
09-19 02:08:49.850  6986  6986 D JewelryOverlay: 🔄 Head rotation: X=4.7003145, Y=4.8041153, Z=9.534855
09-19 02:08:49.850  6986  6986 D JewelryOverlay: 🎯 Face data:
09-19 02:08:49.850  6986  6986 D JewelryOverlay:    - Face scale: 0.311
09-19 02:08:49.850  6986  6986 D JewelryOverlay:    - Neck points: (PointF(611.6, 1050.4485), PointF(611.6, 1167.9799))
09-19 02:08:49.850  6986  6986 D JewelryOverlay:    - Head rotation: [4.7003145, 4.8041153, 9.534855]
09-19 02:08:49.850  6986  6986 D JewelryOverlay:    - Applied scale: 2.586313
09-19 02:08:49.850  6986  6986 D JewelryOverlay:    - Applied rotation: [4.798828, -2.8344724, 0.0]
09-19 02:08:49.850  6986  6986 D JewelryOverlay: 🎯 Final renderer values:
09-19 02:08:49.850  6986  6986 D JewelryOverlay:    - Scale: 1.2931565
09-19 02:08:49.850  6986  6986 D JewelryOverlay:    - Rotation X: 9.499143
09-19 02:08:49.850  6986  6986 D JewelryOverlay:    - Rotation Y: 1.9696429
09-19 02:08:49.850  6986  6986 D JewelryOverlay: 🎯 Requesting render...
09-19 02:08:49.850  6986  6986 D JewelryOverlay: 🎯 Render requested successfully
09-19 02:08:49.850  6986  7735 D ModelRenderer: 🎨 Drawing frame - Vertices: 13, Indices: 33
09-19 02:08:49.850  6986  7735 D ModelRenderer:    - Transform: Scale=1.29, RotX=9.5, RotY=2.0
09-19 02:08:49.850  6986  7735 D ModelRenderer:    - Position: X=0.00, Y=0.00
09-19 02:08:49.851  6986  7735 D ModelRenderer:    - Drawing 11 triangles...
09-19 02:08:49.851  6986  7735 D ModelRenderer:    - Draw call completed successfully.
09-19 02:08:49.915  6986  6986 D JewelryOverlay: 👤 Valid face detected, area: 24649
09-19 02:08:49.915  6986  6986 D JewelryOverlay: 🎯 Processing face for 3D rendering
09-19 02:08:49.915  6986  6986 D JewelryOverlay: 📏 Calculated scale: 0.314 (face size: 157.0)
09-19 02:08:49.915  6986  6986 D JewelryOverlay: 🎯 Renderer status: EXISTS
09-19 02:08:49.915  6986  6986 D JewelryOverlay: 🎯 GLView status: EXISTS
09-19 02:08:49.915  6986  6986 D JewelryOverlay: 🎯 Current 3D model: EXISTS
09-19 02:08:49.915  6986  6986 D JewelryOverlay: 🔄 Head rotation: X=-4.125907, Y=7.446664, Z=7.7843847
09-19 02:08:49.915  6986  6986 D JewelryOverlay: 🎯 Face data:
09-19 02:08:49.915  6986  6986 D JewelryOverlay:    - Face scale: 0.314
09-19 02:08:49.915  6986  6986 D JewelryOverlay:    - Neck points: (PointF(591.4885, 1038.9197), PointF(591.4885, 1139.167))
09-19 02:08:49.915  6986  6986 D JewelryOverlay:    - Head rotation: [-4.125907, 7.446664, 7.7843847]
09-19 02:08:49.915  6986  6986 D JewelryOverlay:    - Applied scale: 2.586313
09-19 02:08:49.915  6986  6986 D JewelryOverlay:    - Applied rotation: [4.798828, -2.8344724, 0.0]
09-19 02:08:49.915  6986  6986 D JewelryOverlay: 🎯 Final renderer values:
09-19 02:08:49.915  6986  6986 D JewelryOverlay:    - Scale: 1.2931565
09-19 02:08:49.915  6986  6986 D JewelryOverlay:    - Rotation X: 0.6729212
09-19 02:08:49.915  6986  6986 D JewelryOverlay:    - Rotation Y: 4.612191
09-19 02:08:49.915  6986  6986 D JewelryOverlay: 🎯 Requesting render...
09-19 02:08:49.916  6986  6986 D JewelryOverlay: 🎯 Render requested successfully
09-19 02:08:49.916  6986  7735 D ModelRenderer: 🎨 Drawing frame - Vertices: 13, Indices: 33
09-19 02:08:49.916  6986  7735 D ModelRenderer:    - Transform: Scale=1.29, RotX=0.7, RotY=4.6
09-19 02:08:49.916  6986  7735 D ModelRenderer:    - Position: X=0.00, Y=0.00
09-19 02:08:49.916  6986  7735 D ModelRenderer:    - Drawing 11 triangles...
09-19 02:08:49.916  6986  7735 D ModelRenderer:    - Draw call completed successfully.
09-19 02:08:49.978  6986  6986 D JewelryOverlay: 👤 Valid face detected, area: 25600
09-19 02:08:49.978  6986  6986 D JewelryOverlay: 🎯 Processing face for 3D rendering
09-19 02:08:49.978  6986  6986 D JewelryOverlay: 📏 Calculated scale: 0.32000002 (face size: 160.0)
09-19 02:08:49.978  6986  6986 D JewelryOverlay: 🎯 Renderer status: EXISTS
09-19 02:08:49.978  6986  6986 D JewelryOverlay: 🎯 GLView status: EXISTS
09-19 02:08:49.978  6986  6986 D JewelryOverlay: 🎯 Current 3D model: EXISTS
09-19 02:08:49.978  6986  6986 D JewelryOverlay: 🔄 Head rotation: X=4.502943, Y=3.6110022, Z=7.277248
09-19 02:08:49.978  6986  6986 D JewelryOverlay: 🎯 Face data:
09-19 02:08:49.978  6986  6986 D JewelryOverlay:    - Face scale: 0.32000002
09-19 02:08:49.979  6986  6986 D JewelryOverlay:    - Neck points: (PointF(506.5571, 1166.6462), PointF(506.5571, 1279.1633))
09-19 02:08:49.979  6986  6986 D JewelryOverlay:    - Head rotation: [4.502943, 3.6110022, 7.277248]
09-19 02:08:49.979  6986  6986 D JewelryOverlay:    - Applied scale: 2.586313
09-19 02:08:49.979  6986  6986 D JewelryOverlay:    - Applied rotation: [4.798828, -2.8344724, 0.0]
09-19 02:08:49.979  6986  6986 D JewelryOverlay: 🎯 Final renderer values:
09-19 02:08:49.979  6986  6986 D JewelryOverlay:    - Scale: 1.2931565
09-19 02:08:49.979  6986  6986 D JewelryOverlay:    - Rotation X: 9.301771
09-19 02:08:49.979  6986  6986 D JewelryOverlay:    - Rotation Y: 0.7765298
09-19 02:08:49.979  6986  6986 D JewelryOverlay: 🎯 Requesting render...
09-19 02:08:49.979  6986  6986 D JewelryOverlay: 🎯 Render requested successfully
09-19 02:08:49.979  6986  7735 D ModelRenderer: 🎨 Drawing frame - Vertices: 13, Indices: 33
09-19 02:08:49.979  6986  7735 D ModelRenderer:    - Transform: Scale=1.29, RotX=9.3, RotY=0.8
09-19 02:08:49.979  6986  7735 D ModelRenderer:    - Position: X=0.00, Y=0.00
09-19 02:08:49.979  6986  7735 D ModelRenderer:    - Drawing 11 triangles...
09-19 02:08:49.979  6986  7735 D ModelRenderer:    - Draw call completed successfully.
09-19 02:08:50.041  6986  6986 D JewelryOverlay: 👤 Valid face detected, area: 25280
09-19 02:08:50.041  6986  6986 D JewelryOverlay: 🎯 Processing face for 3D rendering
09-19 02:08:50.041  6986  6986 D JewelryOverlay: 📏 Calculated scale: 0.31800002 (face size: 159.0)
09-19 02:08:50.041  6986  6986 D JewelryOverlay: 🎯 Renderer status: EXISTS
09-19 02:08:50.041  6986  6986 D JewelryOverlay: 🎯 GLView status: EXISTS
09-19 02:08:50.041  6986  6986 D JewelryOverlay: 🎯 Current 3D model: EXISTS
09-19 02:08:50.041  6986  6986 D JewelryOverlay: 🔄 Head rotation: X=4.896761, Y=3.9294047, Z=7.868812
09-19 02:08:50.041  6986  6986 D JewelryOverlay: 🎯 Face data:
09-19 02:08:50.041  6986  6986 D JewelryOverlay:    - Face scale: 0.31800002
09-19 02:08:50.041  6986  6986 D JewelryOverlay:    - Neck points: (PointF(502.99872, 1173.0669), PointF(502.99872, 1285.6187))
09-19 02:08:50.041  6986  6986 D JewelryOverlay:    - Head rotation: [4.896761, 3.9294047, 7.868812]
09-19 02:08:50.041  6986  6986 D JewelryOverlay:    - Applied scale: 2.586313
09-19 02:08:50.041  6986  6986 D JewelryOverlay:    - Applied rotation: [4.798828, -2.8344724, 0.0]
09-19 02:08:50.041  6986  6986 D JewelryOverlay: 🎯 Final renderer values:
09-19 02:08:50.041  6986  6986 D JewelryOverlay:    - Scale: 1.2931565
09-19 02:08:50.041  6986  6986 D JewelryOverlay:    - Rotation X: 9.695589
09-19 02:08:50.041  6986  6986 D JewelryOverlay:    - Rotation Y: 1.0949323
09-19 02:08:50.041  6986  6986 D JewelryOverlay: 🎯 Requesting render...
09-19 02:08:50.041  6986  6986 D JewelryOverlay: 🎯 Render requested successfully
09-19 02:08:50.041  6986  7735 D ModelRenderer: 🎨 Drawing frame - Vertices: 13, Indices: 33
09-19 02:08:50.042  6986  7735 D ModelRenderer:    - Transform: Scale=1.29, RotX=9.7, RotY=1.1
09-19 02:08:50.042  6986  7735 D ModelRenderer:    - Position: X=0.00, Y=0.00
09-19 02:08:50.042  6986  7735 D ModelRenderer:    - Drawing 11 triangles...
09-19 02:08:50.042  6986  7735 D ModelRenderer:    - Draw call completed successfully.
09-19 02:08:50.107  6986  6986 D JewelryOverlay: 👤 Valid face detected, area: 23104
09-19 02:08:50.107  6986  6986 D JewelryOverlay: 🎯 Processing face for 3D rendering
09-19 02:08:50.107  6986  6986 D JewelryOverlay: 📏 Calculated scale: 0.304 (face size: 152.0)
09-19 02:08:50.107  6986  6986 D JewelryOverlay: 🎯 Renderer status: EXISTS
09-19 02:08:50.107  6986  6986 D JewelryOverlay: 🎯 GLView status: EXISTS
09-19 02:08:50.107  6986  6986 D JewelryOverlay: 🎯 Current 3D model: EXISTS
09-19 02:08:50.107  6986  6986 D JewelryOverlay: 🔄 Head rotation: X=-0.17816961, Y=5.671392, Z=8.683109
09-19 02:08:50.107  6986  6986 D JewelryOverlay: 🎯 Face data:
09-19 02:08:50.107  6986  6986 D JewelryOverlay:    - Face scale: 0.304
09-19 02:08:50.107  6986  6986 D JewelryOverlay:    - Neck points: (PointF(452.3182, 1182.5414), PointF(452.3182, 1288.562))
09-19 02:08:50.107  6986  6986 D JewelryOverlay:    - Head rotation: [-0.17816961, 5.671392, 8.683109]
09-19 02:08:50.107  6986  6986 D JewelryOverlay:    - Applied scale: 2.586313
09-19 02:08:50.107  6986  6986 D JewelryOverlay:    - Applied rotation: [4.798828, -2.8344724, 0.0]
09-19 02:08:50.107  6986  6986 D JewelryOverlay: 🎯 Final renderer values:
09-19 02:08:50.107  6986  6986 D JewelryOverlay:    - Scale: 1.2931565
09-19 02:08:50.107  6986  6986 D JewelryOverlay:    - Rotation X: 4.6206584
09-19 02:08:50.107  6986  6986 D JewelryOverlay:    - Rotation Y: 2.8369195
09-19 02:08:50.107  6986  6986 D JewelryOverlay: 🎯 Requesting render...
09-19 02:08:50.107  6986  6986 D JewelryOverlay: 🎯 Render requested successfully
09-19 02:08:50.107  6986  7735 D ModelRenderer: 🎨 Drawing frame - Vertices: 13, Indices: 33
09-19 02:08:50.108  6986  7735 D ModelRenderer:    - Transform: Scale=1.29, RotX=4.6, RotY=2.8
09-19 02:08:50.108  6986  7735 D ModelRenderer:    - Position: X=0.00, Y=0.00
09-19 02:08:50.108  6986  7735 D ModelRenderer:    - Drawing 11 triangles...
09-19 02:08:50.108  6986  7735 D ModelRenderer:    - Draw call completed successfully.
09-19 02:08:50.152  6986  6986 D JewelryOverlay: 👤 Valid face detected, area: 25600
09-19 02:08:50.152  6986  6986 D JewelryOverlay: 🎯 Processing face for 3D rendering
09-19 02:08:50.152  6986  6986 D JewelryOverlay: 📏 Calculated scale: 0.32000002 (face size: 160.0)
09-19 02:08:50.152  6986  6986 D JewelryOverlay: 🎯 Renderer status: EXISTS
09-19 02:08:50.152  6986  6986 D JewelryOverlay: 🎯 GLView status: EXISTS
09-19 02:08:50.152  6986  6986 D JewelryOverlay: 🎯 Current 3D model: EXISTS
09-19 02:08:50.152  6986  6986 D JewelryOverlay: 🔄 Head rotation: X=7.00779, Y=2.1826005, Z=6.10273
09-19 02:08:50.152  6986  6986 D JewelryOverlay: 🎯 Face data:
09-19 02:08:50.152  6986  6986 D JewelryOverlay:    - Face scale: 0.32000002
09-19 02:08:50.152  6986  6986 D JewelryOverlay:    - Neck points: (PointF(424.05853, 1240.2893), PointF(424.05853, 1355.0995))
09-19 02:08:50.152  6986  6986 D JewelryOverlay:    - Head rotation: [7.00779, 2.1826005, 6.10273]
09-19 02:08:50.152  6986  6986 D JewelryOverlay:    - Applied scale: 2.586313
09-19 02:08:50.152  6986  6986 D JewelryOverlay:    - Applied rotation: [4.798828, -2.8344724, 0.0]
09-19 02:08:50.152  6986  6986 D JewelryOverlay: 🎯 Final renderer values:
09-19 02:08:50.152  6986  6986 D JewelryOverlay:    - Scale: 1.2931565
09-19 02:08:50.152  6986  6986 D JewelryOverlay:    - Rotation X: 11.806618
09-19 02:08:50.152  6986  6986 D JewelryOverlay:    - Rotation Y: -0.6518719
09-19 02:08:50.152  6986  6986 D JewelryOverlay: 🎯 Requesting render...
09-19 02:08:50.153  6986  6986 D JewelryOverlay: 🎯 Render requested successfully
09-19 02:08:50.153  6986  7735 D ModelRenderer: 🎨 Drawing frame - Vertices: 13, Indices: 33
09-19 02:08:50.153  6986  7735 D ModelRenderer:    - Transform: Scale=1.29, RotX=11.8, RotY=-0.7
09-19 02:08:50.153  6986  7735 D ModelRenderer:    - Position: X=0.00, Y=0.00
09-19 02:08:50.153  6986  7735 D ModelRenderer:    - Drawing 11 triangles...
09-19 02:08:50.153  6986  7735 D ModelRenderer:    - Draw call completed successfully.
09-19 02:08:50.210  6986  6986 D JewelryOverlay: 👤 Valid face detected, area: 23408
09-19 02:08:50.210  6986  6986 D JewelryOverlay: 🎯 Processing face for 3D rendering
09-19 02:08:50.210  6986  6986 D JewelryOverlay: 📏 Calculated scale: 0.306 (face size: 153.0)
09-19 02:08:50.210  6986  6986 D JewelryOverlay: 🎯 Renderer status: EXISTS
09-19 02:08:50.210  6986  6986 D JewelryOverlay: 🎯 GLView status: EXISTS
09-19 02:08:50.210  6986  6986 D JewelryOverlay: 🎯 Current 3D model: EXISTS
09-19 02:08:50.211  6986  6986 D JewelryOverlay: 🔄 Head rotation: X=5.2303195, Y=1.5638909, Z=3.9827473
09-19 02:08:50.211  6986  6986 D JewelryOverlay: 🎯 Face data:
09-19 02:08:50.211  6986  6986 D JewelryOverlay:    - Face scale: 0.306
09-19 02:08:50.211  6986  6986 D JewelryOverlay:    - Neck points: (PointF(422.71338, 1272.6957), PointF(422.71338, 1386.6887))
09-19 02:08:50.211  6986  6986 D JewelryOverlay:    - Head rotation: [5.2303195, 1.5638909, 3.9827473]
09-19 02:08:50.211  6986  6986 D JewelryOverlay:    - Applied scale: 2.586313
09-19 02:08:50.211  6986  6986 D JewelryOverlay:    - Applied rotation: [4.798828, -2.8344724, 0.0]
09-19 02:08:50.211  6986  6986 D JewelryOverlay: 🎯 Final renderer values:
09-19 02:08:50.211  6986  6986 D JewelryOverlay:    - Scale: 1.2931565
09-19 02:08:50.211  6986  6986 D JewelryOverlay:    - Rotation X: 10.029148
09-19 02:08:50.211  6986  6986 D JewelryOverlay:    - Rotation Y: -1.2705815
09-19 02:08:50.211  6986  6986 D JewelryOverlay: 🎯 Requesting render...
09-19 02:08:50.211  6986  6986 D JewelryOverlay: 🎯 Render requested successfully
09-19 02:08:50.211  6986  7735 D ModelRenderer: 🎨 Drawing frame - Vertices: 13, Indices: 33
09-19 02:08:50.211  6986  7735 D ModelRenderer:    - Transform: Scale=1.29, RotX=10.0, RotY=-1.3
09-19 02:08:50.211  6986  7735 D ModelRenderer:    - Position: X=0.00, Y=0.00
09-19 02:08:50.211  6986  7735 D ModelRenderer:    - Drawing 11 triangles...
09-19 02:08:50.211  6986  7735 D ModelRenderer:    - Draw call completed successfully.
09-19 02:08:50.270  6986  6986 D JewelryOverlay: 👤 Valid face detected, area: 24806
09-19 02:08:50.270  6986  6986 D JewelryOverlay: 🎯 Processing face for 3D rendering
09-19 02:08:50.270  6986  6986 D JewelryOverlay: 📏 Calculated scale: 0.31500003 (face size: 157.5)
09-19 02:08:50.270  6986  6986 D JewelryOverlay: 🎯 Renderer status: EXISTS
09-19 02:08:50.270  6986  6986 D JewelryOverlay: 🎯 GLView status: EXISTS
09-19 02:08:50.271  6986  6986 D JewelryOverlay: 🎯 Current 3D model: EXISTS
09-19 02:08:50.271  6986  6986 D JewelryOverlay: 🔄 Head rotation: X=-5.153083, Y=3.7998674, Z=4.7066116
09-19 02:08:50.271  6986  6986 D JewelryOverlay: 🎯 Face data:
09-19 02:08:50.271  6986  6986 D JewelryOverlay:    - Face scale: 0.31500003
09-19 02:08:50.271  6986  6986 D JewelryOverlay:    - Neck points: (PointF(478.66748, 1174.84), PointF(478.66748, 1277.9379))
09-19 02:08:50.271  6986  6986 D JewelryOverlay:    - Head rotation: [-5.153083, 3.7998674, 4.7066116]
09-19 02:08:50.271  6986  6986 D JewelryOverlay:    - Applied scale: 2.586313
09-19 02:08:50.271  6986  6986 D JewelryOverlay:    - Applied rotation: [4.798828, -2.8344724, 0.0]
09-19 02:08:50.271  6986  6986 D JewelryOverlay: 🎯 Final renderer values:
09-19 02:08:50.271  6986  6986 D JewelryOverlay:    - Scale: 1.2931565
09-19 02:08:50.271  6986  6986 D JewelryOverlay:    - Rotation X: -0.35425472
09-19 02:08:50.271  6986  6986 D JewelryOverlay:    - Rotation Y: 0.965395
09-19 02:08:50.271  6986  6986 D JewelryOverlay: 🎯 Requesting render...
09-19 02:08:50.271  6986  6986 D JewelryOverlay: 🎯 Render requested successfully
09-19 02:08:50.271  6986  7735 D ModelRenderer: 🎨 Drawing frame - Vertices: 13, Indices: 33
09-19 02:08:50.271  6986  7735 D ModelRenderer:    - Transform: Scale=1.29, RotX=-0.4, RotY=1.0
09-19 02:08:50.271  6986  7735 D ModelRenderer:    - Position: X=0.00, Y=0.00
09-19 02:08:50.271  6986  7735 D ModelRenderer:    - Drawing 11 triangles...
09-19 02:08:50.271  6986  7735 D ModelRenderer:    - Draw call completed successfully.
09-19 02:08:50.330  6986  6986 D JewelryOverlay: 👤 Valid face detected, area: 34596
09-19 02:08:50.330  6986  6986 D JewelryOverlay: 🎯 Processing face for 3D rendering
09-19 02:08:50.330  6986  6986 D JewelryOverlay: 📏 Calculated scale: 0.372 (face size: 186.0)
09-19 02:08:50.330  6986  6986 D JewelryOverlay: 🎯 Renderer status: EXISTS
09-19 02:08:50.330  6986  6986 D JewelryOverlay: 🎯 GLView status: EXISTS
09-19 02:08:50.330  6986  6986 D JewelryOverlay: 🎯 Current 3D model: EXISTS
09-19 02:08:50.330  6986  6986 D JewelryOverlay: 🔄 Head rotation: X=1.3484862, Y=3.6555457, Z=4.237545
09-19 02:08:50.330  6986  6986 D JewelryOverlay: 🎯 Face data:
09-19 02:08:50.330  6986  6986 D JewelryOverlay:    - Face scale: 0.372
09-19 02:08:50.330  6986  6986 D JewelryOverlay:    - Neck points: (PointF(519.5582, 1190.7832), PointF(519.5582, 1310.0955))
09-19 02:08:50.330  6986  6986 D JewelryOverlay:    - Head rotation: [1.3484862, 3.6555457, 4.237545]
09-19 02:08:50.330  6986  6986 D JewelryOverlay:    - Applied scale: 2.586313
09-19 02:08:50.330  6986  6986 D JewelryOverlay:    - Applied rotation: [4.798828, -2.8344724, 0.0]
09-19 02:08:50.330  6986  6986 D JewelryOverlay: 🎯 Final renderer values:
09-19 02:08:50.330  6986  6986 D JewelryOverlay:    - Scale: 1.2931565
09-19 02:08:50.330  6986  6986 D JewelryOverlay:    - Rotation X: 6.147314
09-19 02:08:50.330  6986  6986 D JewelryOverlay:    - Rotation Y: 0.8210733
09-19 02:08:50.330  6986  6986 D JewelryOverlay: 🎯 Requesting render...
09-19 02:08:50.330  6986  6986 D JewelryOverlay: 🎯 Render requested successfully
09-19 02:08:50.330  6986  7735 D ModelRenderer: 🎨 Drawing frame - Vertices: 13, Indices: 33
09-19 02:08:50.330  6986  7735 D ModelRenderer:    - Transform: Scale=1.29, RotX=6.1, RotY=0.8
09-19 02:08:50.330  6986  7735 D ModelRenderer:    - Position: X=0.00, Y=0.00
09-19 02:08:50.331  6986  7735 D ModelRenderer:    - Drawing 11 triangles...
09-19 02:08:50.331  6986  7735 D ModelRenderer:    - Draw call completed successfully.
09-19 02:08:50.395  6986  6986 D JewelryOverlay: 👤 Valid face detected, area: 34038
09-19 02:08:50.395  6986  6986 D JewelryOverlay: 🎯 Processing face for 3D rendering
09-19 02:08:50.395  6986  6986 D JewelryOverlay: 📏 Calculated scale: 0.36900002 (face size: 184.5)
09-19 02:08:50.395  6986  6986 D JewelryOverlay: 🎯 Renderer status: EXISTS
09-19 02:08:50.395  6986  6986 D JewelryOverlay: 🎯 GLView status: EXISTS
09-19 02:08:50.395  6986  6986 D JewelryOverlay: 🎯 Current 3D model: EXISTS
09-19 02:08:50.395  6986  6986 D JewelryOverlay: 🔄 Head rotation: X=-0.06309782, Y=2.7142818, Z=4.80093
09-19 02:08:50.395  6986  6986 D JewelryOverlay: 🎯 Face data:
09-19 02:08:50.395  6986  6986 D JewelryOverlay:    - Face scale: 0.36900002
09-19 02:08:50.395  6986  6986 D JewelryOverlay:    - Neck points: (PointF(595.6472, 1166.1802), PointF(595.6472, 1295.3217))
09-19 02:08:50.395  6986  6986 D JewelryOverlay:    - Head rotation: [-0.06309782, 2.7142818, 4.80093]
09-19 02:08:50.395  6986  6986 D JewelryOverlay:    - Applied scale: 2.586313
09-19 02:08:50.395  6986  6986 D JewelryOverlay:    - Applied rotation: [4.798828, -2.8344724, 0.0]
09-19 02:08:50.395  6986  6986 D JewelryOverlay: 🎯 Final renderer values:
09-19 02:08:50.395  6986  6986 D JewelryOverlay:    - Scale: 1.2931565
09-19 02:08:50.395  6986  6986 D JewelryOverlay:    - Rotation X: 4.73573
09-19 02:08:50.395  6986  6986 D JewelryOverlay:    - Rotation Y: -0.12019062
09-19 02:08:50.395  6986  6986 D JewelryOverlay: 🎯 Requesting render...
09-19 02:08:50.395  6986  6986 D JewelryOverlay: 🎯 Render requested successfully
09-19 02:08:50.395  6986  7735 D ModelRenderer: 🎨 Drawing frame - Vertices: 13, Indices: 33
09-19 02:08:50.396  6986  7735 D ModelRenderer:    - Transform: Scale=1.29, RotX=4.7, RotY=-0.1
09-19 02:08:50.396  6986  7735 D ModelRenderer:    - Position: X=0.00, Y=0.00
09-19 02:08:50.396  6986  7735 D ModelRenderer:    - Drawing 11 triangles...
09-19 02:08:50.396  6986  7735 D ModelRenderer:    - Draw call completed successfully.
09-19 02:08:50.455  6986  6986 D JewelryOverlay: 👤 Valid face detected, area: 34596
09-19 02:08:50.455  6986  6986 D JewelryOverlay: 🎯 Processing face for 3D rendering
09-19 02:08:50.455  6986  6986 D JewelryOverlay: 📏 Calculated scale: 0.372 (face size: 186.0)
09-19 02:08:50.455  6986  6986 D JewelryOverlay: 🎯 Renderer status: EXISTS
09-19 02:08:50.455  6986  6986 D JewelryOverlay: 🎯 GLView status: EXISTS
09-19 02:08:50.455  6986  6986 D JewelryOverlay: 🎯 Current 3D model: EXISTS
09-19 02:08:50.455  6986  6986 D JewelryOverlay: 🔄 Head rotation: X=1.3374972, Y=2.942683, Z=6.5357246
09-19 02:08:50.455  6986  6986 D JewelryOverlay: 🎯 Face data:
09-19 02:08:50.455  6986  6986 D JewelryOverlay:    - Face scale: 0.372
09-19 02:08:50.455  6986  6986 D JewelryOverlay:    - Neck points: (PointF(592.1472, 1160.7625), PointF(592.1472, 1294.0533))
09-19 02:08:50.455  6986  6986 D JewelryOverlay:    - Head rotation: [1.3374972, 2.942683, 6.5357246]
09-19 02:08:50.455  6986  6986 D JewelryOverlay:    - Applied scale: 2.586313
09-19 02:08:50.455  6986  6986 D JewelryOverlay:    - Applied rotation: [4.798828, -2.8344724, 0.0]
09-19 02:08:50.455  6986  6986 D JewelryOverlay: 🎯 Final renderer values:
09-19 02:08:50.455  6986  6986 D JewelryOverlay:    - Scale: 1.2931565
09-19 02:08:50.455  6986  6986 D JewelryOverlay:    - Rotation X: 6.1363254
09-19 02:08:50.455  6986  6986 D JewelryOverlay:    - Rotation Y: 0.10821056
09-19 02:08:50.455  6986  6986 D JewelryOverlay: 🎯 Requesting render...
09-19 02:08:50.455  6986  6986 D JewelryOverlay: 🎯 Render requested successfully
09-19 02:08:50.455  6986  7735 D ModelRenderer: 🎨 Drawing frame - Vertices: 13, Indices: 33
09-19 02:08:50.456  6986  7735 D ModelRenderer:    - Transform: Scale=1.29, RotX=6.1, RotY=0.1
09-19 02:08:50.456  6986  7735 D ModelRenderer:    - Position: X=0.00, Y=0.00
09-19 02:08:50.456  6986  7735 D ModelRenderer:    - Drawing 11 triangles...
09-19 02:08:50.456  6986  7735 D ModelRenderer:    - Draw call completed successfully.
09-19 02:08:50.517  6986  6986 D JewelryOverlay: 👤 Valid face detected, area: 37249
09-19 02:08:50.517  6986  6986 D JewelryOverlay: 🎯 Processing face for 3D rendering
09-19 02:08:50.517  6986  6986 D JewelryOverlay: 📏 Calculated scale: 0.386 (face size: 193.0)
09-19 02:08:50.517  6986  6986 D JewelryOverlay: 🎯 Renderer status: EXISTS
09-19 02:08:50.517  6986  6986 D JewelryOverlay: 🎯 GLView status: EXISTS
09-19 02:08:50.517  6986  6986 D JewelryOverlay: 🎯 Current 3D model: EXISTS
09-19 02:08:50.517  6986  6986 D JewelryOverlay: 🔄 Head rotation: X=2.7443383, Y=3.7912416, Z=6.308286
09-19 02:08:50.517  6986  6986 D JewelryOverlay: 🎯 Face data:
09-19 02:08:50.517  6986  6986 D JewelryOverlay:    - Face scale: 0.386
09-19 02:08:50.518  6986  6986 D JewelryOverlay:    - Neck points: (PointF(596.9281, 1135.3473), PointF(596.9281, 1273.7289))
09-19 02:08:50.518  6986  6986 D JewelryOverlay:    - Head rotation: [2.7443383, 3.7912416, 6.308286]
09-19 02:08:50.518  6986  6986 D JewelryOverlay:    - Applied scale: 2.586313
09-19 02:08:50.518  6986  6986 D JewelryOverlay:    - Applied rotation: [4.798828, -2.8344724, 0.0]
09-19 02:08:50.518  6986  6986 D JewelryOverlay: 🎯 Final renderer values:
09-19 02:08:50.518  6986  6986 D JewelryOverlay:    - Scale: 1.2931565
09-19 02:08:50.518  6986  6986 D JewelryOverlay:    - Rotation X: 7.543166
09-19 02:08:50.518  6986  6986 D JewelryOverlay:    - Rotation Y: 0.9567692
09-19 02:08:50.518  6986  6986 D JewelryOverlay: 🎯 Requesting render...
09-19 02:08:50.518  6986  6986 D JewelryOverlay: 🎯 Render requested successfully
09-19 02:08:50.518  6986  7735 D ModelRenderer: 🎨 Drawing frame - Vertices: 13, Indices: 33
09-19 02:08:50.518  6986  7735 D ModelRenderer:    - Transform: Scale=1.29, RotX=7.5, RotY=1.0
09-19 02:08:50.518  6986  7735 D ModelRenderer:    - Position: X=0.00, Y=0.00
09-19 02:08:50.518  6986  7735 D ModelRenderer:    - Drawing 11 triangles...
09-19 02:08:50.518  6986  7735 D ModelRenderer:    - Draw call completed successfully.
09-19 02:08:50.586  6986  6986 D JewelryOverlay: 👤 Valid face detected, area: 37249
09-19 02:08:50.586  6986  6986 D JewelryOverlay: 🎯 Processing face for 3D rendering
09-19 02:08:50.586  6986  6986 D JewelryOverlay: 📏 Calculated scale: 0.386 (face size: 193.0)
09-19 02:08:50.586  6986  6986 D JewelryOverlay: 🎯 Renderer status: EXISTS
09-19 02:08:50.586  6986  6986 D JewelryOverlay: 🎯 GLView status: EXISTS
09-19 02:08:50.586  6986  6986 D JewelryOverlay: 🎯 Current 3D model: EXISTS
09-19 02:08:50.586  6986  6986 D JewelryOverlay: 🔄 Head rotation: X=1.6479347, Y=3.8382082, Z=5.3188777
09-19 02:08:50.586  6986  6986 D JewelryOverlay: 🎯 Face data:
09-19 02:08:50.586  6986  6986 D JewelryOverlay:    - Face scale: 0.386
09-19 02:08:50.586  6986  6986 D JewelryOverlay:    - Neck points: (PointF(568.54736, 1155.8992), PointF(568.54736, 1296.7645))
09-19 02:08:50.586  6986  6986 D JewelryOverlay:    - Head rotation: [1.6479347, 3.8382082, 5.3188777]
09-19 02:08:50.586  6986  6986 D JewelryOverlay:    - Applied scale: 2.586313
09-19 02:08:50.586  6986  6986 D JewelryOverlay:    - Applied rotation: [4.798828, -2.8344724, 0.0]
09-19 02:08:50.586  6986  6986 D JewelryOverlay: 🎯 Final renderer values:
09-19 02:08:50.586  6986  6986 D JewelryOverlay:    - Scale: 1.2931565
09-19 02:08:50.586  6986  6986 D JewelryOverlay:    - Rotation X: 6.446763
09-19 02:08:50.586  6986  6986 D JewelryOverlay:    - Rotation Y: 1.0037358
09-19 02:08:50.586  6986  6986 D JewelryOverlay: 🎯 Requesting render...
09-19 02:08:50.586  6986  6986 D JewelryOverlay: 🎯 Render requested successfully
09-19 02:08:50.586  6986  7735 D ModelRenderer: 🎨 Drawing frame - Vertices: 13, Indices: 33
09-19 02:08:50.587  6986  7735 D ModelRenderer:    - Transform: Scale=1.29, RotX=6.4, RotY=1.0
09-19 02:08:50.587  6986  7735 D ModelRenderer:    - Position: X=0.00, Y=0.00
09-19 02:08:50.587  6986  7735 D ModelRenderer:    - Drawing 11 triangles...
09-19 02:08:50.587  6986  7735 D ModelRenderer:    - Draw call completed successfully.
09-19 02:08:50.646  6986  6986 D JewelryOverlay: 👤 Valid face detected, area: 39601
09-19 02:08:50.646  6986  6986 D JewelryOverlay: 🎯 Processing face for 3D rendering
