09-19 02:08:42.083  6986  6986 D JewelryOverlay: 🎯 Final renderer values:
09-19 02:08:42.083  6986  6986 D JewelryOverlay:    - Scale: 1.2931565
09-19 02:08:42.083  6986  6986 D JewelryOverlay:    - Rotation X: 8.637533
09-19 02:08:42.083  6986  6986 D JewelryOverlay:    - Rotation Y: -1.4720132
09-19 02:08:42.083  6986  6986 D JewelryOverlay: 🎯 Requesting render...
09-19 02:08:42.083  6986  6986 D JewelryOverlay: 🎯 Render requested successfully
09-19 02:08:42.154  6986  6986 D JewelryOverlay: 👤 Valid face detected, area: 51076
09-19 02:08:42.154  6986  6986 D JewelryOverlay: 🎯 Processing face for 3D rendering
09-19 02:08:42.154  6986  6986 D JewelryOverlay: 📏 Calculated scale: 0.452 (face size: 226.0)
09-19 02:08:42.154  6986  6986 D JewelryOverlay: 🎯 Renderer status: EXISTS
09-19 02:08:42.154  6986  6986 D JewelryOverlay: 🎯 GLView status: EXISTS
09-19 02:08:42.154  6986  6986 D JewelryOverlay: 🎯 Current 3D model: EXISTS
09-19 02:08:42.154  6986  6986 D JewelryOverlay: 🔄 Head rotation: X=2.6924922, Y=1.3976932, Z=8.686115
09-19 02:08:42.154  6986  6986 D JewelryOverlay: 🎯 Face data:
09-19 02:08:42.154  6986  6986 D JewelryOverlay:    - Face scale: 0.452
09-19 02:08:42.154  6986  6986 D JewelryOverlay:    - Neck points: (PointF(607.6148, 1690.145), PointF(607.6148, 1853.1426))
09-19 02:08:42.154  6986  6986 D JewelryOverlay:    - Head rotation: [2.6924922, 1.3976932, 8.686115]
09-19 02:08:42.154  6986  6986 D JewelryOverlay:    - Applied scale: 2.586313
09-19 02:08:42.154  6986  6986 D JewelryOverlay:    - Applied rotation: [4.798828, -2.8344724, 0.0]
09-19 02:08:42.154  6986  6986 D JewelryOverlay: 🎯 Final renderer values:
09-19 02:08:42.154  6986  6986 D JewelryOverlay:    - Scale: 1.2931565
09-19 02:08:42.154  6986  6986 D JewelryOverlay:    - Rotation X: 7.4913206
09-19 02:08:42.154  6986  6986 D JewelryOverlay:    - Rotation Y: -1.4367793
09-19 02:08:42.154  6986  6986 D JewelryOverlay: 🎯 Requesting render...
09-19 02:08:42.154  6986  6986 D JewelryOverlay: 🎯 Render requested successfully
09-19 02:08:42.214  6986  6986 D JewelryOverlay: 👤 Valid face detected, area: 54056
09-19 02:08:42.214  6986  6986 D JewelryOverlay: 🎯 Processing face for 3D rendering
09-19 02:08:42.214  6986  6986 D JewelryOverlay: 📏 Calculated scale: 0.465 (face size: 232.5)
09-19 02:08:42.214  6986  6986 D JewelryOverlay: 🎯 Renderer status: EXISTS
09-19 02:08:42.214  6986  6986 D JewelryOverlay: 🎯 GLView status: EXISTS
09-19 02:08:42.214  6986  6986 D JewelryOverlay: 🎯 Current 3D model: EXISTS
09-19 02:08:42.214  6986  6986 D JewelryOverlay: 🔄 Head rotation: X=1.6970989, Y=0.4550702, Z=9.027198
09-19 02:08:42.214  6986  6986 D JewelryOverlay: 🎯 Face data:
09-19 02:08:42.214  6986  6986 D JewelryOverlay:    - Face scale: 0.465
09-19 02:08:42.214  6986  6986 D JewelryOverlay:    - Neck points: (PointF(595.27844, 1667.8864), PointF(595.27844, 1831.369))
09-19 02:08:42.214  6986  6986 D JewelryOverlay:    - Head rotation: [1.6970989, 0.4550702, 9.027198]
09-19 02:08:42.214  6986  6986 D JewelryOverlay:    - Applied scale: 2.586313
09-19 02:08:42.214  6986  6986 D JewelryOverlay:    - Applied rotation: [4.798828, -2.8344724, 0.0]
09-19 02:08:42.214  6986  6986 D JewelryOverlay: 🎯 Final renderer values:
09-19 02:08:42.214  6986  6986 D JewelryOverlay:    - Scale: 1.2931565
09-19 02:08:42.214  6986  6986 D JewelryOverlay:    - Rotation X: 6.495927
09-19 02:08:42.214  6986  6986 D JewelryOverlay:    - Rotation Y: -2.3794022
09-19 02:08:42.214  6986  6986 D JewelryOverlay: 🎯 Requesting render...
09-19 02:08:42.214  6986  6986 D JewelryOverlay: 🎯 Render requested successfully
09-19 02:08:42.267  6986  6986 D JewelryOverlay: 👤 Valid face detected, area: 54289
09-19 02:08:42.267  6986  6986 D JewelryOverlay: 🎯 Processing face for 3D rendering
09-19 02:08:42.267  6986  6986 D JewelryOverlay: 📏 Calculated scale: 0.466 (face size: 233.0)
09-19 02:08:42.267  6986  6986 D JewelryOverlay: 🎯 Renderer status: EXISTS
09-19 02:08:42.267  6986  6986 D JewelryOverlay: 🎯 GLView status: EXISTS
09-19 02:08:42.267  6986  6986 D JewelryOverlay: 🎯 Current 3D model: EXISTS
09-19 02:08:42.267  6986  6986 D JewelryOverlay: 🔄 Head rotation: X=2.633606, Y=0.5923908, Z=8.238322
09-19 02:08:42.267  6986  6986 D JewelryOverlay: 🎯 Face data:
09-19 02:08:42.267  6986  6986 D JewelryOverlay:    - Face scale: 0.466
09-19 02:08:42.267  6986  6986 D JewelryOverlay:    - Neck points: (PointF(546.37146, 1658.4974), PointF(546.37146, 1824.9177))
09-19 02:08:42.267  6986  6986 D JewelryOverlay:    - Head rotation: [2.633606, 0.5923908, 8.238322]
09-19 02:08:42.267  6986  6986 D JewelryOverlay:    - Applied scale: 2.586313
09-19 02:08:42.267  6986  6986 D JewelryOverlay:    - Applied rotation: [4.798828, -2.8344724, 0.0]
09-19 02:08:42.267  6986  6986 D JewelryOverlay: 🎯 Final renderer values:
09-19 02:08:42.267  6986  6986 D JewelryOverlay:    - Scale: 1.2931565
09-19 02:08:42.267  6986  6986 D JewelryOverlay:    - Rotation X: 7.432434
09-19 02:08:42.268  6986  6986 D JewelryOverlay:    - Rotation Y: -2.2420816
09-19 02:08:42.268  6986  6986 D JewelryOverlay: 🎯 Requesting render...
09-19 02:08:42.268  6986  6986 D JewelryOverlay: 🎯 Render requested successfully
09-19 02:08:42.333  6986  6986 D JewelryOverlay: 👤 Valid face detected, area: 55932
09-19 02:08:42.333  6986  6986 D JewelryOverlay: 🎯 Processing face for 3D rendering
09-19 02:08:42.333  6986  6986 D JewelryOverlay: 📏 Calculated scale: 0.47300002 (face size: 236.5)
09-19 02:08:42.333  6986  6986 D JewelryOverlay: 🎯 Renderer status: EXISTS
09-19 02:08:42.333  6986  6986 D JewelryOverlay: 🎯 GLView status: EXISTS
09-19 02:08:42.333  6986  6986 D JewelryOverlay: 🎯 Current 3D model: EXISTS
09-19 02:08:42.333  6986  6986 D JewelryOverlay: 🔄 Head rotation: X=2.6400323, Y=1.1638898, Z=8.088394
09-19 02:08:42.333  6986  6986 D JewelryOverlay: 🎯 Face data:
09-19 02:08:42.333  6986  6986 D JewelryOverlay:    - Face scale: 0.47300002
09-19 02:08:42.334  6986  6986 D JewelryOverlay:    - Neck points: (PointF(536.05774, 1630.3546), PointF(536.05774, 1792.7726))
09-19 02:08:42.334  6986  6986 D JewelryOverlay:    - Head rotation: [2.6400323, 1.1638898, 8.088394]
09-19 02:08:42.334  6986  6986 D JewelryOverlay:    - Applied scale: 2.586313
09-19 02:08:42.334  6986  6986 D JewelryOverlay:    - Applied rotation: [4.798828, -2.8344724, 0.0]
09-19 02:08:42.334  6986  6986 D JewelryOverlay: 🎯 Final renderer values:
09-19 02:08:42.334  6986  6986 D JewelryOverlay:    - Scale: 1.2931565
09-19 02:08:42.334  6986  6986 D JewelryOverlay:    - Rotation X: 7.4388604
09-19 02:08:42.334  6986  6986 D JewelryOverlay:    - Rotation Y: -1.6705827
09-19 02:08:42.334  6986  6986 D JewelryOverlay: 🎯 Requesting render...
09-19 02:08:42.334  6986  6986 D JewelryOverlay: 🎯 Render requested successfully
09-19 02:08:42.389  6986  6986 D JewelryOverlay: 👤 Valid face detected, area: 51975
09-19 02:08:42.389  6986  6986 D JewelryOverlay: 🎯 Processing face for 3D rendering
09-19 02:08:42.389  6986  6986 D JewelryOverlay: 📏 Calculated scale: 0.456 (face size: 228.0)
09-19 02:08:42.389  6986  6986 D JewelryOverlay: 🎯 Renderer status: EXISTS
09-19 02:08:42.389  6986  6986 D JewelryOverlay: 🎯 GLView status: EXISTS
09-19 02:08:42.389  6986  6986 D JewelryOverlay: 🎯 Current 3D model: EXISTS
09-19 02:08:42.389  6986  6986 D JewelryOverlay: 🔄 Head rotation: X=2.3938205, Y=1.1910137, Z=7.9445424
09-19 02:08:42.389  6986  6986 D JewelryOverlay: 🎯 Face data:
09-19 02:08:42.389  6986  6986 D JewelryOverlay:    - Face scale: 0.456
09-19 02:08:42.389  6986  6986 D JewelryOverlay:    - Neck points: (PointF(553.2378, 1643.9106), PointF(553.2378, 1809.918))
09-19 02:08:42.389  6986  6986 D JewelryOverlay:    - Head rotation: [2.3938205, 1.1910137, 7.9445424]
09-19 02:08:42.389  6986  6986 D JewelryOverlay:    - Applied scale: 2.586313
09-19 02:08:42.389  6986  6986 D JewelryOverlay:    - Applied rotation: [4.798828, -2.8344724, 0.0]
09-19 02:08:42.389  6986  6986 D JewelryOverlay: 🎯 Final renderer values:
09-19 02:08:42.389  6986  6986 D JewelryOverlay:    - Scale: 1.2931565
09-19 02:08:42.389  6986  6986 D JewelryOverlay:    - Rotation X: 7.192649
09-19 02:08:42.389  6986  6986 D JewelryOverlay:    - Rotation Y: -1.6434587
09-19 02:08:42.389  6986  6986 D JewelryOverlay: 🎯 Requesting render...
09-19 02:08:42.389  6986  6986 D JewelryOverlay: 🎯 Render requested successfully
09-19 02:08:42.463  6986  6986 D JewelryOverlay: 👤 Valid face detected, area: 55932
09-19 02:08:42.463  6986  6986 D JewelryOverlay: 🎯 Processing face for 3D rendering
09-19 02:08:42.463  6986  6986 D JewelryOverlay: 📏 Calculated scale: 0.47300002 (face size: 236.5)
09-19 02:08:42.463  6986  6986 D JewelryOverlay: 🎯 Renderer status: EXISTS
09-19 02:08:42.463  6986  6986 D JewelryOverlay: 🎯 GLView status: EXISTS
09-19 02:08:42.463  6986  6986 D JewelryOverlay: 🎯 Current 3D model: EXISTS
09-19 02:08:42.463  6986  6986 D JewelryOverlay: 🔄 Head rotation: X=1.8104706, Y=1.1899643, Z=8.650915
09-19 02:08:42.463  6986  6986 D JewelryOverlay: 🎯 Face data:
09-19 02:08:42.463  6986  6986 D JewelryOverlay:    - Face scale: 0.47300002
09-19 02:08:42.463  6986  6986 D JewelryOverlay:    - Neck points: (PointF(556.65186, 1652.032), PointF(556.65186, 1816.6407))
09-19 02:08:42.463  6986  6986 D JewelryOverlay:    - Head rotation: [1.8104706, 1.1899643, 8.650915]
09-19 02:08:42.463  6986  6986 D JewelryOverlay:    - Applied scale: 2.586313
09-19 02:08:42.463  6986  6986 D JewelryOverlay:    - Applied rotation: [4.798828, -2.8344724, 0.0]
09-19 02:08:42.464  6986  6986 D JewelryOverlay: 🎯 Final renderer values:
09-19 02:08:42.464  6986  6986 D JewelryOverlay:    - Scale: 1.2931565
09-19 02:08:42.464  6986  6986 D JewelryOverlay:    - Rotation X: 6.6092987
09-19 02:08:42.464  6986  6986 D JewelryOverlay:    - Rotation Y: -1.6445081
09-19 02:08:42.464  6986  6986 D JewelryOverlay: 🎯 Requesting render...
09-19 02:08:42.464  6986  6986 D JewelryOverlay: 🎯 Render requested successfully
09-19 02:08:42.525  6986  6986 D JewelryOverlay: 👤 Valid face detected, area: 54289
09-19 02:08:42.525  6986  6986 D JewelryOverlay: 🎯 Processing face for 3D rendering
09-19 02:08:42.525  6986  6986 D JewelryOverlay: 📏 Calculated scale: 0.466 (face size: 233.0)
09-19 02:08:42.525  6986  6986 D JewelryOverlay: 🎯 Renderer status: EXISTS
09-19 02:08:42.525  6986  6986 D JewelryOverlay: 🎯 GLView status: EXISTS
09-19 02:08:42.525  6986  6986 D JewelryOverlay: 🎯 Current 3D model: EXISTS
09-19 02:08:42.525  6986  6986 D JewelryOverlay: 🔄 Head rotation: X=2.5560906, Y=1.0508598, Z=9.195527
09-19 02:08:42.525  6986  6986 D JewelryOverlay: 🎯 Face data:
09-19 02:08:42.525  6986  6986 D JewelryOverlay:    - Face scale: 0.466
09-19 02:08:42.525  6986  6986 D JewelryOverlay:    - Neck points: (PointF(550.1452, 1655.6721), PointF(550.1452, 1822.127))
09-19 02:08:42.525  6986  6986 D JewelryOverlay:    - Head rotation: [2.5560906, 1.0508598, 9.195527]
09-19 02:08:42.525  6986  6986 D JewelryOverlay:    - Applied scale: 2.586313
09-19 02:08:42.525  6986  6986 D JewelryOverlay:    - Applied rotation: [4.798828, -2.8344724, 0.0]
09-19 02:08:42.525  6986  6986 D JewelryOverlay: 🎯 Final renderer values:
09-19 02:08:42.525  6986  6986 D JewelryOverlay:    - Scale: 1.2931565
09-19 02:08:42.525  6986  6986 D JewelryOverlay:    - Rotation X: 7.3549185
09-19 02:08:42.525  6986  6986 D JewelryOverlay:    - Rotation Y: -1.7836126
09-19 02:08:42.525  6986  6986 D JewelryOverlay: 🎯 Requesting render...
09-19 02:08:42.525  6986  6986 D JewelryOverlay: 🎯 Render requested successfully
09-19 02:08:42.574  6986  6986 D JewelryOverlay: 👤 Valid face detected, area: 54289
09-19 02:08:42.574  6986  6986 D JewelryOverlay: 🎯 Processing face for 3D rendering
09-19 02:08:42.574  6986  6986 D JewelryOverlay: 📏 Calculated scale: 0.466 (face size: 233.0)
09-19 02:08:42.574  6986  6986 D JewelryOverlay: 🎯 Renderer status: EXISTS
09-19 02:08:42.574  6986  6986 D JewelryOverlay: 🎯 GLView status: EXISTS
09-19 02:08:42.574  6986  6986 D JewelryOverlay: 🎯 Current 3D model: EXISTS
09-19 02:08:42.574  6986  6986 D JewelryOverlay: 🔄 Head rotation: X=2.7798862, Y=1.612159, Z=9.464135
09-19 02:08:42.574  6986  6986 D JewelryOverlay: 🎯 Face data:
09-19 02:08:42.574  6986  6986 D JewelryOverlay:    - Face scale: 0.466
09-19 02:08:42.574  6986  6986 D JewelryOverlay:    - Neck points: (PointF(550.0892, 1659.883), PointF(550.0892, 1822.8391))
09-19 02:08:42.574  6986  6986 D JewelryOverlay:    - Head rotation: [2.7798862, 1.612159, 9.464135]
09-19 02:08:42.574  6986  6986 D JewelryOverlay:    - Applied scale: 2.586313
09-19 02:08:42.574  6986  6986 D JewelryOverlay:    - Applied rotation: [4.798828, -2.8344724, 0.0]
09-19 02:08:42.574  6986  6986 D JewelryOverlay: 🎯 Final renderer values:
09-19 02:08:42.574  6986  6986 D JewelryOverlay:    - Scale: 1.2931565
09-19 02:08:42.574  6986  6986 D JewelryOverlay:    - Rotation X: 7.5787144
09-19 02:08:42.574  6986  6986 D JewelryOverlay:    - Rotation Y: -1.2223134
09-19 02:08:42.575  6986  6986 D JewelryOverlay: 🎯 Requesting render...
09-19 02:08:42.575  6986  6986 D JewelryOverlay: 🎯 Render requested successfully
09-19 02:08:42.637  6986  6986 D JewelryOverlay: 👤 Valid face detected, area: 55932
09-19 02:08:42.637  6986  6986 D JewelryOverlay: 🎯 Processing face for 3D rendering
09-19 02:08:42.638  6986  6986 D JewelryOverlay: 📏 Calculated scale: 0.47300002 (face size: 236.5)
09-19 02:08:42.638  6986  6986 D JewelryOverlay: 🎯 Renderer status: EXISTS
09-19 02:08:42.638  6986  6986 D JewelryOverlay: 🎯 GLView status: EXISTS
09-19 02:08:42.638  6986  6986 D JewelryOverlay: 🎯 Current 3D model: EXISTS
09-19 02:08:42.638  6986  6986 D JewelryOverlay: 🔄 Head rotation: X=1.7314903, Y=1.6696386, Z=9.537482
09-19 02:08:42.638  6986  6986 D JewelryOverlay: 🎯 Face data:
09-19 02:08:42.638  6986  6986 D JewelryOverlay:    - Face scale: 0.47300002
09-19 02:08:42.638  6986  6986 D JewelryOverlay:    - Neck points: (PointF(535.51337, 1669.0138), PointF(535.51337, 1834.0072))
09-19 02:08:42.638  6986  6986 D JewelryOverlay:    - Head rotation: [1.7314903, 1.6696386, 9.537482]
09-19 02:08:42.638  6986  6986 D JewelryOverlay:    - Applied scale: 2.586313
09-19 02:08:42.638  6986  6986 D JewelryOverlay:    - Applied rotation: [4.798828, -2.8344724, 0.0]
09-19 02:08:42.638  6986  6986 D JewelryOverlay: 🎯 Final renderer values:
09-19 02:08:42.638  6986  6986 D JewelryOverlay:    - Scale: 1.2931565
09-19 02:08:42.638  6986  6986 D JewelryOverlay:    - Rotation X: 6.5303183
09-19 02:08:42.638  6986  6986 D JewelryOverlay:    - Rotation Y: -1.1648338
09-19 02:08:42.638  6986  6986 D JewelryOverlay: 🎯 Requesting render...
09-19 02:08:42.638  6986  6986 D JewelryOverlay: 🎯 Render requested successfully
09-19 02:08:42.696  6986  6986 D JewelryOverlay: 👤 Valid face detected, area: 54988
09-19 02:08:42.696  6986  6986 D JewelryOverlay: 🎯 Processing face for 3D rendering
09-19 02:08:42.696  6986  6986 D JewelryOverlay: 📏 Calculated scale: 0.469 (face size: 234.5)
09-19 02:08:42.696  6986  6986 D JewelryOverlay: 🎯 Renderer status: EXISTS
09-19 02:08:42.696  6986  6986 D JewelryOverlay: 🎯 GLView status: EXISTS
09-19 02:08:42.696  6986  6986 D JewelryOverlay: 🎯 Current 3D model: EXISTS
09-19 02:08:42.696  6986  6986 D JewelryOverlay: 🔄 Head rotation: X=1.5073049, Y=1.1763883, Z=8.994063
09-19 02:08:42.696  6986  6986 D JewelryOverlay: 🎯 Face data:
09-19 02:08:42.696  6986  6986 D JewelryOverlay:    - Face scale: 0.469
09-19 02:08:42.696  6986  6986 D JewelryOverlay:    - Neck points: (PointF(529.9841, 1671.5482), PointF(529.9841, 1832.9448))
09-19 02:08:42.697  6986  6986 D JewelryOverlay:    - Head rotation: [1.5073049, 1.1763883, 8.994063]
09-19 02:08:42.697  6986  6986 D JewelryOverlay:    - Applied scale: 2.586313
09-19 02:08:42.697  6986  6986 D JewelryOverlay:    - Applied rotation: [4.798828, -2.8344724, 0.0]
09-19 02:08:42.697  6986  6986 D JewelryOverlay: 🎯 Final renderer values:
09-19 02:08:42.697  6986  6986 D JewelryOverlay:    - Scale: 1.2931565
09-19 02:08:42.697  6986  6986 D JewelryOverlay:    - Rotation X: 6.3061333
09-19 02:08:42.697  6986  6986 D JewelryOverlay:    - Rotation Y: -1.6580842
09-19 02:08:42.697  6986  6986 D JewelryOverlay: 🎯 Requesting render...
09-19 02:08:42.697  6986  6986 D JewelryOverlay: 🎯 Render requested successfully
09-19 02:08:42.748  6986  6986 D JewelryOverlay: 👤 Valid face detected, area: 54289
09-19 02:08:42.748  6986  6986 D JewelryOverlay: 🎯 Processing face for 3D rendering
09-19 02:08:42.748  6986  6986 D JewelryOverlay: 📏 Calculated scale: 0.466 (face size: 233.0)
09-19 02:08:42.749  6986  6986 D JewelryOverlay: 🎯 Renderer status: EXISTS
09-19 02:08:42.749  6986  6986 D JewelryOverlay: 🎯 GLView status: EXISTS
09-19 02:08:42.749  6986  6986 D JewelryOverlay: 🎯 Current 3D model: EXISTS
09-19 02:08:42.749  6986  6986 D JewelryOverlay: 🔄 Head rotation: X=0.88868046, Y=2.305064, Z=9.759786
09-19 02:08:42.749  6986  6986 D JewelryOverlay: 🎯 Face data:
09-19 02:08:42.749  6986  6986 D JewelryOverlay:    - Face scale: 0.466
09-19 02:08:42.749  6986  6986 D JewelryOverlay:    - Neck points: (PointF(551.27527, 1673.6353), PointF(551.27527, 1828.6207))
09-19 02:08:42.749  6986  6986 D JewelryOverlay:    - Head rotation: [0.88868046, 2.305064, 9.759786]
09-19 02:08:42.749  6986  6986 D JewelryOverlay:    - Applied scale: 2.586313
09-19 02:08:42.749  6986  6986 D JewelryOverlay:    - Applied rotation: [4.798828, -2.8344724, 0.0]
09-19 02:08:42.749  6986  6986 D JewelryOverlay: 🎯 Final renderer values:
09-19 02:08:42.749  6986  6986 D JewelryOverlay:    - Scale: 1.2931565
09-19 02:08:42.749  6986  6986 D JewelryOverlay:    - Rotation X: 5.6875086
09-19 02:08:42.749  6986  6986 D JewelryOverlay:    - Rotation Y: -0.52940845
09-19 02:08:42.749  6986  6986 D JewelryOverlay: 🎯 Requesting render...
09-19 02:08:42.749  6986  6986 D JewelryOverlay: 🎯 Render requested successfully
09-19 02:08:42.813  6986  6986 D JewelryOverlay: 👤 Valid face detected, area: 51076
09-19 02:08:42.813  6986  6986 D JewelryOverlay: 🎯 Processing face for 3D rendering
09-19 02:08:42.813  6986  6986 D JewelryOverlay: 📏 Calculated scale: 0.452 (face size: 226.0)
09-19 02:08:42.813  6986  6986 D JewelryOverlay: 🎯 Renderer status: EXISTS
09-19 02:08:42.813  6986  6986 D JewelryOverlay: 🎯 GLView status: EXISTS
09-19 02:08:42.813  6986  6986 D JewelryOverlay: 🎯 Current 3D model: EXISTS
09-19 02:08:42.813  6986  6986 D JewelryOverlay: 🔄 Head rotation: X=1.8709024, Y=2.075103, Z=10.580353
09-19 02:08:42.813  6986  6986 D JewelryOverlay: 🎯 Face data:
09-19 02:08:42.813  6986  6986 D JewelryOverlay:    - Face scale: 0.452
09-19 02:08:42.813  6986  6986 D JewelryOverlay:    - Neck points: (PointF(572.28, 1697.8348), PointF(572.28, 1858.2094))
09-19 02:08:42.813  6986  6986 D JewelryOverlay:    - Head rotation: [1.8709024, 2.075103, 10.580353]
09-19 02:08:42.814  6986  6986 D JewelryOverlay:    - Applied scale: 2.586313
09-19 02:08:42.814  6986  6986 D JewelryOverlay:    - Applied rotation: [4.798828, -2.8344724, 0.0]
09-19 02:08:42.814  6986  6986 D JewelryOverlay: 🎯 Final renderer values:
09-19 02:08:42.814  6986  6986 D JewelryOverlay:    - Scale: 1.2931565
09-19 02:08:42.814  6986  6986 D JewelryOverlay:    - Rotation X: 6.6697307
09-19 02:08:42.814  6986  6986 D JewelryOverlay:    - Rotation Y: -0.7593694
09-19 02:08:42.814  6986  6986 D JewelryOverlay: 🎯 Requesting render...
09-19 02:08:42.814  6986  6986 D JewelryOverlay: 🎯 Render requested successfully
09-19 02:08:42.876  6986  6986 D JewelryOverlay: 👤 Valid face detected, area: 54056
09-19 02:08:42.876  6986  6986 D JewelryOverlay: 🎯 Processing face for 3D rendering
09-19 02:08:42.876  6986  6986 D JewelryOverlay: 📏 Calculated scale: 0.465 (face size: 232.5)
09-19 02:08:42.876  6986  6986 D JewelryOverlay: 🎯 Renderer status: EXISTS
09-19 02:08:42.876  6986  6986 D JewelryOverlay: 🎯 GLView status: EXISTS
09-19 02:08:42.876  6986  6986 D JewelryOverlay: 🎯 Current 3D model: EXISTS
09-19 02:08:42.876  6986  6986 D JewelryOverlay: 🔄 Head rotation: X=2.120227, Y=1.4247055, Z=10.046068
09-19 02:08:42.876  6986  6986 D JewelryOverlay: 🎯 Face data:
09-19 02:08:42.876  6986  6986 D JewelryOverlay:    - Face scale: 0.465
09-19 02:08:42.876  6986  6986 D JewelryOverlay:    - Neck points: (PointF(583.1002, 1713.9083), PointF(583.1002, 1875.5431))
09-19 02:08:42.876  6986  6986 D JewelryOverlay:    - Head rotation: [2.120227, 1.4247055, 10.046068]
09-19 02:08:42.876  6986  6986 D JewelryOverlay:    - Applied scale: 2.586313
09-19 02:08:42.876  6986  6986 D JewelryOverlay:    - Applied rotation: [4.798828, -2.8344724, 0.0]
09-19 02:08:42.876  6986  6986 D JewelryOverlay: 🎯 Final renderer values:
09-19 02:08:42.876  6986  6986 D JewelryOverlay:    - Scale: 1.2931565
09-19 02:08:42.876  6986  6986 D JewelryOverlay:    - Rotation X: 6.919055
09-19 02:08:42.876  6986  6986 D JewelryOverlay:    - Rotation Y: -1.4097669
09-19 02:08:42.876  6986  6986 D JewelryOverlay: 🎯 Requesting render...
09-19 02:08:42.876  6986  6986 D JewelryOverlay: 🎯 Render requested successfully
09-19 02:08:42.936  6986  6986 D JewelryOverlay: 👤 Valid face detected, area: 54056
09-19 02:08:42.936  6986  6986 D JewelryOverlay: 🎯 Processing face for 3D rendering
09-19 02:08:42.936  6986  6986 D JewelryOverlay: 📏 Calculated scale: 0.465 (face size: 232.5)
09-19 02:08:42.936  6986  6986 D JewelryOverlay: 🎯 Renderer status: EXISTS
09-19 02:08:42.936  6986  6986 D JewelryOverlay: 🎯 GLView status: EXISTS
09-19 02:08:42.936  6986  6986 D JewelryOverlay: 🎯 Current 3D model: EXISTS
09-19 02:08:42.936  6986  6986 D JewelryOverlay: 🔄 Head rotation: X=0.67578894, Y=1.5793829, Z=9.986706
09-19 02:08:42.936  6986  6986 D JewelryOverlay: 🎯 Face data:
09-19 02:08:42.936  6986  6986 D JewelryOverlay:    - Face scale: 0.465
09-19 02:08:42.936  6986  6986 D JewelryOverlay:    - Neck points: (PointF(581.8023, 1708.3141), PointF(581.8023, 1870.6564))
09-19 02:08:42.936  6986  6986 D JewelryOverlay:    - Head rotation: [0.67578894, 1.5793829, 9.986706]
09-19 02:08:42.936  6986  6986 D JewelryOverlay:    - Applied scale: 2.586313
09-19 02:08:42.936  6986  6986 D JewelryOverlay:    - Applied rotation: [4.798828, -2.8344724, 0.0]
09-19 02:08:42.936  6986  6986 D JewelryOverlay: 🎯 Final renderer values:
09-19 02:08:42.936  6986  6986 D JewelryOverlay:    - Scale: 1.2931565
09-19 02:08:42.936  6986  6986 D JewelryOverlay:    - Rotation X: 5.474617
09-19 02:08:42.936  6986  6986 D JewelryOverlay:    - Rotation Y: -1.2550895
09-19 02:08:42.936  6986  6986 D JewelryOverlay: 🎯 Requesting render...
09-19 02:08:42.936  6986  6986 D JewelryOverlay: 🎯 Render requested successfully
09-19 02:08:43.007  6986  6986 D JewelryOverlay: 👤 Valid face detected, area: 54056
09-19 02:08:43.007  6986  6986 D JewelryOverlay: 🎯 Processing face for 3D rendering
09-19 02:08:43.007  6986  6986 D JewelryOverlay: 📏 Calculated scale: 0.465 (face size: 232.5)
09-19 02:08:43.007  6986  6986 D JewelryOverlay: 🎯 Renderer status: EXISTS
09-19 02:08:43.007  6986  6986 D JewelryOverlay: 🎯 GLView status: EXISTS
09-19 02:08:43.007  6986  6986 D JewelryOverlay: 🎯 Current 3D model: EXISTS
09-19 02:08:43.007  6986  6986 D JewelryOverlay: 🔄 Head rotation: X=0.8963622, Y=1.9366051, Z=9.913171
09-19 02:08:43.007  6986  6986 D JewelryOverlay: 🎯 Face data:
09-19 02:08:43.007  6986  6986 D JewelryOverlay:    - Face scale: 0.465
09-19 02:08:43.007  6986  6986 D JewelryOverlay:    - Neck points: (PointF(575.26794, 1703.377), PointF(575.26794, 1867.0875))
09-19 02:08:43.007  6986  6986 D JewelryOverlay:    - Head rotation: [0.8963622, 1.9366051, 9.913171]
09-19 02:08:43.007  6986  6986 D JewelryOverlay:    - Applied scale: 2.586313
09-19 02:08:43.007  6986  6986 D JewelryOverlay:    - Applied rotation: [4.798828, -2.8344724, 0.0]
09-19 02:08:43.007  6986  6986 D JewelryOverlay: 🎯 Final renderer values:
09-19 02:08:43.007  6986  6986 D JewelryOverlay:    - Scale: 1.2931565
09-19 02:08:43.007  6986  6986 D JewelryOverlay:    - Rotation X: 5.6951904
09-19 02:08:43.007  6986  6986 D JewelryOverlay:    - Rotation Y: -0.8978673
09-19 02:08:43.007  6986  6986 D JewelryOverlay: 🎯 Requesting render...
09-19 02:08:43.007  6986  6986 D JewelryOverlay: 🎯 Render requested successfully
09-19 02:08:43.053  6986  6986 D JewelryOverlay: 👤 Valid face detected, area: 52441
09-19 02:08:43.053  6986  6986 D JewelryOverlay: 🎯 Processing face for 3D rendering
09-19 02:08:43.053  6986  6986 D JewelryOverlay: 📏 Calculated scale: 0.458 (face size: 229.0)
09-19 02:08:43.053  6986  6986 D JewelryOverlay: 🎯 Renderer status: EXISTS
09-19 02:08:43.053  6986  6986 D JewelryOverlay: 🎯 GLView status: EXISTS
09-19 02:08:43.053  6986  6986 D JewelryOverlay: 🎯 Current 3D model: EXISTS
09-19 02:08:43.053  6986  6986 D JewelryOverlay: 🔄 Head rotation: X=0.035424605, Y=2.0189073, Z=9.640579
09-19 02:08:43.053  6986  6986 D JewelryOverlay: 🎯 Face data:
09-19 02:08:43.053  6986  6986 D JewelryOverlay:    - Face scale: 0.458
09-19 02:08:43.053  6986  6986 D JewelryOverlay:    - Neck points: (PointF(555.42224, 1703.8312), PointF(555.42224, 1870.4366))
09-19 02:08:43.053  6986  6986 D JewelryOverlay:    - Head rotation: [0.035424605, 2.0189073, 9.640579]
09-19 02:08:43.053  6986  6986 D JewelryOverlay:    - Applied scale: 2.586313
09-19 02:08:43.053  6986  6986 D JewelryOverlay:    - Applied rotation: [4.798828, -2.8344724, 0.0]
09-19 02:08:43.053  6986  6986 D JewelryOverlay: 🎯 Final renderer values:
09-19 02:08:43.053  6986  6986 D JewelryOverlay:    - Scale: 1.2931565
09-19 02:08:43.053  6986  6986 D JewelryOverlay:    - Rotation X: 4.834253
09-19 02:08:43.053  6986  6986 D JewelryOverlay:    - Rotation Y: -0.8155651
09-19 02:08:43.053  6986  6986 D JewelryOverlay: 🎯 Requesting render...
09-19 02:08:43.053  6986  6986 D JewelryOverlay: 🎯 Render requested successfully
09-19 02:08:43.112  6986  6986 D JewelryOverlay: 👤 Valid face detected, area: 53357
09-19 02:08:43.112  6986  6986 D JewelryOverlay: 🎯 Processing face for 3D rendering
09-19 02:08:43.112  6986  6986 D JewelryOverlay: 📏 Calculated scale: 0.46199998 (face size: 231.0)
09-19 02:08:43.112  6986  6986 D JewelryOverlay: 🎯 Renderer status: EXISTS
09-19 02:08:43.112  6986  6986 D JewelryOverlay: 🎯 GLView status: EXISTS
09-19 02:08:43.112  6986  6986 D JewelryOverlay: 🎯 Current 3D model: EXISTS
09-19 02:08:43.112  6986  6986 D JewelryOverlay: 🔄 Head rotation: X=0.15746476, Y=1.8339438, Z=9.374153
09-19 02:08:43.112  6986  6986 D JewelryOverlay: 🎯 Face data:
09-19 02:08:43.112  6986  6986 D JewelryOverlay:    - Face scale: 0.46199998
09-19 02:08:43.112  6986  6986 D JewelryOverlay:    - Neck points: (PointF(537.70294, 1686.4838), PointF(537.70294, 1849.7506))
09-19 02:08:43.112  6986  6986 D JewelryOverlay:    - Head rotation: [0.15746476, 1.8339438, 9.374153]
09-19 02:08:43.112  6986  6986 D JewelryOverlay:    - Applied scale: 2.586313
09-19 02:08:43.112  6986  6986 D JewelryOverlay:    - Applied rotation: [4.798828, -2.8344724, 0.0]
09-19 02:08:43.112  6986  6986 D JewelryOverlay: 🎯 Final renderer values:
09-19 02:08:43.112  6986  6986 D JewelryOverlay:    - Scale: 1.2931565
09-19 02:08:43.112  6986  6986 D JewelryOverlay:    - Rotation X: 4.956293
09-19 02:08:43.112  6986  6986 D JewelryOverlay:    - Rotation Y: -1.0005286
09-19 02:08:43.112  6986  6986 D JewelryOverlay: 🎯 Requesting render...
09-19 02:08:43.113  6986  6986 D JewelryOverlay: 🎯 Render requested successfully
09-19 02:08:43.173  6986  6986 D JewelryOverlay: 👤 Valid face detected, area: 55932
09-19 02:08:43.173  6986  6986 D JewelryOverlay: 🎯 Processing face for 3D rendering
09-19 02:08:43.173  6986  6986 D JewelryOverlay: 📏 Calculated scale: 0.47300002 (face size: 236.5)
09-19 02:08:43.173  6986  6986 D JewelryOverlay: 🎯 Renderer status: EXISTS
09-19 02:08:43.173  6986  6986 D JewelryOverlay: 🎯 GLView status: EXISTS
09-19 02:08:43.173  6986  6986 D JewelryOverlay: 🎯 Current 3D model: EXISTS
09-19 02:08:43.173  6986  6986 D JewelryOverlay: 🔄 Head rotation: X=0.7398381, Y=1.2608188, Z=8.950194
09-19 02:08:43.173  6986  6986 D JewelryOverlay: 🎯 Face data:
09-19 02:08:43.173  6986  6986 D JewelryOverlay:    - Face scale: 0.47300002
09-19 02:08:43.173  6986  6986 D JewelryOverlay:    - Neck points: (PointF(531.1836, 1681.3356), PointF(531.1836, 1846.3851))
09-19 02:08:43.173  6986  6986 D JewelryOverlay:    - Head rotation: [0.7398381, 1.2608188, 8.950194]
09-19 02:08:43.173  6986  6986 D JewelryOverlay:    - Applied scale: 2.586313
09-19 02:08:43.173  6986  6986 D JewelryOverlay:    - Applied rotation: [4.798828, -2.8344724, 0.0]
09-19 02:08:43.173  6986  6986 D JewelryOverlay: 🎯 Final renderer values:
09-19 02:08:43.173  6986  6986 D JewelryOverlay:    - Scale: 1.2931565
09-19 02:08:43.173  6986  6986 D JewelryOverlay:    - Rotation X: 5.5386662
09-19 02:08:43.173  6986  6986 D JewelryOverlay:    - Rotation Y: -1.5736536
09-19 02:08:43.173  6986  6986 D JewelryOverlay: 🎯 Requesting render...
09-19 02:08:43.173  6986  6986 D JewelryOverlay: 🎯 Render requested successfully
09-19 02:08:43.232  6986  6986 D JewelryOverlay: 👤 Valid face detected, area: 56169
09-19 02:08:43.232  6986  6986 D JewelryOverlay: 🎯 Processing face for 3D rendering
09-19 02:08:43.233  6986  6986 D JewelryOverlay: 📏 Calculated scale: 0.47399998 (face size: 237.0)
09-19 02:08:43.233  6986  6986 D JewelryOverlay: 🎯 Renderer status: EXISTS
09-19 02:08:43.233  6986  6986 D JewelryOverlay: 🎯 GLView status: EXISTS
09-19 02:08:43.233  6986  6986 D JewelryOverlay: 🎯 Current 3D model: EXISTS
09-19 02:08:43.233  6986  6986 D JewelryOverlay: 🔄 Head rotation: X=0.008645828, Y=1.3654577, Z=8.697777
09-19 02:08:43.233  6986  6986 D JewelryOverlay: 🎯 Face data:
09-19 02:08:43.233  6986  6986 D JewelryOverlay:    - Face scale: 0.47399998
09-19 02:08:43.233  6986  6986 D JewelryOverlay:    - Neck points: (PointF(523.4821, 1688.0048), PointF(523.4821, 1853.0062))
09-19 02:08:43.233  6986  6986 D JewelryOverlay:    - Head rotation: [0.008645828, 1.3654577, 8.697777]
09-19 02:08:43.233  6986  6986 D JewelryOverlay:    - Applied scale: 2.586313
09-19 02:08:43.233  6986  6986 D JewelryOverlay:    - Applied rotation: [4.798828, -2.8344724, 0.0]
09-19 02:08:43.233  6986  6986 D JewelryOverlay: 🎯 Final renderer values:
09-19 02:08:43.233  6986  6986 D JewelryOverlay:    - Scale: 1.2931565
09-19 02:08:43.233  6986  6986 D JewelryOverlay:    - Rotation X: 4.807474
09-19 02:08:43.233  6986  6986 D JewelryOverlay:    - Rotation Y: -1.4690148
09-19 02:08:43.233  6986  6986 D JewelryOverlay: 🎯 Requesting render...
09-19 02:08:43.233  6986  6986 D JewelryOverlay: 🎯 Render requested successfully
09-19 02:08:43.295  6986  6986 D JewelryOverlay: 👤 Valid face detected, area: 54289
09-19 02:08:43.295  6986  6986 D JewelryOverlay: 🎯 Processing face for 3D rendering
09-19 02:08:43.295  6986  6986 D JewelryOverlay: 📏 Calculated scale: 0.466 (face size: 233.0)
09-19 02:08:43.295  6986  6986 D JewelryOverlay: 🎯 Renderer status: EXISTS
09-19 02:08:43.295  6986  6986 D JewelryOverlay: 🎯 GLView status: EXISTS
09-19 02:08:43.295  6986  6986 D JewelryOverlay: 🎯 Current 3D model: EXISTS
09-19 02:08:43.295  6986  6986 D JewelryOverlay: 🔄 Head rotation: X=0.6407885, Y=1.7714741, Z=8.849482
09-19 02:08:43.295  6986  6986 D JewelryOverlay: 🎯 Face data:
09-19 02:08:43.295  6986  6986 D JewelryOverlay:    - Face scale: 0.466
09-19 02:08:43.295  6986  6986 D JewelryOverlay:    - Neck points: (PointF(527.2704, 1687.2183), PointF(527.2704, 1851.7834))
09-19 02:08:43.295  6986  6986 D JewelryOverlay:    - Head rotation: [0.6407885, 1.7714741, 8.849482]
09-19 02:08:43.295  6986  6986 D JewelryOverlay:    - Applied scale: 2.586313
09-19 02:08:43.296  6986  6986 D JewelryOverlay:    - Applied rotation: [4.798828, -2.8344724, 0.0]
09-19 02:08:43.296  6986  6986 D JewelryOverlay: 🎯 Final renderer values:
09-19 02:08:43.296  6986  6986 D JewelryOverlay:    - Scale: 1.2931565
09-19 02:08:43.296  6986  6986 D JewelryOverlay:    - Rotation X: 5.4396167
09-19 02:08:43.296  6986  6986 D JewelryOverlay:    - Rotation Y: -1.0629983
09-19 02:08:43.296  6986  6986 D JewelryOverlay: 🎯 Requesting render...
09-19 02:08:43.296  6986  6986 D JewelryOverlay: 🎯 Render requested successfully
09-19 02:08:43.364  6986  6986 D JewelryOverlay: 👤 Valid face detected, area: 55221
09-19 02:08:43.364  6986  6986 D JewelryOverlay: 🎯 Processing face for 3D rendering
09-19 02:08:43.364  6986  6986 D JewelryOverlay: 📏 Calculated scale: 0.47 (face size: 235.0)
09-19 02:08:43.364  6986  6986 D JewelryOverlay: 🎯 Renderer status: EXISTS
09-19 02:08:43.364  6986  6986 D JewelryOverlay: 🎯 GLView status: EXISTS
09-19 02:08:43.364  6986  6986 D JewelryOverlay: 🎯 Current 3D model: EXISTS
09-19 02:08:43.364  6986  6986 D JewelryOverlay: 🔄 Head rotation: X=1.1999894, Y=2.128046, Z=8.980567
09-19 02:08:43.364  6986  6986 D JewelryOverlay: 🎯 Face data:
09-19 02:08:43.364  6986  6986 D JewelryOverlay:    - Face scale: 0.47
09-19 02:08:43.364  6986  6986 D JewelryOverlay:    - Neck points: (PointF(527.9769, 1683.0803), PointF(527.9769, 1844.9843))
09-19 02:08:43.364  6986  6986 D JewelryOverlay:    - Head rotation: [1.1999894, 2.128046, 8.980567]
09-19 02:08:43.364  6986  6986 D JewelryOverlay:    - Applied scale: 2.586313
09-19 02:08:43.364  6986  6986 D JewelryOverlay:    - Applied rotation: [4.798828, -2.8344724, 0.0]
09-19 02:08:43.364  6986  6986 D JewelryOverlay: 🎯 Final renderer values:
09-19 02:08:43.364  6986  6986 D JewelryOverlay:    - Scale: 1.2931565
09-19 02:08:43.364  6986  6986 D JewelryOverlay:    - Rotation X: 5.9988174
09-19 02:08:43.364  6986  6986 D JewelryOverlay:    - Rotation Y: -0.7064264
09-19 02:08:43.364  6986  6986 D JewelryOverlay: 🎯 Requesting render...
09-19 02:08:43.364  6986  6986 D JewelryOverlay: 🎯 Render requested successfully
09-19 02:08:43.615  6986  6986 D JewelryOverlay: 👤 Valid face detected, area: 53357
09-19 02:08:43.615  6986  6986 D JewelryOverlay: 🎯 Processing face for 3D rendering
09-19 02:08:43.615  6986  6986 D JewelryOverlay: 📏 Calculated scale: 0.46199998 (face size: 231.0)
09-19 02:08:43.615  6986  6986 D JewelryOverlay: 🎯 Renderer status: EXISTS
09-19 02:08:43.615  6986  6986 D JewelryOverlay: 🎯 GLView status: EXISTS
09-19 02:08:43.615  6986  6986 D JewelryOverlay: 🎯 Current 3D model: EXISTS
09-19 02:08:43.615  6986  6986 D JewelryOverlay: 🔄 Head rotation: X=0.9675058, Y=1.0187156, Z=8.602579
09-19 02:08:43.615  6986  6986 D JewelryOverlay: 🎯 Face data:
09-19 02:08:43.615  6986  6986 D JewelryOverlay:    - Face scale: 0.46199998
09-19 02:08:43.615  6986  6986 D JewelryOverlay:    - Neck points: (PointF(528.4916, 1689.8635), PointF(528.4916, 1853.2839))
09-19 02:08:43.615  6986  6986 D JewelryOverlay:    - Head rotation: [0.9675058, 1.0187156, 8.602579]
09-19 02:08:43.615  6986  6986 D JewelryOverlay:    - Applied scale: 2.586313
09-19 02:08:43.615  6986  6986 D JewelryOverlay:    - Applied rotation: [4.798828, -2.8344724, 0.0]
09-19 02:08:43.616  6986  6986 D JewelryOverlay: 🎯 Final renderer values:
09-19 02:08:43.616  6986  6986 D JewelryOverlay:    - Scale: 1.2931565
09-19 02:08:43.616  6986  6986 D JewelryOverlay:    - Rotation X: 5.766334
09-19 02:08:43.616  6986  6986 D JewelryOverlay:    - Rotation Y: -1.8157568
09-19 02:08:43.616  6986  6986 D JewelryOverlay: 🎯 Requesting render...
09-19 02:08:43.616  6986  6986 D JewelryOverlay: 🎯 Render requested successfully
09-19 02:08:43.820  6986  6986 D JewelryOverlay: 👤 Valid face detected, area: 55221
09-19 02:08:43.820  6986  6986 D JewelryOverlay: 🎯 Processing face for 3D rendering
09-19 02:08:43.820  6986  6986 D JewelryOverlay: 📏 Calculated scale: 0.47 (face size: 235.0)
09-19 02:08:43.820  6986  6986 D JewelryOverlay: 🎯 Renderer status: EXISTS
09-19 02:08:43.821  6986  6986 D JewelryOverlay: 🎯 GLView status: EXISTS
09-19 02:08:43.821  6986  6986 D JewelryOverlay: 🎯 Current 3D model: EXISTS
09-19 02:08:43.821  6986  6986 D JewelryOverlay: 🔄 Head rotation: X=0.7603638, Y=1.7866616, Z=8.3138075
09-19 02:08:43.821  6986  6986 D JewelryOverlay: 🎯 Face data:
09-19 02:08:43.821  6986  6986 D JewelryOverlay:    - Face scale: 0.47
09-19 02:08:43.821  6986  6986 D JewelryOverlay:    - Neck points: (PointF(530.636, 1691.0555), PointF(530.636, 1854.5806))
09-19 02:08:43.821  6986  6986 D JewelryOverlay:    - Head rotation: [0.7603638, 1.7866616, 8.3138075]
09-19 02:08:43.821  6986  6986 D JewelryOverlay:    - Applied scale: 2.586313
09-19 02:08:43.821  6986  6986 D JewelryOverlay:    - Applied rotation: [4.798828, -2.8344724, 0.0]
09-19 02:08:43.821  6986  6986 D JewelryOverlay: 🎯 Final renderer values:
09-19 02:08:43.821  6986  6986 D JewelryOverlay:    - Scale: 1.2931565
09-19 02:08:43.821  6986  6986 D JewelryOverlay:    - Rotation X: 5.5591917
09-19 02:08:43.821  6986  6986 D JewelryOverlay:    - Rotation Y: -1.0478108
09-19 02:08:43.821  6986  6986 D JewelryOverlay: 🎯 Requesting render...
09-19 02:08:43.821  6986  6986 D JewelryOverlay: 🎯 Render requested successfully
09-19 02:08:45.020  6986  7735 D ModelRenderer: onSurfaceCreated
09-19 02:08:45.020  6986  7735 D ModelRenderer: Setting up buffers...
09-19 02:08:45.020  6986  7735 D ModelRenderer: Vertex buffer created with capacity: 39
09-19 02:08:45.020  6986  7735 D ModelRenderer: Normal buffer created with capacity: 39
09-19 02:08:45.020  6986  7735 D ModelRenderer: Index buffer created with capacity: 33
09-19 02:08:45.020  6986  7735 D ModelRenderer: Buffers setup complete.
09-19 02:08:45.020  6986  7735 D ModelRenderer: Setting up shaders...
09-19 02:08:45.028  6986  7735 D ModelRenderer: Shader setup complete. Program ID: 3
09-19 02:08:45.028  6986  7735 D ModelRenderer: onSurfaceChanged: 1080x2340
09-19 02:08:45.028  6986  7735 D ModelRenderer: 🎨 Drawing frame - Vertices: 13, Indices: 33
09-19 02:08:45.035  6986  7735 D ModelRenderer:    - Transform: Scale=1.29, RotX=5.6, RotY=-1.0
09-19 02:08:45.035  6986  7735 D ModelRenderer:    - Position: X=0.00, Y=0.00
09-19 02:08:45.041  6986  7735 D ModelRenderer:    - Drawing 11 triangles...
09-19 02:08:45.043  6986  7735 D ModelRenderer:    - Draw call completed successfully.
09-19 02:08:45.045  6986  7735 D ModelRenderer: 🎨 Drawing frame - Vertices: 13, Indices: 33
09-19 02:08:45.045  6986  7735 D ModelRenderer:    - Transform: Scale=1.29, RotX=5.6, RotY=-1.0
09-19 02:08:45.046  6986  7735 D ModelRenderer:    - Position: X=0.00, Y=0.00
09-19 02:08:45.059  6986  7735 D ModelRenderer:    - Drawing 11 triangles...
09-19 02:08:45.060  6986  7735 D ModelRenderer:    - Draw call completed successfully.
09-19 02:08:45.601  6986  6986 D JewelryOverlay: 👤 Valid face detected, area: 56880
09-19 02:08:45.601  6986  6986 D JewelryOverlay: 🎯 Processing face for 3D rendering
09-19 02:08:45.601  6986  6986 D JewelryOverlay: 📏 Calculated scale: 0.477 (face size: 238.5)
09-19 02:08:45.601  6986  6986 D JewelryOverlay: 🎯 Renderer status: EXISTS
09-19 02:08:45.601  6986  6986 D JewelryOverlay: 🎯 GLView status: EXISTS
09-19 02:08:45.601  6986  6986 D JewelryOverlay: 🎯 Current 3D model: EXISTS
09-19 02:08:45.601  6986  6986 D JewelryOverlay: 🔄 Head rotation: X=0.9768882, Y=1.7518471, Z=8.826764
09-19 02:08:45.601  6986  6986 D JewelryOverlay: 🎯 Face data:
09-19 02:08:45.601  6986  6986 D JewelryOverlay:    - Face scale: 0.477
09-19 02:08:45.601  6986  6986 D JewelryOverlay:    - Neck points: (PointF(551.59656, 1670.2168), PointF(551.59656, 1833.1187))
09-19 02:08:45.601  6986  6986 D JewelryOverlay:    - Head rotation: [0.9768882, 1.7518471, 8.826764]
09-19 02:08:45.601  6986  6986 D JewelryOverlay:    - Applied scale: 2.586313
09-19 02:08:45.601  6986  6986 D JewelryOverlay:    - Applied rotation: [4.798828, -2.8344724, 0.0]
09-19 02:08:45.601  6986  6986 D JewelryOverlay: 🎯 Final renderer values:
09-19 02:08:45.601  6986  6986 D JewelryOverlay:    - Scale: 1.2931565
09-19 02:08:45.601  6986  6986 D JewelryOverlay:    - Rotation X: 5.7757163
09-19 02:08:45.601  6986  6986 D JewelryOverlay:    - Rotation Y: -1.0826253
09-19 02:08:45.601  6986  6986 D JewelryOverlay: 🎯 Requesting render...
09-19 02:08:45.601  6986  6986 D JewelryOverlay: 🎯 Render requested successfully
09-19 02:08:45.601  6986  7735 D ModelRenderer: 🎨 Drawing frame - Vertices: 13, Indices: 33
09-19 02:08:45.601  6986  7735 D ModelRenderer:    - Transform: Scale=1.29, RotX=5.8, RotY=-1.1
09-19 02:08:45.601  6986  7735 D ModelRenderer:    - Position: X=0.00, Y=0.00
09-19 02:08:45.602  6986  7735 D ModelRenderer:    - Drawing 11 triangles...
09-19 02:08:45.602  6986  7735 D ModelRenderer:    - Draw call completed successfully.
09-19 02:08:45.719  6986  6986 D JewelryOverlay: 👤 Valid face detected, area: 56880
09-19 02:08:45.719  6986  6986 D JewelryOverlay: 🎯 Processing face for 3D rendering
09-19 02:08:45.719  6986  6986 D JewelryOverlay: 📏 Calculated scale: 0.477 (face size: 238.5)
09-19 02:08:45.719  6986  6986 D JewelryOverlay: 🎯 Renderer status: EXISTS
09-19 02:08:45.719  6986  6986 D JewelryOverlay: 🎯 GLView status: EXISTS
09-19 02:08:45.719  6986  6986 D JewelryOverlay: 🎯 Current 3D model: EXISTS
09-19 02:08:45.719  6986  6986 D JewelryOverlay: 🔄 Head rotation: X=-0.46093446, Y=2.2352111, Z=8.112045
09-19 02:08:45.719  6986  6986 D JewelryOverlay: 🎯 Face data:
09-19 02:08:45.719  6986  6986 D JewelryOverlay:    - Face scale: 0.477
09-19 02:08:45.719  6986  6986 D JewelryOverlay:    - Neck points: (PointF(551.46356, 1678.436), PointF(551.46356, 1845.4006))
09-19 02:08:45.719  6986  6986 D JewelryOverlay:    - Head rotation: [-0.46093446, 2.2352111, 8.112045]
09-19 02:08:45.719  6986  6986 D JewelryOverlay:    - Applied scale: 2.586313
09-19 02:08:45.719  6986  6986 D JewelryOverlay:    - Applied rotation: [4.798828, -2.8344724, 0.0]
09-19 02:08:45.719  6986  6986 D JewelryOverlay: 🎯 Final renderer values:
09-19 02:08:45.719  6986  6986 D JewelryOverlay:    - Scale: 1.2931565
09-19 02:08:45.719  6986  6986 D JewelryOverlay:    - Rotation X: 4.3378935
09-19 02:08:45.719  6986  6986 D JewelryOverlay:    - Rotation Y: -0.5992613
09-19 02:08:45.719  6986  6986 D JewelryOverlay: 🎯 Requesting render...
09-19 02:08:45.719  6986  6986 D JewelryOverlay: 🎯 Render requested successfully
09-19 02:08:45.719  6986  7735 D ModelRenderer: 🎨 Drawing frame - Vertices: 13, Indices: 33
09-19 02:08:45.719  6986  7735 D ModelRenderer:    - Transform: Scale=1.29, RotX=4.3, RotY=-0.6
09-19 02:08:45.719  6986  7735 D ModelRenderer:    - Position: X=0.00, Y=0.00
09-19 02:08:45.719  6986  7735 D ModelRenderer:    - Drawing 11 triangles...
09-19 02:08:45.720  6986  7735 D ModelRenderer:    - Draw call completed successfully.
09-19 02:08:45.780  6986  6986 D JewelryOverlay: 👤 Valid face detected, area: 55932
09-19 02:08:45.780  6986  6986 D JewelryOverlay: 🎯 Processing face for 3D rendering
09-19 02:08:45.780  6986  6986 D JewelryOverlay: 📏 Calculated scale: 0.47300002 (face size: 236.5)
09-19 02:08:45.780  6986  6986 D JewelryOverlay: 🎯 Renderer status: EXISTS
09-19 02:08:45.780  6986  6986 D JewelryOverlay: 🎯 GLView status: EXISTS
09-19 02:08:45.780  6986  6986 D JewelryOverlay: 🎯 Current 3D model: EXISTS
09-19 02:08:45.780  6986  6986 D JewelryOverlay: 🔄 Head rotation: X=0.27724016, Y=2.8180056, Z=7.7525444
09-19 02:08:45.780  6986  6986 D JewelryOverlay: 🎯 Face data:
09-19 02:08:45.780  6986  6986 D JewelryOverlay:    - Face scale: 0.47300002
09-19 02:08:45.780  6986  6986 D JewelryOverlay:    - Neck points: (PointF(549.3107, 1677.2218), PointF(549.3107, 1841.7279))
09-19 02:08:45.780  6986  6986 D JewelryOverlay:    - Head rotation: [0.27724016, 2.8180056, 7.7525444]
09-19 02:08:45.780  6986  6986 D JewelryOverlay:    - Applied scale: 2.586313
09-19 02:08:45.780  6986  6986 D JewelryOverlay:    - Applied rotation: [4.798828, -2.8344724, 0.0]
09-19 02:08:45.780  6986  6986 D JewelryOverlay: 🎯 Final renderer values:
09-19 02:08:45.780  6986  6986 D JewelryOverlay:    - Scale: 1.2931565
09-19 02:08:45.780  6986  6986 D JewelryOverlay:    - Rotation X: 5.0760684
09-19 02:08:45.780  6986  6986 D JewelryOverlay:    - Rotation Y: -0.016466856
09-19 02:08:45.780  6986  6986 D JewelryOverlay: 🎯 Requesting render...
09-19 02:08:45.780  6986  6986 D JewelryOverlay: 🎯 Render requested successfully
09-19 02:08:45.780  6986  7735 D ModelRenderer: 🎨 Drawing frame - Vertices: 13, Indices: 33
09-19 02:08:45.780  6986  7735 D ModelRenderer:    - Transform: Scale=1.29, RotX=5.1, RotY=-0.0
09-19 02:08:45.780  6986  7735 D ModelRenderer:    - Position: X=0.00, Y=0.00
09-19 02:08:45.780  6986  7735 D ModelRenderer:    - Drawing 11 triangles...
09-19 02:08:45.781  6986  7735 D ModelRenderer:    - Draw call completed successfully.
09-19 02:08:45.840  6986  6986 D JewelryOverlay: 👤 Valid face detected, area: 54289
09-19 02:08:45.840  6986  6986 D JewelryOverlay: 🎯 Processing face for 3D rendering
09-19 02:08:45.840  6986  6986 D JewelryOverlay: 📏 Calculated scale: 0.466 (face size: 233.0)
09-19 02:08:45.840  6986  6986 D JewelryOverlay: 🎯 Renderer status: EXISTS
09-19 02:08:45.840  6986  6986 D JewelryOverlay: 🎯 GLView status: EXISTS
09-19 02:08:45.840  6986  6986 D JewelryOverlay: 🎯 Current 3D model: EXISTS
09-19 02:08:45.840  6986  6986 D JewelryOverlay: 🔄 Head rotation: X=0.7759355, Y=2.4614944, Z=7.982202
09-19 02:08:45.840  6986  6986 D JewelryOverlay: 🎯 Face data:
09-19 02:08:45.840  6986  6986 D JewelryOverlay:    - Face scale: 0.466
09-19 02:08:45.840  6986  6986 D JewelryOverlay:    - Neck points: (PointF(547.4008, 1678.0273), PointF(547.4008, 1843.5798))
09-19 02:08:45.840  6986  6986 D JewelryOverlay:    - Head rotation: [0.7759355, 2.4614944, 7.982202]
09-19 02:08:45.840  6986  6986 D JewelryOverlay:    - Applied scale: 2.586313
09-19 02:08:45.840  6986  6986 D JewelryOverlay:    - Applied rotation: [4.798828, -2.8344724, 0.0]
09-19 02:08:45.840  6986  6986 D JewelryOverlay: 🎯 Final renderer values:
09-19 02:08:45.841  6986  6986 D JewelryOverlay:    - Scale: 1.2931565
09-19 02:08:45.841  6986  6986 D JewelryOverlay:    - Rotation X: 5.574764
09-19 02:08:45.841  6986  6986 D JewelryOverlay:    - Rotation Y: -0.37297797
09-19 02:08:45.841  6986  6986 D JewelryOverlay: 🎯 Requesting render...
09-19 02:08:45.841  6986  6986 D JewelryOverlay: 🎯 Render requested successfully
09-19 02:08:45.841  6986  7735 D ModelRenderer: 🎨 Drawing frame - Vertices: 13, Indices: 33
09-19 02:08:45.841  6986  7735 D ModelRenderer:    - Transform: Scale=1.29, RotX=5.6, RotY=-0.4
09-19 02:08:45.841  6986  7735 D ModelRenderer:    - Position: X=0.00, Y=0.00
09-19 02:08:45.841  6986  7735 D ModelRenderer:    - Drawing 11 triangles...
09-19 02:08:45.841  6986  7735 D ModelRenderer:    - Draw call completed successfully.
09-19 02:08:45.899  6986  6986 D JewelryOverlay: 👤 Valid face detected, area: 55696
09-19 02:08:45.899  6986  6986 D JewelryOverlay: 🎯 Processing face for 3D rendering
09-19 02:08:45.899  6986  6986 D JewelryOverlay: 📏 Calculated scale: 0.47199997 (face size: 236.0)
09-19 02:08:45.899  6986  6986 D JewelryOverlay: 🎯 Renderer status: EXISTS
09-19 02:08:45.899  6986  6986 D JewelryOverlay: 🎯 GLView status: EXISTS
09-19 02:08:45.899  6986  6986 D JewelryOverlay: 🎯 Current 3D model: EXISTS
09-19 02:08:45.899  6986  6986 D JewelryOverlay: 🔄 Head rotation: X=0.332021, Y=2.2836313, Z=8.690404
09-19 02:08:45.899  6986  6986 D JewelryOverlay: 🎯 Face data:
09-19 02:08:45.899  6986  6986 D JewelryOverlay:    - Face scale: 0.47199997
09-19 02:08:45.899  6986  6986 D JewelryOverlay:    - Neck points: (PointF(543.12146, 1684.9241), PointF(543.12146, 1847.7349))
09-19 02:08:45.899  6986  6986 D JewelryOverlay:    - Head rotation: [0.332021, 2.2836313, 8.690404]
09-19 02:08:45.899  6986  6986 D JewelryOverlay:    - Applied scale: 2.586313
09-19 02:08:45.899  6986  6986 D JewelryOverlay:    - Applied rotation: [4.798828, -2.8344724, 0.0]
09-19 02:08:45.899  6986  6986 D JewelryOverlay: 🎯 Final renderer values:
09-19 02:08:45.899  6986  6986 D JewelryOverlay:    - Scale: 1.2931565
09-19 02:08:45.899  6986  6986 D JewelryOverlay:    - Rotation X: 5.130849
09-19 02:08:45.899  6986  6986 D JewelryOverlay:    - Rotation Y: -0.5508411
09-19 02:08:45.899  6986  6986 D JewelryOverlay: 🎯 Requesting render...
09-19 02:08:45.899  6986  6986 D JewelryOverlay: 🎯 Render requested successfully
09-19 02:08:45.899  6986  7735 D ModelRenderer: 🎨 Drawing frame - Vertices: 13, Indices: 33
09-19 02:08:45.899  6986  7735 D ModelRenderer:    - Transform: Scale=1.29, RotX=5.1, RotY=-0.6
09-19 02:08:45.899  6986  7735 D ModelRenderer:    - Position: X=0.00, Y=0.00
09-19 02:08:45.900  6986  7735 D ModelRenderer:    - Drawing 11 triangles...
09-19 02:08:45.900  6986  7735 D ModelRenderer:    - Draw call completed successfully.
09-19 02:08:45.962  6986  6986 D JewelryOverlay: 👤 Valid face detected, area: 55696
09-19 02:08:45.962  6986  6986 D JewelryOverlay: 🎯 Processing face for 3D rendering
09-19 02:08:45.962  6986  6986 D JewelryOverlay: 📏 Calculated scale: 0.47199997 (face size: 236.0)
09-19 02:08:45.962  6986  6986 D JewelryOverlay: 🎯 Renderer status: EXISTS
09-19 02:08:45.962  6986  6986 D JewelryOverlay: 🎯 GLView status: EXISTS
09-19 02:08:45.962  6986  6986 D JewelryOverlay: 🎯 Current 3D model: EXISTS
09-19 02:08:45.962  6986  6986 D JewelryOverlay: 🔄 Head rotation: X=0.044177808, Y=2.4799495, Z=8.421687
09-19 02:08:45.962  6986  6986 D JewelryOverlay: 🎯 Face data:
09-19 02:08:45.962  6986  6986 D JewelryOverlay:    - Face scale: 0.47199997
09-19 02:08:45.962  6986  6986 D JewelryOverlay:    - Neck points: (PointF(551.4651, 1681.4825), PointF(551.4651, 1845.1152))
09-19 02:08:45.962  6986  6986 D JewelryOverlay:    - Head rotation: [0.044177808, 2.4799495, 8.421687]
09-19 02:08:45.962  6986  6986 D JewelryOverlay:    - Applied scale: 2.586313
09-19 02:08:45.962  6986  6986 D JewelryOverlay:    - Applied rotation: [4.798828, -2.8344724, 0.0]
09-19 02:08:45.962  6986  6986 D JewelryOverlay: 🎯 Final renderer values:
09-19 02:08:45.962  6986  6986 D JewelryOverlay:    - Scale: 1.2931565
09-19 02:08:45.962  6986  6986 D JewelryOverlay:    - Rotation X: 4.843006
09-19 02:08:45.962  6986  6986 D JewelryOverlay:    - Rotation Y: -0.35452294
