09-19 02:08:32.981  6986  6986 D JewelryOverlay: 🎯 Face data:
09-19 02:08:32.981  6986  6986 D JewelryOverlay:    - Face scale: 0.42700002
09-19 02:08:32.981  6986  6986 D JewelryOverlay:    - Neck points: (PointF(554.1682, 1593.8623), PointF(554.1682, 1744.9568))
09-19 02:08:32.981  6986  6986 D JewelryOverlay:    - Head rotation: [4.5850596, 1.9650041, 8.368264]
09-19 02:08:32.981  6986  6986 D JewelryOverlay:    - Applied scale: 1.0
09-19 02:08:32.982  6986  6986 D JewelryOverlay:    - Applied rotation: [0.0, 0.0, 0.0]
09-19 02:08:32.982  6986  6986 D JewelryOverlay: 🎯 Final renderer values:
09-19 02:08:32.982  6986  6986 D JewelryOverlay:    - Scale: 0.5
09-19 02:08:32.982  6986  6986 D JewelryOverlay:    - Rotation X: 4.5850596
09-19 02:08:32.982  6986  6986 D JewelryOverlay:    - Rotation Y: 1.9650041
09-19 02:08:32.982  6986  6986 D JewelryOverlay: 🎯 Requesting render...
09-19 02:08:32.982  6986  6986 D JewelryOverlay: 🎯 Render requested successfully
09-19 02:08:33.041  6986  6986 D JewelryOverlay: 👤 Valid face detected, area: 44310
09-19 02:08:33.041  6986  6986 D JewelryOverlay: 🎯 Processing face for 3D rendering
09-19 02:08:33.041  6986  6986 D JewelryOverlay: 📏 Calculated scale: 0.421 (face size: 210.5)
09-19 02:08:33.041  6986  6986 D JewelryOverlay: 🎯 Renderer status: EXISTS
09-19 02:08:33.041  6986  6986 D JewelryOverlay: 🎯 GLView status: EXISTS
09-19 02:08:33.041  6986  6986 D JewelryOverlay: 🎯 Current 3D model: EXISTS
09-19 02:08:33.041  6986  6986 D JewelryOverlay: 🔄 Head rotation: X=3.977945, Y=0.9039606, Z=8.280151
09-19 02:08:33.041  6986  6986 D JewelryOverlay: 🎯 Face data:
09-19 02:08:33.041  6986  6986 D JewelryOverlay:    - Face scale: 0.421
09-19 02:08:33.041  6986  6986 D JewelryOverlay:    - Neck points: (PointF(557.4425, 1603.7876), PointF(557.4425, 1753.8242))
09-19 02:08:33.041  6986  6986 D JewelryOverlay:    - Head rotation: [3.977945, 0.9039606, 8.280151]
09-19 02:08:33.041  6986  6986 D JewelryOverlay:    - Applied scale: 1.0
09-19 02:08:33.041  6986  6986 D JewelryOverlay:    - Applied rotation: [0.0, 0.0, 0.0]
09-19 02:08:33.041  6986  6986 D JewelryOverlay: 🎯 Final renderer values:
09-19 02:08:33.041  6986  6986 D JewelryOverlay:    - Scale: 0.5
09-19 02:08:33.041  6986  6986 D JewelryOverlay:    - Rotation X: 3.977945
09-19 02:08:33.041  6986  6986 D JewelryOverlay:    - Rotation Y: 0.9039606
09-19 02:08:33.041  6986  6986 D JewelryOverlay: 🎯 Requesting render...
09-19 02:08:33.041  6986  6986 D JewelryOverlay: 🎯 Render requested successfully
09-19 02:08:33.101  6986  6986 D JewelryOverlay: 👤 Valid face detected, area: 43681
09-19 02:08:33.101  6986  6986 D JewelryOverlay: 🎯 Processing face for 3D rendering
09-19 02:08:33.101  6986  6986 D JewelryOverlay: 📏 Calculated scale: 0.41799998 (face size: 209.0)
09-19 02:08:33.101  6986  6986 D JewelryOverlay: 🎯 Renderer status: EXISTS
09-19 02:08:33.101  6986  6986 D JewelryOverlay: 🎯 GLView status: EXISTS
09-19 02:08:33.101  6986  6986 D JewelryOverlay: 🎯 Current 3D model: EXISTS
09-19 02:08:33.101  6986  6986 D JewelryOverlay: 🔄 Head rotation: X=4.0616403, Y=1.6511427, Z=8.752532
09-19 02:08:33.101  6986  6986 D JewelryOverlay: 🎯 Face data:
09-19 02:08:33.101  6986  6986 D JewelryOverlay:    - Face scale: 0.41799998
09-19 02:08:33.101  6986  6986 D JewelryOverlay:    - Neck points: (PointF(558.5785, 1607.365), PointF(558.5785, 1756.3876))
09-19 02:08:33.101  6986  6986 D JewelryOverlay:    - Head rotation: [4.0616403, 1.6511427, 8.752532]
09-19 02:08:33.101  6986  6986 D JewelryOverlay:    - Applied scale: 1.0
09-19 02:08:33.101  6986  6986 D JewelryOverlay:    - Applied rotation: [0.0, 0.0, 0.0]
09-19 02:08:33.101  6986  6986 D JewelryOverlay: 🎯 Final renderer values:
09-19 02:08:33.101  6986  6986 D JewelryOverlay:    - Scale: 0.5
09-19 02:08:33.101  6986  6986 D JewelryOverlay:    - Rotation X: 4.0616403
09-19 02:08:33.101  6986  6986 D JewelryOverlay:    - Rotation Y: 1.6511427
09-19 02:08:33.101  6986  6986 D JewelryOverlay: 🎯 Requesting render...
09-19 02:08:33.101  6986  6986 D JewelryOverlay: 🎯 Render requested successfully
09-19 02:08:33.116  6986  7736 D ModelRenderer: 🎨 Drawing frame - Vertices: 13, Indices: 33
09-19 02:08:33.116  6986  7736 D ModelRenderer:    - Transform: Scale=1.14, RotX=0.4, RotY=-0.6
09-19 02:08:33.116  6986  7736 D ModelRenderer:    - Position: X=0.00, Y=0.00
09-19 02:08:33.117  6986  7736 D ModelRenderer:    - Drawing 11 triangles...
09-19 02:08:33.117  6986  7736 D ModelRenderer:    - Draw call completed successfully.
09-19 02:08:33.134  6986  7736 D ModelRenderer: 🎨 Drawing frame - Vertices: 13, Indices: 33
09-19 02:08:33.134  6986  7736 D ModelRenderer:    - Transform: Scale=1.32, RotX=0.4, RotY=-1.5
09-19 02:08:33.134  6986  7736 D ModelRenderer:    - Position: X=0.00, Y=0.00
09-19 02:08:33.138  6986  7736 D ModelRenderer:    - Drawing 11 triangles...
09-19 02:08:33.138  6986  7736 D ModelRenderer:    - Draw call completed successfully.
09-19 02:08:33.151  6986  7736 D ModelRenderer: 🎨 Drawing frame - Vertices: 13, Indices: 33
09-19 02:08:33.151  6986  7736 D ModelRenderer:    - Transform: Scale=1.52, RotX=0.2, RotY=-2.5
09-19 02:08:33.151  6986  7736 D ModelRenderer:    - Position: X=0.00, Y=0.00
09-19 02:08:33.151  6986  7736 D ModelRenderer:    - Drawing 11 triangles...
09-19 02:08:33.152  6986  7736 D ModelRenderer:    - Draw call completed successfully.
09-19 02:08:33.166  6986  7736 D ModelRenderer: 🎨 Drawing frame - Vertices: 13, Indices: 33
09-19 02:08:33.166  6986  7736 D ModelRenderer:    - Transform: Scale=1.71, RotX=-0.1, RotY=-3.4
09-19 02:08:33.166  6986  7736 D ModelRenderer:    - Position: X=0.00, Y=0.00
09-19 02:08:33.166  6986  7736 D ModelRenderer:    - Drawing 11 triangles...
09-19 02:08:33.167  6986  7736 D ModelRenderer:    - Draw call completed successfully.
09-19 02:08:33.172  6986  6986 D JewelryOverlay: 👤 Valid face detected, area: 41209
09-19 02:08:33.172  6986  6986 D JewelryOverlay: 🎯 Processing face for 3D rendering
09-19 02:08:33.172  6986  6986 D JewelryOverlay: 📏 Calculated scale: 0.406 (face size: 203.0)
09-19 02:08:33.172  6986  6986 D JewelryOverlay: 🎯 Renderer status: EXISTS
09-19 02:08:33.172  6986  6986 D JewelryOverlay: 🎯 GLView status: EXISTS
09-19 02:08:33.172  6986  6986 D JewelryOverlay: 🎯 Current 3D model: EXISTS
09-19 02:08:33.172  6986  6986 D JewelryOverlay: 🔄 Head rotation: X=5.2110734, Y=1.7358649, Z=8.923082
09-19 02:08:33.172  6986  6986 D JewelryOverlay: 🎯 Face data:
09-19 02:08:33.172  6986  6986 D JewelryOverlay:    - Face scale: 0.406
09-19 02:08:33.172  6986  6986 D JewelryOverlay:    - Neck points: (PointF(563.62476, 1603.504), PointF(563.62476, 1749.2964))
09-19 02:08:33.172  6986  6986 D JewelryOverlay:    - Head rotation: [5.2110734, 1.7358649, 8.923082]
09-19 02:08:33.172  6986  6986 D JewelryOverlay:    - Applied scale: 1.0
09-19 02:08:33.172  6986  6986 D JewelryOverlay:    - Applied rotation: [0.0, 0.0, 0.0]
09-19 02:08:33.172  6986  6986 D JewelryOverlay: 🎯 Final renderer values:
09-19 02:08:33.172  6986  6986 D JewelryOverlay:    - Scale: 0.5
09-19 02:08:33.172  6986  6986 D JewelryOverlay:    - Rotation X: 5.2110734
09-19 02:08:33.172  6986  6986 D JewelryOverlay:    - Rotation Y: 1.7358649
09-19 02:08:33.172  6986  6986 D JewelryOverlay: 🎯 Requesting render...
09-19 02:08:33.172  6986  6986 D JewelryOverlay: 🎯 Render requested successfully
09-19 02:08:33.183  6986  7736 D ModelRenderer: 🎨 Drawing frame - Vertices: 13, Indices: 33
09-19 02:08:33.183  6986  7736 D ModelRenderer:    - Transform: Scale=1.87, RotX=-0.6, RotY=-4.3
09-19 02:08:33.183  6986  7736 D ModelRenderer:    - Position: X=0.00, Y=0.00
09-19 02:08:33.184  6986  7736 D ModelRenderer:    - Drawing 11 triangles...
09-19 02:08:33.184  6986  7736 D ModelRenderer:    - Draw call completed successfully.
09-19 02:08:33.200  6986  7736 D ModelRenderer: 🎨 Drawing frame - Vertices: 13, Indices: 33
09-19 02:08:33.200  6986  7736 D ModelRenderer:    - Transform: Scale=1.98, RotX=-0.6, RotY=-4.3
09-19 02:08:33.200  6986  7736 D ModelRenderer:    - Position: X=0.00, Y=0.00
09-19 02:08:33.201  6986  7736 D ModelRenderer:    - Drawing 11 triangles...
09-19 02:08:33.201  6986  7736 D ModelRenderer:    - Draw call completed successfully.
09-19 02:08:33.203  6986  7736 D ModelRenderer: 🎨 Drawing frame - Vertices: 13, Indices: 33
09-19 02:08:33.203  6986  7736 D ModelRenderer:    - Transform: Scale=1.98, RotX=-0.8, RotY=-4.9
09-19 02:08:33.204  6986  7736 D ModelRenderer:    - Position: X=0.00, Y=0.00
09-19 02:08:33.206  6986  7736 D ModelRenderer:    - Drawing 11 triangles...
09-19 02:08:33.206  6986  7736 D ModelRenderer:    - Draw call completed successfully.
09-19 02:08:33.215  6986  7736 D ModelRenderer: 🎨 Drawing frame - Vertices: 13, Indices: 33
09-19 02:08:33.216  6986  7736 D ModelRenderer:    - Transform: Scale=2.07, RotX=-0.7, RotY=-5.1
09-19 02:08:33.216  6986  7736 D ModelRenderer:    - Position: X=0.00, Y=0.00
09-19 02:08:33.216  6986  7736 D ModelRenderer:    - Drawing 11 triangles...
09-19 02:08:33.216  6986  7736 D ModelRenderer:    - Draw call completed successfully.
09-19 02:08:33.221  6986  6986 D JewelryOverlay: 👤 Valid face detected, area: 42436
09-19 02:08:33.221  6986  6986 D JewelryOverlay: 🎯 Processing face for 3D rendering
09-19 02:08:33.221  6986  6986 D JewelryOverlay: 📏 Calculated scale: 0.412 (face size: 206.0)
09-19 02:08:33.221  6986  6986 D JewelryOverlay: 🎯 Renderer status: EXISTS
09-19 02:08:33.221  6986  6986 D JewelryOverlay: 🎯 GLView status: EXISTS
09-19 02:08:33.222  6986  6986 D JewelryOverlay: 🎯 Current 3D model: EXISTS
09-19 02:08:33.222  6986  6986 D JewelryOverlay: 🔄 Head rotation: X=3.524491, Y=1.9381561, Z=9.178942
09-19 02:08:33.222  6986  6986 D JewelryOverlay: 🎯 Face data:
09-19 02:08:33.222  6986  6986 D JewelryOverlay:    - Face scale: 0.412
09-19 02:08:33.222  6986  6986 D JewelryOverlay:    - Neck points: (PointF(564.2845, 1614.1877), PointF(564.2845, 1763.6173))
09-19 02:08:33.222  6986  6986 D JewelryOverlay:    - Head rotation: [3.524491, 1.9381561, 9.178942]
09-19 02:08:33.222  6986  6986 D JewelryOverlay:    - Applied scale: 1.0
09-19 02:08:33.222  6986  6986 D JewelryOverlay:    - Applied rotation: [0.0, 0.0, 0.0]
09-19 02:08:33.222  6986  6986 D JewelryOverlay: 🎯 Final renderer values:
09-19 02:08:33.222  6986  6986 D JewelryOverlay:    - Scale: 0.5
09-19 02:08:33.222  6986  6986 D JewelryOverlay:    - Rotation X: 3.524491
09-19 02:08:33.222  6986  6986 D JewelryOverlay:    - Rotation Y: 1.9381561
09-19 02:08:33.222  6986  6986 D JewelryOverlay: 🎯 Requesting render...
09-19 02:08:33.222  6986  6986 D JewelryOverlay: 🎯 Render requested successfully
09-19 02:08:33.232  6986  7736 D ModelRenderer: 🎨 Drawing frame - Vertices: 13, Indices: 33
09-19 02:08:33.232  6986  7736 D ModelRenderer:    - Transform: Scale=2.15, RotX=-0.4, RotY=-5.4
09-19 02:08:33.232  6986  7736 D ModelRenderer:    - Position: X=0.00, Y=0.00
09-19 02:08:33.233  6986  7736 D ModelRenderer:    - Drawing 11 triangles...
09-19 02:08:33.233  6986  7736 D ModelRenderer:    - Draw call completed successfully.
09-19 02:08:33.249  6986  7736 D ModelRenderer: 🎨 Drawing frame - Vertices: 13, Indices: 33
09-19 02:08:33.249  6986  7736 D ModelRenderer:    - Transform: Scale=2.22, RotX=-0.1, RotY=-5.6
09-19 02:08:33.249  6986  7736 D ModelRenderer:    - Position: X=0.00, Y=0.00
09-19 02:08:33.249  6986  7736 D ModelRenderer:    - Drawing 11 triangles...
09-19 02:08:33.250  6986  7736 D ModelRenderer:    - Draw call completed successfully.
09-19 02:08:33.251  6986  7736 D ModelRenderer: 🎨 Drawing frame - Vertices: 13, Indices: 33
09-19 02:08:33.252  6986  7736 D ModelRenderer:    - Transform: Scale=2.22, RotX=-0.1, RotY=-5.6
09-19 02:08:33.252  6986  7736 D ModelRenderer:    - Position: X=0.00, Y=0.00
09-19 02:08:33.253  6986  7736 D ModelRenderer:    - Drawing 11 triangles...
09-19 02:08:33.253  6986  7736 D ModelRenderer:    - Draw call completed successfully.
09-19 02:08:33.265  6986  7736 D ModelRenderer: 🎨 Drawing frame - Vertices: 13, Indices: 33
09-19 02:08:33.266  6986  7736 D ModelRenderer:    - Transform: Scale=2.27, RotX=0.5, RotY=-5.3
09-19 02:08:33.266  6986  7736 D ModelRenderer:    - Position: X=0.00, Y=0.00
09-19 02:08:33.269  6986  7736 D ModelRenderer:    - Drawing 11 triangles...
09-19 02:08:33.270  6986  7736 D ModelRenderer:    - Draw call completed successfully.
09-19 02:08:33.280  6986  6986 D JewelryOverlay: 👤 Valid face detected, area: 43260
09-19 02:08:33.280  6986  6986 D JewelryOverlay: 🎯 Processing face for 3D rendering
09-19 02:08:33.280  6986  6986 D JewelryOverlay: 📏 Calculated scale: 0.41599998 (face size: 208.0)
09-19 02:08:33.280  6986  6986 D JewelryOverlay: 🎯 Renderer status: EXISTS
09-19 02:08:33.280  6986  6986 D JewelryOverlay: 🎯 GLView status: EXISTS
09-19 02:08:33.280  6986  6986 D JewelryOverlay: 🎯 Current 3D model: EXISTS
09-19 02:08:33.280  6986  6986 D JewelryOverlay: 🔄 Head rotation: X=3.2764997, Y=2.0971704, Z=9.685802
09-19 02:08:33.280  6986  6986 D JewelryOverlay: 🎯 Face data:
09-19 02:08:33.280  6986  6986 D JewelryOverlay:    - Face scale: 0.41599998
09-19 02:08:33.280  6986  6986 D JewelryOverlay:    - Neck points: (PointF(574.15515, 1586.2302), PointF(574.15515, 1733.7594))
09-19 02:08:33.280  6986  6986 D JewelryOverlay:    - Head rotation: [3.2764997, 2.0971704, 9.685802]
09-19 02:08:33.280  6986  6986 D JewelryOverlay:    - Applied scale: 1.0
09-19 02:08:33.280  6986  6986 D JewelryOverlay:    - Applied rotation: [0.0, 0.0, 0.0]
09-19 02:08:33.280  6986  6986 D JewelryOverlay: 🎯 Final renderer values:
09-19 02:08:33.280  6986  6986 D JewelryOverlay:    - Scale: 0.5
09-19 02:08:33.280  6986  6986 D JewelryOverlay:    - Rotation X: 3.2764997
09-19 02:08:33.280  6986  6986 D JewelryOverlay:    - Rotation Y: 2.0971704
09-19 02:08:33.280  6986  6986 D JewelryOverlay: 🎯 Requesting render...
09-19 02:08:33.281  6986  6986 D JewelryOverlay: 🎯 Render requested successfully
09-19 02:08:33.283  6986  7736 D ModelRenderer: 🎨 Drawing frame - Vertices: 13, Indices: 33
09-19 02:08:33.283  6986  7736 D ModelRenderer:    - Transform: Scale=2.30, RotX=0.9, RotY=-4.9
09-19 02:08:33.283  6986  7736 D ModelRenderer:    - Position: X=0.00, Y=0.00
09-19 02:08:33.286  6986  7736 D ModelRenderer:    - Drawing 11 triangles...
09-19 02:08:33.286  6986  7736 D ModelRenderer:    - Draw call completed successfully.
09-19 02:08:33.299  6986  7736 D ModelRenderer: 🎨 Drawing frame - Vertices: 13, Indices: 33
09-19 02:08:33.299  6986  7736 D ModelRenderer:    - Transform: Scale=2.34, RotX=1.5, RotY=-4.4
09-19 02:08:33.299  6986  7736 D ModelRenderer:    - Position: X=0.00, Y=0.00
09-19 02:08:33.306  6986  7736 D ModelRenderer:    - Drawing 11 triangles...
09-19 02:08:33.307  6986  7736 D ModelRenderer:    - Draw call completed successfully.
09-19 02:08:33.316  6986  7736 D ModelRenderer: 🎨 Drawing frame - Vertices: 13, Indices: 33
09-19 02:08:33.317  6986  7736 D ModelRenderer:    - Transform: Scale=2.38, RotX=2.0, RotY=-4.0
09-19 02:08:33.317  6986  7736 D ModelRenderer:    - Position: X=0.00, Y=0.00
09-19 02:08:33.322  6986  7736 D ModelRenderer:    - Drawing 11 triangles...
09-19 02:08:33.322  6986  7736 D ModelRenderer:    - Draw call completed successfully.
09-19 02:08:33.333  6986  7736 D ModelRenderer: 🎨 Drawing frame - Vertices: 13, Indices: 33
09-19 02:08:33.333  6986  7736 D ModelRenderer:    - Transform: Scale=2.42, RotX=2.4, RotY=-3.8
09-19 02:08:33.333  6986  7736 D ModelRenderer:    - Position: X=0.00, Y=0.00
09-19 02:08:33.337  6986  7736 D ModelRenderer:    - Drawing 11 triangles...
09-19 02:08:33.337  6986  7736 D ModelRenderer:    - Draw call completed successfully.
09-19 02:08:33.342  6986  6986 D JewelryOverlay: 👤 Valid face detected, area: 43260
09-19 02:08:33.342  6986  6986 D JewelryOverlay: 🎯 Processing face for 3D rendering
09-19 02:08:33.342  6986  6986 D JewelryOverlay: 📏 Calculated scale: 0.41599998 (face size: 208.0)
09-19 02:08:33.342  6986  6986 D JewelryOverlay: 🎯 Renderer status: EXISTS
09-19 02:08:33.343  6986  6986 D JewelryOverlay: 🎯 GLView status: EXISTS
09-19 02:08:33.343  6986  6986 D JewelryOverlay: 🎯 Current 3D model: EXISTS
09-19 02:08:33.343  6986  6986 D JewelryOverlay: 🔄 Head rotation: X=2.4819067, Y=1.3805025, Z=10.370629
09-19 02:08:33.343  6986  6986 D JewelryOverlay: 🎯 Face data:
09-19 02:08:33.343  6986  6986 D JewelryOverlay:    - Face scale: 0.41599998
09-19 02:08:33.343  6986  6986 D JewelryOverlay:    - Neck points: (PointF(582.1112, 1596.9359), PointF(582.1112, 1746.0426))
09-19 02:08:33.343  6986  6986 D JewelryOverlay:    - Head rotation: [2.4819067, 1.3805025, 10.370629]
09-19 02:08:33.343  6986  6986 D JewelryOverlay:    - Applied scale: 1.0
09-19 02:08:33.343  6986  6986 D JewelryOverlay:    - Applied rotation: [0.0, 0.0, 0.0]
09-19 02:08:33.343  6986  6986 D JewelryOverlay: 🎯 Final renderer values:
09-19 02:08:33.343  6986  6986 D JewelryOverlay:    - Scale: 0.5
09-19 02:08:33.343  6986  6986 D JewelryOverlay:    - Rotation X: 2.4819067
09-19 02:08:33.343  6986  6986 D JewelryOverlay:    - Rotation Y: 1.3805025
09-19 02:08:33.343  6986  6986 D JewelryOverlay: 🎯 Requesting render...
09-19 02:08:33.343  6986  6986 D JewelryOverlay: 🎯 Render requested successfully
09-19 02:08:33.351  6986  7736 D ModelRenderer: 🎨 Drawing frame - Vertices: 13, Indices: 33
09-19 02:08:33.351  6986  7736 D ModelRenderer:    - Transform: Scale=2.44, RotX=2.8, RotY=-3.6
09-19 02:08:33.352  6986  7736 D ModelRenderer:    - Position: X=0.00, Y=0.00
09-19 02:08:33.357  6986  7736 D ModelRenderer:    - Drawing 11 triangles...
09-19 02:08:33.357  6986  7736 D ModelRenderer:    - Draw call completed successfully.
09-19 02:08:33.369  6986  7736 D ModelRenderer: 🎨 Drawing frame - Vertices: 13, Indices: 33
09-19 02:08:33.369  6986  7736 D ModelRenderer:    - Transform: Scale=2.47, RotX=3.2, RotY=-3.2
09-19 02:08:33.369  6986  7736 D ModelRenderer:    - Position: X=0.00, Y=0.00
09-19 02:08:33.373  6986  7736 D ModelRenderer:    - Drawing 11 triangles...
09-19 02:08:33.373  6986  7736 D ModelRenderer:    - Draw call completed successfully.
09-19 02:08:33.384  6986  7736 D ModelRenderer: 🎨 Drawing frame - Vertices: 13, Indices: 33
09-19 02:08:33.384  6986  7736 D ModelRenderer:    - Transform: Scale=2.49, RotX=3.5, RotY=-2.9
09-19 02:08:33.384  6986  7736 D ModelRenderer:    - Position: X=0.00, Y=0.00
09-19 02:08:33.390  6986  7736 D ModelRenderer:    - Drawing 11 triangles...
09-19 02:08:33.390  6986  7736 D ModelRenderer:    - Draw call completed successfully.
09-19 02:08:33.399  6986  7736 D ModelRenderer: 🎨 Drawing frame - Vertices: 13, Indices: 33
09-19 02:08:33.400  6986  7736 D ModelRenderer:    - Transform: Scale=2.51, RotX=3.6, RotY=-2.8
09-19 02:08:33.400  6986  7736 D ModelRenderer:    - Position: X=0.00, Y=0.00
09-19 02:08:33.403  6986  7736 D ModelRenderer:    - Drawing 11 triangles...
09-19 02:08:33.403  6986  7736 D ModelRenderer:    - Draw call completed successfully.
09-19 02:08:33.406  6986  6986 D JewelryOverlay: 👤 Valid face detected, area: 43260
09-19 02:08:33.406  6986  6986 D JewelryOverlay: 🎯 Processing face for 3D rendering
09-19 02:08:33.406  6986  6986 D JewelryOverlay: 📏 Calculated scale: 0.41599998 (face size: 208.0)
09-19 02:08:33.406  6986  6986 D JewelryOverlay: 🎯 Renderer status: EXISTS
09-19 02:08:33.406  6986  6986 D JewelryOverlay: 🎯 GLView status: EXISTS
09-19 02:08:33.406  6986  6986 D JewelryOverlay: 🎯 Current 3D model: EXISTS
09-19 02:08:33.406  6986  6986 D JewelryOverlay: 🔄 Head rotation: X=3.6417036, Y=1.9452035, Z=10.598283
09-19 02:08:33.406  6986  6986 D JewelryOverlay: 🎯 Face data:
09-19 02:08:33.406  6986  6986 D JewelryOverlay:    - Face scale: 0.41599998
09-19 02:08:33.406  6986  6986 D JewelryOverlay:    - Neck points: (PointF(586.226, 1610.8718), PointF(586.226, 1759.984))
09-19 02:08:33.406  6986  6986 D JewelryOverlay:    - Head rotation: [3.6417036, 1.9452035, 10.598283]
09-19 02:08:33.406  6986  6986 D JewelryOverlay:    - Applied scale: 1.0
09-19 02:08:33.406  6986  6986 D JewelryOverlay:    - Applied rotation: [0.0, 0.0, 0.0]
09-19 02:08:33.406  6986  6986 D JewelryOverlay: 🎯 Final renderer values:
09-19 02:08:33.406  6986  6986 D JewelryOverlay:    - Scale: 0.5
09-19 02:08:33.406  6986  6986 D JewelryOverlay:    - Rotation X: 3.6417036
09-19 02:08:33.406  6986  6986 D JewelryOverlay:    - Rotation Y: 1.9452035
09-19 02:08:33.406  6986  6986 D JewelryOverlay: 🎯 Requesting render...
09-19 02:08:33.406  6986  6986 D JewelryOverlay: 🎯 Render requested successfully
09-19 02:08:33.418  6986  7736 D ModelRenderer: 🎨 Drawing frame - Vertices: 13, Indices: 33
09-19 02:08:33.418  6986  7736 D ModelRenderer:    - Transform: Scale=2.51, RotX=3.6, RotY=-2.8
09-19 02:08:33.419  6986  7736 D ModelRenderer:    - Position: X=0.00, Y=0.00
09-19 02:08:33.426  6986  7736 D ModelRenderer:    - Drawing 11 triangles...
09-19 02:08:33.426  6986  7736 D ModelRenderer:    - Draw call completed successfully.
09-19 02:08:33.433  6986  7736 D ModelRenderer: 🎨 Drawing frame - Vertices: 13, Indices: 33
09-19 02:08:33.433  6986  7736 D ModelRenderer:    - Transform: Scale=2.52, RotX=3.8, RotY=-2.8
09-19 02:08:33.433  6986  7736 D ModelRenderer:    - Position: X=0.00, Y=0.00
09-19 02:08:33.438  6986  7736 D ModelRenderer:    - Drawing 11 triangles...
09-19 02:08:33.439  6986  7736 D ModelRenderer:    - Draw call completed successfully.
09-19 02:08:33.449  6986  7736 D ModelRenderer: 🎨 Drawing frame - Vertices: 13, Indices: 33
09-19 02:08:33.450  6986  7736 D ModelRenderer:    - Transform: Scale=2.52, RotX=3.8, RotY=-2.8
09-19 02:08:33.450  6986  7736 D ModelRenderer:    - Position: X=0.00, Y=0.00
09-19 02:08:33.457  6986  7736 D ModelRenderer:    - Drawing 11 triangles...
09-19 02:08:33.457  6986  7736 D ModelRenderer:    - Draw call completed successfully.
09-19 02:08:33.465  6986  7736 D ModelRenderer: 🎨 Drawing frame - Vertices: 13, Indices: 33
09-19 02:08:33.466  6986  7736 D ModelRenderer:    - Transform: Scale=2.52, RotX=3.8, RotY=-2.8
09-19 02:08:33.466  6986  7736 D ModelRenderer:    - Position: X=0.00, Y=0.00
09-19 02:08:33.466  6986  6986 D JewelryOverlay: 👤 Valid face detected, area: 42436
09-19 02:08:33.466  6986  6986 D JewelryOverlay: 🎯 Processing face for 3D rendering
09-19 02:08:33.466  6986  6986 D JewelryOverlay: 📏 Calculated scale: 0.412 (face size: 206.0)
09-19 02:08:33.466  6986  6986 D JewelryOverlay: 🎯 Renderer status: EXISTS
09-19 02:08:33.466  6986  6986 D JewelryOverlay: 🎯 GLView status: EXISTS
09-19 02:08:33.466  6986  6986 D JewelryOverlay: 🎯 Current 3D model: EXISTS
09-19 02:08:33.466  6986  6986 D JewelryOverlay: 🔄 Head rotation: X=3.122715, Y=1.2038826, Z=10.797241
09-19 02:08:33.466  6986  6986 D JewelryOverlay: 🎯 Face data:
09-19 02:08:33.466  6986  6986 D JewelryOverlay:    - Face scale: 0.412
09-19 02:08:33.466  6986  6986 D JewelryOverlay:    - Neck points: (PointF(589.25146, 1620.2611), PointF(589.25146, 1769.0662))
09-19 02:08:33.466  6986  6986 D JewelryOverlay:    - Head rotation: [3.122715, 1.2038826, 10.797241]
09-19 02:08:33.466  6986  6986 D JewelryOverlay:    - Applied scale: 1.0
09-19 02:08:33.466  6986  6986 D JewelryOverlay:    - Applied rotation: [0.0, 0.0, 0.0]
09-19 02:08:33.466  6986  6986 D JewelryOverlay: 🎯 Final renderer values:
09-19 02:08:33.467  6986  6986 D JewelryOverlay:    - Scale: 0.5
09-19 02:08:33.467  6986  6986 D JewelryOverlay:    - Rotation X: 3.122715
09-19 02:08:33.467  6986  6986 D JewelryOverlay:    - Rotation Y: 1.2038826
09-19 02:08:33.467  6986  6986 D JewelryOverlay: 🎯 Requesting render...
09-19 02:08:33.467  6986  6986 D JewelryOverlay: 🎯 Render requested successfully
09-19 02:08:33.469  6986  7736 D ModelRenderer:    - Drawing 11 triangles...
09-19 02:08:33.469  6986  7736 D ModelRenderer:    - Draw call completed successfully.
09-19 02:08:33.482  6986  7736 D ModelRenderer: 🎨 Drawing frame - Vertices: 13, Indices: 33
09-19 02:08:33.483  6986  7736 D ModelRenderer:    - Transform: Scale=2.54, RotX=4.0, RotY=-2.6
09-19 02:08:33.483  6986  7736 D ModelRenderer:    - Position: X=0.00, Y=0.00
09-19 02:08:33.492  6986  7736 D ModelRenderer:    - Drawing 11 triangles...
09-19 02:08:33.492  6986  7736 D ModelRenderer:    - Draw call completed successfully.
09-19 02:08:33.500  6986  7736 D ModelRenderer: 🎨 Drawing frame - Vertices: 13, Indices: 33
09-19 02:08:33.500  6986  7736 D ModelRenderer:    - Transform: Scale=2.56, RotX=4.4, RotY=-2.5
09-19 02:08:33.500  6986  7736 D ModelRenderer:    - Position: X=0.00, Y=0.00
09-19 02:08:33.507  6986  7736 D ModelRenderer:    - Drawing 11 triangles...
09-19 02:08:33.507  6986  7736 D ModelRenderer:    - Draw call completed successfully.
09-19 02:08:33.516  6986  7736 D ModelRenderer: 🎨 Drawing frame - Vertices: 13, Indices: 33
09-19 02:08:33.516  6986  7736 D ModelRenderer:    - Transform: Scale=2.58, RotX=4.7, RotY=-2.5
09-19 02:08:33.516  6986  7736 D ModelRenderer:    - Position: X=0.00, Y=0.00
09-19 02:08:33.520  6986  7736 D ModelRenderer:    - Drawing 11 triangles...
09-19 02:08:33.520  6986  7736 D ModelRenderer:    - Draw call completed successfully.
09-19 02:08:33.528  6986  6986 D JewelryOverlay: 👤 Valid face detected, area: 43470
09-19 02:08:33.528  6986  6986 D JewelryOverlay: 🎯 Processing face for 3D rendering
09-19 02:08:33.528  6986  6986 D JewelryOverlay: 📏 Calculated scale: 0.41700003 (face size: 208.5)
09-19 02:08:33.529  6986  6986 D JewelryOverlay: 🎯 Renderer status: EXISTS
09-19 02:08:33.529  6986  6986 D JewelryOverlay: 🎯 GLView status: EXISTS
09-19 02:08:33.529  6986  6986 D JewelryOverlay: 🎯 Current 3D model: EXISTS
09-19 02:08:33.529  6986  6986 D JewelryOverlay: 🔄 Head rotation: X=2.3937151, Y=0.9767368, Z=10.8225765
09-19 02:08:33.529  6986  6986 D JewelryOverlay: 🎯 Face data:
09-19 02:08:33.529  6986  6986 D JewelryOverlay:    - Face scale: 0.41700003
09-19 02:08:33.529  6986  6986 D JewelryOverlay:    - Neck points: (PointF(593.03064, 1629.383), PointF(593.03064, 1779.1326))
09-19 02:08:33.529  6986  6986 D JewelryOverlay:    - Head rotation: [2.3937151, 0.9767368, 10.8225765]
09-19 02:08:33.529  6986  6986 D JewelryOverlay:    - Applied scale: 1.0
09-19 02:08:33.529  6986  6986 D JewelryOverlay:    - Applied rotation: [0.0, 0.0, 0.0]
09-19 02:08:33.529  6986  6986 D JewelryOverlay: 🎯 Final renderer values:
09-19 02:08:33.529  6986  6986 D JewelryOverlay:    - Scale: 0.5
09-19 02:08:33.529  6986  6986 D JewelryOverlay:    - Rotation X: 2.3937151
09-19 02:08:33.529  6986  6986 D JewelryOverlay:    - Rotation Y: 0.9767368
09-19 02:08:33.529  6986  6986 D JewelryOverlay: 🎯 Requesting render...
09-19 02:08:33.529  6986  6986 D JewelryOverlay: 🎯 Render requested successfully
09-19 02:08:33.530  6986  7736 D ModelRenderer: 🎨 Drawing frame - Vertices: 13, Indices: 33
09-19 02:08:33.530  6986  7736 D ModelRenderer:    - Transform: Scale=2.59, RotX=4.8, RotY=-2.8
09-19 02:08:33.530  6986  7736 D ModelRenderer:    - Position: X=0.00, Y=0.00
09-19 02:08:33.536  6986  7736 D ModelRenderer:    - Drawing 11 triangles...
09-19 02:08:33.536  6986  7736 D ModelRenderer:    - Draw call completed successfully.
09-19 02:08:33.593  6986  6986 D JewelryOverlay: 👤 Valid face detected, area: 43470
09-19 02:08:33.593  6986  6986 D JewelryOverlay: 🎯 Processing face for 3D rendering
09-19 02:08:33.593  6986  6986 D JewelryOverlay: 📏 Calculated scale: 0.41700003 (face size: 208.5)
09-19 02:08:33.593  6986  6986 D JewelryOverlay: 🎯 Renderer status: EXISTS
09-19 02:08:33.593  6986  6986 D JewelryOverlay: 🎯 GLView status: EXISTS
09-19 02:08:33.593  6986  6986 D JewelryOverlay: 🎯 Current 3D model: EXISTS
09-19 02:08:33.593  6986  6986 D JewelryOverlay: 🔄 Head rotation: X=3.0089922, Y=1.1252078, Z=10.5790825
09-19 02:08:33.593  6986  6986 D JewelryOverlay: 🎯 Face data:
09-19 02:08:33.593  6986  6986 D JewelryOverlay:    - Face scale: 0.41700003
09-19 02:08:33.593  6986  6986 D JewelryOverlay:    - Neck points: (PointF(592.17676, 1626.6727), PointF(592.17676, 1774.9426))
09-19 02:08:33.594  6986  6986 D JewelryOverlay:    - Head rotation: [3.0089922, 1.1252078, 10.5790825]
09-19 02:08:33.594  6986  6986 D JewelryOverlay:    - Applied scale: 1.0
09-19 02:08:33.594  6986  6986 D JewelryOverlay:    - Applied rotation: [0.0, 0.0, 0.0]
09-19 02:08:33.594  6986  6986 D JewelryOverlay: 🎯 Final renderer values:
09-19 02:08:33.594  6986  6986 D JewelryOverlay:    - Scale: 0.5
09-19 02:08:33.594  6986  6986 D JewelryOverlay:    - Rotation X: 3.0089922
09-19 02:08:33.594  6986  6986 D JewelryOverlay:    - Rotation Y: 1.1252078
09-19 02:08:33.594  6986  6986 D JewelryOverlay: 🎯 Requesting render...
09-19 02:08:33.594  6986  6986 D JewelryOverlay: 🎯 Render requested successfully
09-19 02:08:33.651  6986  6986 D JewelryOverlay: 👤 Valid face detected, area: 43470
09-19 02:08:33.651  6986  6986 D JewelryOverlay: 🎯 Processing face for 3D rendering
09-19 02:08:33.651  6986  6986 D JewelryOverlay: 📏 Calculated scale: 0.41700003 (face size: 208.5)
09-19 02:08:33.651  6986  6986 D JewelryOverlay: 🎯 Renderer status: EXISTS
09-19 02:08:33.651  6986  6986 D JewelryOverlay: 🎯 GLView status: EXISTS
09-19 02:08:33.651  6986  6986 D JewelryOverlay: 🎯 Current 3D model: EXISTS
09-19 02:08:33.651  6986  6986 D JewelryOverlay: 🔄 Head rotation: X=2.9596364, Y=1.3554146, Z=9.983554
09-19 02:08:33.651  6986  6986 D JewelryOverlay: 🎯 Face data:
09-19 02:08:33.651  6986  6986 D JewelryOverlay:    - Face scale: 0.41700003
09-19 02:08:33.651  6986  6986 D JewelryOverlay:    - Neck points: (PointF(590.95966, 1631.7465), PointF(590.95966, 1781.6272))
09-19 02:08:33.651  6986  6986 D JewelryOverlay:    - Head rotation: [2.9596364, 1.3554146, 9.983554]
09-19 02:08:33.651  6986  6986 D JewelryOverlay:    - Applied scale: 1.0
09-19 02:08:33.651  6986  6986 D JewelryOverlay:    - Applied rotation: [0.0, 0.0, 0.0]
09-19 02:08:33.651  6986  6986 D JewelryOverlay: 🎯 Final renderer values:
09-19 02:08:33.651  6986  6986 D JewelryOverlay:    - Scale: 0.5
09-19 02:08:33.651  6986  6986 D JewelryOverlay:    - Rotation X: 2.9596364
09-19 02:08:33.651  6986  6986 D JewelryOverlay:    - Rotation Y: 1.3554146
09-19 02:08:33.651  6986  6986 D JewelryOverlay: 🎯 Requesting render...
09-19 02:08:33.651  6986  6986 D JewelryOverlay: 🎯 Render requested successfully
09-19 02:08:33.709  6986  6986 D JewelryOverlay: 👤 Valid face detected, area: 41818
09-19 02:08:33.709  6986  6986 D JewelryOverlay: 🎯 Processing face for 3D rendering
09-19 02:08:33.709  6986  6986 D JewelryOverlay: 📏 Calculated scale: 0.409 (face size: 204.5)
09-19 02:08:33.709  6986  6986 D JewelryOverlay: 🎯 Renderer status: EXISTS
09-19 02:08:33.709  6986  6986 D JewelryOverlay: 🎯 GLView status: EXISTS
09-19 02:08:33.709  6986  6986 D JewelryOverlay: 🎯 Current 3D model: EXISTS
09-19 02:08:33.709  6986  6986 D JewelryOverlay: 🔄 Head rotation: X=1.1911432, Y=1.2846639, Z=9.702956
09-19 02:08:33.709  6986  6986 D JewelryOverlay: 🎯 Face data:
09-19 02:08:33.709  6986  6986 D JewelryOverlay:    - Face scale: 0.409
09-19 02:08:33.710  6986  6986 D JewelryOverlay:    - Neck points: (PointF(593.7593, 1647.1035), PointF(593.7593, 1796.5203))
09-19 02:08:33.710  6986  6986 D JewelryOverlay:    - Head rotation: [1.1911432, 1.2846639, 9.702956]
09-19 02:08:33.710  6986  6986 D JewelryOverlay:    - Applied scale: 1.0
09-19 02:08:33.710  6986  6986 D JewelryOverlay:    - Applied rotation: [0.0, 0.0, 0.0]
09-19 02:08:33.710  6986  6986 D JewelryOverlay: 🎯 Final renderer values:
09-19 02:08:33.710  6986  6986 D JewelryOverlay:    - Scale: 0.5
09-19 02:08:33.710  6986  6986 D JewelryOverlay:    - Rotation X: 1.1911432
09-19 02:08:33.710  6986  6986 D JewelryOverlay:    - Rotation Y: 1.2846639
09-19 02:08:33.710  6986  6986 D JewelryOverlay: 🎯 Requesting render...
09-19 02:08:33.710  6986  6986 D JewelryOverlay: 🎯 Render requested successfully
09-19 02:08:33.770  6986  6986 D JewelryOverlay: 👤 Valid face detected, area: 42021
09-19 02:08:33.770  6986  6986 D JewelryOverlay: 🎯 Processing face for 3D rendering
09-19 02:08:33.770  6986  6986 D JewelryOverlay: 📏 Calculated scale: 0.41 (face size: 205.0)
09-19 02:08:33.770  6986  6986 D JewelryOverlay: 🎯 Renderer status: EXISTS
09-19 02:08:33.770  6986  6986 D JewelryOverlay: 🎯 GLView status: EXISTS
09-19 02:08:33.770  6986  6986 D JewelryOverlay: 🎯 Current 3D model: EXISTS
09-19 02:08:33.770  6986  6986 D JewelryOverlay: 🔄 Head rotation: X=2.72633, Y=2.4064362, Z=9.231496
09-19 02:08:33.770  6986  6986 D JewelryOverlay: 🎯 Face data:
09-19 02:08:33.770  6986  6986 D JewelryOverlay:    - Face scale: 0.41
09-19 02:08:33.770  6986  6986 D JewelryOverlay:    - Neck points: (PointF(614.0917, 1643.9792), PointF(614.0917, 1788.992))
09-19 02:08:33.770  6986  6986 D JewelryOverlay:    - Head rotation: [2.72633, 2.4064362, 9.231496]
09-19 02:08:33.770  6986  6986 D JewelryOverlay:    - Applied scale: 1.0
09-19 02:08:33.770  6986  6986 D JewelryOverlay:    - Applied rotation: [0.0, 0.0, 0.0]
09-19 02:08:33.770  6986  6986 D JewelryOverlay: 🎯 Final renderer values:
09-19 02:08:33.770  6986  6986 D JewelryOverlay:    - Scale: 0.5
09-19 02:08:33.770  6986  6986 D JewelryOverlay:    - Rotation X: 2.72633
09-19 02:08:33.770  6986  6986 D JewelryOverlay:    - Rotation Y: 2.4064362
09-19 02:08:33.770  6986  6986 D JewelryOverlay: 🎯 Requesting render...
09-19 02:08:33.771  6986  6986 D JewelryOverlay: 🎯 Render requested successfully
09-19 02:08:33.830  6986  6986 D JewelryOverlay: 👤 Valid face detected, area: 39004
09-19 02:08:33.830  6986  6986 D JewelryOverlay: 🎯 Processing face for 3D rendering
09-19 02:08:33.830  6986  6986 D JewelryOverlay: 📏 Calculated scale: 0.395 (face size: 197.5)
09-19 02:08:33.830  6986  6986 D JewelryOverlay: 🎯 Renderer status: EXISTS
09-19 02:08:33.830  6986  6986 D JewelryOverlay: 🎯 GLView status: EXISTS
09-19 02:08:33.830  6986  6986 D JewelryOverlay: 🎯 Current 3D model: EXISTS
09-19 02:08:33.830  6986  6986 D JewelryOverlay: 🔄 Head rotation: X=2.7313306, Y=3.0374649, Z=8.003911
09-19 02:08:33.830  6986  6986 D JewelryOverlay: 🎯 Face data:
09-19 02:08:33.830  6986  6986 D JewelryOverlay:    - Face scale: 0.395
09-19 02:08:33.830  6986  6986 D JewelryOverlay:    - Neck points: (PointF(621.34814, 1690.2382), PointF(621.34814, 1831.8019))
09-19 02:08:33.830  6986  6986 D JewelryOverlay:    - Head rotation: [2.7313306, 3.0374649, 8.003911]
09-19 02:08:33.830  6986  6986 D JewelryOverlay:    - Applied scale: 1.0
09-19 02:08:33.830  6986  6986 D JewelryOverlay:    - Applied rotation: [0.0, 0.0, 0.0]
09-19 02:08:33.830  6986  6986 D JewelryOverlay: 🎯 Final renderer values:
09-19 02:08:33.830  6986  6986 D JewelryOverlay:    - Scale: 0.5
09-19 02:08:33.830  6986  6986 D JewelryOverlay:    - Rotation X: 2.7313306
09-19 02:08:33.830  6986  6986 D JewelryOverlay:    - Rotation Y: 3.0374649
09-19 02:08:33.830  6986  6986 D JewelryOverlay: 🎯 Requesting render...
09-19 02:08:33.830  6986  6986 D JewelryOverlay: 🎯 Render requested successfully
09-19 02:08:33.893  6986  6986 D JewelryOverlay: 👤 Valid face detected, area: 44944
09-19 02:08:33.893  6986  6986 D JewelryOverlay: 🎯 Processing face for 3D rendering
09-19 02:08:33.893  6986  6986 D JewelryOverlay: 📏 Calculated scale: 0.424 (face size: 212.0)
09-19 02:08:33.893  6986  6986 D JewelryOverlay: 🎯 Renderer status: EXISTS
09-19 02:08:33.893  6986  6986 D JewelryOverlay: 🎯 GLView status: EXISTS
09-19 02:08:33.893  6986  6986 D JewelryOverlay: 🎯 Current 3D model: EXISTS
09-19 02:08:33.893  6986  6986 D JewelryOverlay: 🔄 Head rotation: X=3.7578392, Y=2.3172343, Z=8.027133
09-19 02:08:33.893  6986  6986 D JewelryOverlay: 🎯 Face data:
09-19 02:08:33.893  6986  6986 D JewelryOverlay:    - Face scale: 0.424
09-19 02:08:33.893  6986  6986 D JewelryOverlay:    - Neck points: (PointF(608.714, 1729.739), PointF(608.714, 1880.6356))
09-19 02:08:33.893  6986  6986 D JewelryOverlay:    - Head rotation: [3.7578392, 2.3172343, 8.027133]
09-19 02:08:33.893  6986  6986 D JewelryOverlay:    - Applied scale: 1.0
09-19 02:08:33.893  6986  6986 D JewelryOverlay:    - Applied rotation: [0.0, 0.0, 0.0]
09-19 02:08:33.893  6986  6986 D JewelryOverlay: 🎯 Final renderer values:
09-19 02:08:33.893  6986  6986 D JewelryOverlay:    - Scale: 0.5
09-19 02:08:33.893  6986  6986 D JewelryOverlay:    - Rotation X: 3.7578392
09-19 02:08:33.893  6986  6986 D JewelryOverlay:    - Rotation Y: 2.3172343
09-19 02:08:33.893  6986  6986 D JewelryOverlay: 🎯 Requesting render...
09-19 02:08:33.893  6986  6986 D JewelryOverlay: 🎯 Render requested successfully
09-19 02:08:33.947  6986  6986 D JewelryOverlay: 👤 Valid face detected, area: 43264
09-19 02:08:33.947  6986  6986 D JewelryOverlay: 🎯 Processing face for 3D rendering
09-19 02:08:33.947  6986  6986 D JewelryOverlay: 📏 Calculated scale: 0.41599998 (face size: 208.0)
09-19 02:08:33.947  6986  6986 D JewelryOverlay: 🎯 Renderer status: EXISTS
09-19 02:08:33.947  6986  6986 D JewelryOverlay: 🎯 GLView status: EXISTS
09-19 02:08:33.947  6986  6986 D JewelryOverlay: 🎯 Current 3D model: EXISTS
09-19 02:08:33.947  6986  6986 D JewelryOverlay: 🔄 Head rotation: X=3.1219258, Y=3.308681, Z=6.9920382
09-19 02:08:33.947  6986  6986 D JewelryOverlay: 🎯 Face data:
09-19 02:08:33.947  6986  6986 D JewelryOverlay:    - Face scale: 0.41599998
09-19 02:08:33.948  6986  6986 D JewelryOverlay:    - Neck points: (PointF(601.60504, 1719.9629), PointF(601.60504, 1869.232))
09-19 02:08:33.948  6986  6986 D JewelryOverlay:    - Head rotation: [3.1219258, 3.308681, 6.9920382]
09-19 02:08:33.948  6986  6986 D JewelryOverlay:    - Applied scale: 1.0
09-19 02:08:33.948  6986  6986 D JewelryOverlay:    - Applied rotation: [0.0, 0.0, 0.0]
09-19 02:08:33.948  6986  6986 D JewelryOverlay: 🎯 Final renderer values:
09-19 02:08:33.948  6986  6986 D JewelryOverlay:    - Scale: 0.5
09-19 02:08:33.948  6986  6986 D JewelryOverlay:    - Rotation X: 3.1219258
09-19 02:08:33.948  6986  6986 D JewelryOverlay:    - Rotation Y: 3.308681
09-19 02:08:33.948  6986  6986 D JewelryOverlay: 🎯 Requesting render...
09-19 02:08:33.948  6986  6986 D JewelryOverlay: 🎯 Render requested successfully
09-19 02:08:34.011  6986  6986 D JewelryOverlay: 👤 Valid face detected, area: 43264
09-19 02:08:34.011  6986  6986 D JewelryOverlay: 🎯 Processing face for 3D rendering
09-19 02:08:34.012  6986  6986 D JewelryOverlay: 📏 Calculated scale: 0.41599998 (face size: 208.0)
09-19 02:08:34.012  6986  6986 D JewelryOverlay: 🎯 Renderer status: EXISTS
09-19 02:08:34.012  6986  6986 D JewelryOverlay: 🎯 GLView status: EXISTS
09-19 02:08:34.012  6986  6986 D JewelryOverlay: 🎯 Current 3D model: EXISTS
09-19 02:08:34.012  6986  6986 D JewelryOverlay: 🔄 Head rotation: X=1.1399062, Y=3.8936176, Z=6.000508
09-19 02:08:34.012  6986  6986 D JewelryOverlay: 🎯 Face data:
09-19 02:08:34.012  6986  6986 D JewelryOverlay:    - Face scale: 0.41599998
09-19 02:08:34.012  6986  6986 D JewelryOverlay:    - Neck points: (PointF(607.6175, 1631.7399), PointF(607.6175, 1773.8733))
09-19 02:08:34.012  6986  6986 D JewelryOverlay:    - Head rotation: [1.1399062, 3.8936176, 6.000508]
09-19 02:08:34.012  6986  6986 D JewelryOverlay:    - Applied scale: 1.0
09-19 02:08:34.012  6986  6986 D JewelryOverlay:    - Applied rotation: [0.0, 0.0, 0.0]
09-19 02:08:34.012  6986  6986 D JewelryOverlay: 🎯 Final renderer values:
09-19 02:08:34.012  6986  6986 D JewelryOverlay:    - Scale: 0.5
09-19 02:08:34.012  6986  6986 D JewelryOverlay:    - Rotation X: 1.1399062
09-19 02:08:34.012  6986  6986 D JewelryOverlay:    - Rotation Y: 3.8936176
09-19 02:08:34.013  6986  6986 D JewelryOverlay: 🎯 Requesting render...
09-19 02:08:34.013  6986  6986 D JewelryOverlay: 🎯 Render requested successfully
09-19 02:08:34.075  6986  6986 D JewelryOverlay: 👤 Valid face detected, area: 43264
09-19 02:08:34.075  6986  6986 D JewelryOverlay: 🎯 Processing face for 3D rendering
09-19 02:08:34.075  6986  6986 D JewelryOverlay: 📏 Calculated scale: 0.41599998 (face size: 208.0)
09-19 02:08:34.075  6986  6986 D JewelryOverlay: 🎯 Renderer status: EXISTS
09-19 02:08:34.075  6986  6986 D JewelryOverlay: 🎯 GLView status: EXISTS
09-19 02:08:34.075  6986  6986 D JewelryOverlay: 🎯 Current 3D model: EXISTS
09-19 02:08:34.075  6986  6986 D JewelryOverlay: 🔄 Head rotation: X=2.811351, Y=2.7963781, Z=7.1213684
09-19 02:08:34.075  6986  6986 D JewelryOverlay: 🎯 Face data:
09-19 02:08:34.075  6986  6986 D JewelryOverlay:    - Face scale: 0.41599998
09-19 02:08:34.075  6986  6986 D JewelryOverlay:    - Neck points: (PointF(601.1887, 1705.2659), PointF(601.1887, 1854.8661))
09-19 02:08:34.075  6986  6986 D JewelryOverlay:    - Head rotation: [2.811351, 2.7963781, 7.1213684]
09-19 02:08:34.075  6986  6986 D JewelryOverlay:    - Applied scale: 1.0
09-19 02:08:34.075  6986  6986 D JewelryOverlay:    - Applied rotation: [0.0, 0.0, 0.0]
09-19 02:08:34.076  6986  6986 D JewelryOverlay: 🎯 Final renderer values:
09-19 02:08:34.076  6986  6986 D JewelryOverlay:    - Scale: 0.5
09-19 02:08:34.076  6986  6986 D JewelryOverlay:    - Rotation X: 2.811351
09-19 02:08:34.076  6986  6986 D JewelryOverlay:    - Rotation Y: 2.7963781
09-19 02:08:34.076  6986  6986 D JewelryOverlay: 🎯 Requesting render...
09-19 02:08:34.076  6986  6986 D JewelryOverlay: 🎯 Render requested successfully
09-19 02:08:34.130  6986  6986 D JewelryOverlay: 👤 Valid face detected, area: 44944
09-19 02:08:34.130  6986  6986 D JewelryOverlay: 🎯 Processing face for 3D rendering
09-19 02:08:34.130  6986  6986 D JewelryOverlay: 📏 Calculated scale: 0.424 (face size: 212.0)
09-19 02:08:34.130  6986  6986 D JewelryOverlay: 🎯 Renderer status: EXISTS
09-19 02:08:34.130  6986  6986 D JewelryOverlay: 🎯 GLView status: EXISTS
09-19 02:08:34.130  6986  6986 D JewelryOverlay: 🎯 Current 3D model: EXISTS
09-19 02:08:34.130  6986  6986 D JewelryOverlay: 🔄 Head rotation: X=3.9134805, Y=2.8261828, Z=6.672823
09-19 02:08:34.130  6986  6986 D JewelryOverlay: 🎯 Face data:
09-19 02:08:34.130  6986  6986 D JewelryOverlay:    - Face scale: 0.424
09-19 02:08:34.130  6986  6986 D JewelryOverlay:    - Neck points: (PointF(585.86755, 1689.837), PointF(585.86755, 1840.5243))
09-19 02:08:34.130  6986  6986 D JewelryOverlay:    - Head rotation: [3.9134805, 2.8261828, 6.672823]
09-19 02:08:34.130  6986  6986 D JewelryOverlay:    - Applied scale: 1.0
09-19 02:08:34.131  6986  6986 D JewelryOverlay:    - Applied rotation: [0.0, 0.0, 0.0]
09-19 02:08:34.131  6986  6986 D JewelryOverlay: 🎯 Final renderer values:
09-19 02:08:34.131  6986  6986 D JewelryOverlay:    - Scale: 0.5
09-19 02:08:34.131  6986  6986 D JewelryOverlay:    - Rotation X: 3.9134805
09-19 02:08:34.131  6986  6986 D JewelryOverlay:    - Rotation Y: 2.8261828
09-19 02:08:34.131  6986  6986 D JewelryOverlay: 🎯 Requesting render...
09-19 02:08:34.131  6986  6986 D JewelryOverlay: 🎯 Render requested successfully
09-19 02:08:34.191  6986  6986 D JewelryOverlay: 👤 Valid face detected, area: 44944
09-19 02:08:34.191  6986  6986 D JewelryOverlay: 🎯 Processing face for 3D rendering
09-19 02:08:34.191  6986  6986 D JewelryOverlay: 📏 Calculated scale: 0.424 (face size: 212.0)
09-19 02:08:34.191  6986  6986 D JewelryOverlay: 🎯 Renderer status: EXISTS
09-19 02:08:34.191  6986  6986 D JewelryOverlay: 🎯 GLView status: EXISTS
09-19 02:08:34.191  6986  6986 D JewelryOverlay: 🎯 Current 3D model: EXISTS
09-19 02:08:34.191  6986  6986 D JewelryOverlay: 🔄 Head rotation: X=2.6155052, Y=4.125409, Z=6.588925
09-19 02:08:34.191  6986  6986 D JewelryOverlay: 🎯 Face data:
09-19 02:08:34.191  6986  6986 D JewelryOverlay:    - Face scale: 0.424
09-19 02:08:34.191  6986  6986 D JewelryOverlay:    - Neck points: (PointF(581.6738, 1681.6189), PointF(581.6738, 1831.7062))
09-19 02:08:34.191  6986  6986 D JewelryOverlay:    - Head rotation: [2.6155052, 4.125409, 6.588925]
09-19 02:08:34.191  6986  6986 D JewelryOverlay:    - Applied scale: 1.0
09-19 02:08:34.191  6986  6986 D JewelryOverlay:    - Applied rotation: [0.0, 0.0, 0.0]
09-19 02:08:34.191  6986  6986 D JewelryOverlay: 🎯 Final renderer values:
09-19 02:08:34.191  6986  6986 D JewelryOverlay:    - Scale: 0.5
09-19 02:08:34.191  6986  6986 D JewelryOverlay:    - Rotation X: 2.6155052
09-19 02:08:34.191  6986  6986 D JewelryOverlay:    - Rotation Y: 4.125409
09-19 02:08:34.191  6986  6986 D JewelryOverlay: 🎯 Requesting render...
09-19 02:08:34.191  6986  6986 D JewelryOverlay: 🎯 Render requested successfully
09-19 02:08:34.250  6986  6986 D JewelryOverlay: 👤 Valid face detected, area: 43264
09-19 02:08:34.251  6986  6986 D JewelryOverlay: 🎯 Processing face for 3D rendering
09-19 02:08:34.251  6986  6986 D JewelryOverlay: 📏 Calculated scale: 0.41599998 (face size: 208.0)
09-19 02:08:34.251  6986  6986 D JewelryOverlay: 🎯 Renderer status: EXISTS
09-19 02:08:34.251  6986  6986 D JewelryOverlay: 🎯 GLView status: EXISTS
09-19 02:08:34.251  6986  6986 D JewelryOverlay: 🎯 Current 3D model: EXISTS
09-19 02:08:34.252  6986  6986 D JewelryOverlay: 🔄 Head rotation: X=1.4700656, Y=4.423776, Z=6.006573
09-19 02:08:34.252  6986  6986 D JewelryOverlay: 🎯 Face data:
09-19 02:08:34.252  6986  6986 D JewelryOverlay:    - Face scale: 0.41599998
09-19 02:08:34.252  6986  6986 D JewelryOverlay:    - Neck points: (PointF(579.5206, 1687.3201), PointF(579.5206, 1836.4392))
09-19 02:08:34.252  6986  6986 D JewelryOverlay:    - Head rotation: [1.4700656, 4.423776, 6.006573]
09-19 02:08:34.252  6986  6986 D JewelryOverlay:    - Applied scale: 1.0
09-19 02:08:34.252  6986  6986 D JewelryOverlay:    - Applied rotation: [0.0, 0.0, 0.0]
09-19 02:08:34.252  6986  6986 D JewelryOverlay: 🎯 Final renderer values:
09-19 02:08:34.252  6986  6986 D JewelryOverlay:    - Scale: 0.5
09-19 02:08:34.252  6986  6986 D JewelryOverlay:    - Rotation X: 1.4700656
09-19 02:08:34.254  6986  6986 D JewelryOverlay:    - Rotation Y: 4.423776
09-19 02:08:34.254  6986  6986 D JewelryOverlay: 🎯 Requesting render...
09-19 02:08:34.254  6986  6986 D JewelryOverlay: 🎯 Render requested successfully
09-19 02:08:34.316  6986  6986 D JewelryOverlay: 👤 Valid face detected, area: 43264
09-19 02:08:34.316  6986  6986 D JewelryOverlay: 🎯 Processing face for 3D rendering
09-19 02:08:34.316  6986  6986 D JewelryOverlay: 📏 Calculated scale: 0.41599998 (face size: 208.0)
09-19 02:08:34.316  6986  6986 D JewelryOverlay: 🎯 Renderer status: EXISTS
09-19 02:08:34.316  6986  6986 D JewelryOverlay: 🎯 GLView status: EXISTS
09-19 02:08:34.316  6986  6986 D JewelryOverlay: 🎯 Current 3D model: EXISTS
09-19 02:08:34.316  6986  6986 D JewelryOverlay: 🔄 Head rotation: X=1.88559, Y=3.8290048, Z=6.147095
09-19 02:08:34.316  6986  6986 D JewelryOverlay: 🎯 Face data:
09-19 02:08:34.316  6986  6986 D JewelryOverlay:    - Face scale: 0.41599998
09-19 02:08:34.316  6986  6986 D JewelryOverlay:    - Neck points: (PointF(575.9309, 1692.4631), PointF(575.9309, 1841.418))
09-19 02:08:34.317  6986  6986 D JewelryOverlay:    - Head rotation: [1.88559, 3.8290048, 6.147095]
09-19 02:08:34.317  6986  6986 D JewelryOverlay:    - Applied scale: 1.0
09-19 02:08:34.317  6986  6986 D JewelryOverlay:    - Applied rotation: [0.0, 0.0, 0.0]
09-19 02:08:34.317  6986  6986 D JewelryOverlay: 🎯 Final renderer values:
09-19 02:08:34.317  6986  6986 D JewelryOverlay:    - Scale: 0.5
09-19 02:08:34.317  6986  6986 D JewelryOverlay:    - Rotation X: 1.88559
09-19 02:08:34.317  6986  6986 D JewelryOverlay:    - Rotation Y: 3.8290048
09-19 02:08:34.317  6986  6986 D JewelryOverlay: 🎯 Requesting render...
09-19 02:08:34.317  6986  6986 D JewelryOverlay: 🎯 Render requested successfully
09-19 02:08:34.384  6986  6986 D JewelryOverlay: 👤 Valid face detected, area: 43264
09-19 02:08:34.384  6986  6986 D JewelryOverlay: 🎯 Processing face for 3D rendering
09-19 02:08:34.384  6986  6986 D JewelryOverlay: 📏 Calculated scale: 0.41599998 (face size: 208.0)
09-19 02:08:34.384  6986  6986 D JewelryOverlay: 🎯 Renderer status: EXISTS
09-19 02:08:34.384  6986  6986 D JewelryOverlay: 🎯 GLView status: EXISTS
09-19 02:08:34.384  6986  6986 D JewelryOverlay: 🎯 Current 3D model: EXISTS
09-19 02:08:34.384  6986  6986 D JewelryOverlay: 🔄 Head rotation: X=2.380637, Y=4.563717, Z=6.112931
09-19 02:08:34.384  6986  6986 D JewelryOverlay: 🎯 Face data:
09-19 02:08:34.384  6986  6986 D JewelryOverlay:    - Face scale: 0.41599998
09-19 02:08:34.384  6986  6986 D JewelryOverlay:    - Neck points: (PointF(578.6185, 1695.858), PointF(578.6185, 1843.9354))
09-19 02:08:34.384  6986  6986 D JewelryOverlay:    - Head rotation: [2.380637, 4.563717, 6.112931]
09-19 02:08:34.384  6986  6986 D JewelryOverlay:    - Applied scale: 1.0
09-19 02:08:34.384  6986  6986 D JewelryOverlay:    - Applied rotation: [0.0, 0.0, 0.0]
09-19 02:08:34.384  6986  6986 D JewelryOverlay: 🎯 Final renderer values:
09-19 02:08:34.384  6986  6986 D JewelryOverlay:    - Scale: 0.5
09-19 02:08:34.384  6986  6986 D JewelryOverlay:    - Rotation X: 2.380637
09-19 02:08:34.384  6986  6986 D JewelryOverlay:    - Rotation Y: 4.563717
09-19 02:08:34.384  6986  6986 D JewelryOverlay: 🎯 Requesting render...
09-19 02:08:34.384  6986  6986 D JewelryOverlay: 🎯 Render requested successfully
09-19 02:08:34.439  6986  6986 D JewelryOverlay: 👤 Valid face detected, area: 42640
09-19 02:08:34.439  6986  6986 D JewelryOverlay: 🎯 Processing face for 3D rendering
09-19 02:08:34.439  6986  6986 D JewelryOverlay: 📏 Calculated scale: 0.41300002 (face size: 206.5)
09-19 02:08:34.439  6986  6986 D JewelryOverlay: 🎯 Renderer status: EXISTS
09-19 02:08:34.439  6986  6986 D JewelryOverlay: 🎯 GLView status: EXISTS
09-19 02:08:34.439  6986  6986 D JewelryOverlay: 🎯 Current 3D model: EXISTS
09-19 02:08:34.439  6986  6986 D JewelryOverlay: 🔄 Head rotation: X=2.3932989, Y=4.705608, Z=5.768874
09-19 02:08:34.439  6986  6986 D JewelryOverlay: 🎯 Face data:
09-19 02:08:34.439  6986  6986 D JewelryOverlay:    - Face scale: 0.41300002
09-19 02:08:34.439  6986  6986 D JewelryOverlay:    - Neck points: (PointF(567.6527, 1690.8735), PointF(567.6527, 1840.1075))
09-19 02:08:34.439  6986  6986 D JewelryOverlay:    - Head rotation: [2.3932989, 4.705608, 5.768874]
09-19 02:08:34.439  6986  6986 D JewelryOverlay:    - Applied scale: 1.0
