09-19 02:08:45.962  6986  6986 D JewelryOverlay: 🎯 Requesting render...
09-19 02:08:45.962  6986  6986 D JewelryOverlay: 🎯 Render requested successfully
09-19 02:08:45.962  6986  7735 D ModelRenderer: 🎨 Drawing frame - Vertices: 13, Indices: 33
09-19 02:08:45.962  6986  7735 D ModelRenderer:    - Transform: Scale=1.29, RotX=4.8, RotY=-0.4
09-19 02:08:45.962  6986  7735 D ModelRenderer:    - Position: X=0.00, Y=0.00
09-19 02:08:45.963  6986  7735 D ModelRenderer:    - Drawing 11 triangles...
09-19 02:08:45.963  6986  7735 D ModelRenderer:    - Draw call completed successfully.
09-19 02:08:46.031  6986  6986 D JewelryOverlay: 👤 Valid face detected, area: 55696
09-19 02:08:46.031  6986  6986 D JewelryOverlay: 🎯 Processing face for 3D rendering
09-19 02:08:46.031  6986  6986 D JewelryOverlay: 📏 Calculated scale: 0.47199997 (face size: 236.0)
09-19 02:08:46.031  6986  6986 D JewelryOverlay: 🎯 Renderer status: EXISTS
09-19 02:08:46.031  6986  6986 D JewelryOverlay: 🎯 GLView status: EXISTS
09-19 02:08:46.031  6986  6986 D JewelryOverlay: 🎯 Current 3D model: EXISTS
09-19 02:08:46.031  6986  6986 D JewelryOverlay: 🔄 Head rotation: X=-0.16916403, Y=2.472858, Z=7.9329786
09-19 02:08:46.031  6986  6986 D JewelryOverlay: 🎯 Face data:
09-19 02:08:46.031  6986  6986 D JewelryOverlay:    - Face scale: 0.47199997
09-19 02:08:46.031  6986  6986 D JewelryOverlay:    - Neck points: (PointF(552.08215, 1686.2172), PointF(552.08215, 1849.2731))
09-19 02:08:46.031  6986  6986 D JewelryOverlay:    - Head rotation: [-0.16916403, 2.472858, 7.9329786]
09-19 02:08:46.031  6986  6986 D JewelryOverlay:    - Applied scale: 2.586313
09-19 02:08:46.031  6986  6986 D JewelryOverlay:    - Applied rotation: [4.798828, -2.8344724, 0.0]
09-19 02:08:46.031  6986  6986 D JewelryOverlay: 🎯 Final renderer values:
09-19 02:08:46.031  6986  6986 D JewelryOverlay:    - Scale: 1.2931565
09-19 02:08:46.031  6986  6986 D JewelryOverlay:    - Rotation X: 4.629664
09-19 02:08:46.031  6986  6986 D JewelryOverlay:    - Rotation Y: -0.36161447
09-19 02:08:46.031  6986  6986 D JewelryOverlay: 🎯 Requesting render...
09-19 02:08:46.031  6986  6986 D JewelryOverlay: 🎯 Render requested successfully
09-19 02:08:46.031  6986  7735 D ModelRenderer: 🎨 Drawing frame - Vertices: 13, Indices: 33
09-19 02:08:46.031  6986  7735 D ModelRenderer:    - Transform: Scale=1.29, RotX=4.6, RotY=-0.4
09-19 02:08:46.031  6986  7735 D ModelRenderer:    - Position: X=0.00, Y=0.00
09-19 02:08:46.032  6986  7735 D ModelRenderer:    - Drawing 11 triangles...
09-19 02:08:46.032  6986  7735 D ModelRenderer:    - Draw call completed successfully.
09-19 02:08:46.087  6986  6986 D JewelryOverlay: 👤 Valid face detected, area: 55696
09-19 02:08:46.087  6986  6986 D JewelryOverlay: 🎯 Processing face for 3D rendering
09-19 02:08:46.087  6986  6986 D JewelryOverlay: 📏 Calculated scale: 0.47199997 (face size: 236.0)
09-19 02:08:46.087  6986  6986 D JewelryOverlay: 🎯 Renderer status: EXISTS
09-19 02:08:46.087  6986  6986 D JewelryOverlay: 🎯 GLView status: EXISTS
09-19 02:08:46.087  6986  6986 D JewelryOverlay: 🎯 Current 3D model: EXISTS
09-19 02:08:46.087  6986  6986 D JewelryOverlay: 🔄 Head rotation: X=0.8983365, Y=2.8246176, Z=8.04644
09-19 02:08:46.087  6986  6986 D JewelryOverlay: 🎯 Face data:
09-19 02:08:46.087  6986  6986 D JewelryOverlay:    - Face scale: 0.47199997
09-19 02:08:46.087  6986  6986 D JewelryOverlay:    - Neck points: (PointF(558.7334, 1696.5891), PointF(558.7334, 1863.4266))
09-19 02:08:46.087  6986  6986 D JewelryOverlay:    - Head rotation: [0.8983365, 2.8246176, 8.04644]
09-19 02:08:46.087  6986  6986 D JewelryOverlay:    - Applied scale: 2.586313
09-19 02:08:46.087  6986  6986 D JewelryOverlay:    - Applied rotation: [4.798828, -2.8344724, 0.0]
09-19 02:08:46.087  6986  6986 D JewelryOverlay: 🎯 Final renderer values:
09-19 02:08:46.087  6986  6986 D JewelryOverlay:    - Scale: 1.2931565
09-19 02:08:46.087  6986  6986 D JewelryOverlay:    - Rotation X: 5.6971645
09-19 02:08:46.087  6986  6986 D JewelryOverlay:    - Rotation Y: -0.009854794
09-19 02:08:46.087  6986  6986 D JewelryOverlay: 🎯 Requesting render...
09-19 02:08:46.087  6986  6986 D JewelryOverlay: 🎯 Render requested successfully
09-19 02:08:46.087  6986  7735 D ModelRenderer: 🎨 Drawing frame - Vertices: 13, Indices: 33
09-19 02:08:46.088  6986  7735 D ModelRenderer:    - Transform: Scale=1.29, RotX=5.7, RotY=-0.0
09-19 02:08:46.088  6986  7735 D ModelRenderer:    - Position: X=0.00, Y=0.00
09-19 02:08:46.088  6986  7735 D ModelRenderer:    - Drawing 11 triangles...
09-19 02:08:46.088  6986  7735 D ModelRenderer:    - Draw call completed successfully.
09-19 02:08:46.143  6986  6986 D JewelryOverlay: 👤 Valid face detected, area: 54289
09-19 02:08:46.143  6986  6986 D JewelryOverlay: 🎯 Processing face for 3D rendering
09-19 02:08:46.143  6986  6986 D JewelryOverlay: 📏 Calculated scale: 0.466 (face size: 233.0)
09-19 02:08:46.143  6986  6986 D JewelryOverlay: 🎯 Renderer status: EXISTS
09-19 02:08:46.143  6986  6986 D JewelryOverlay: 🎯 GLView status: EXISTS
09-19 02:08:46.143  6986  6986 D JewelryOverlay: 🎯 Current 3D model: EXISTS
09-19 02:08:46.143  6986  6986 D JewelryOverlay: 🔄 Head rotation: X=0.53300357, Y=2.808954, Z=7.937474
09-19 02:08:46.143  6986  6986 D JewelryOverlay: 🎯 Face data:
09-19 02:08:46.143  6986  6986 D JewelryOverlay:    - Face scale: 0.466
09-19 02:08:46.143  6986  6986 D JewelryOverlay:    - Neck points: (PointF(557.79205, 1689.639), PointF(557.79205, 1855.0836))
09-19 02:08:46.143  6986  6986 D JewelryOverlay:    - Head rotation: [0.53300357, 2.808954, 7.937474]
09-19 02:08:46.143  6986  6986 D JewelryOverlay:    - Applied scale: 2.586313
09-19 02:08:46.143  6986  6986 D JewelryOverlay:    - Applied rotation: [4.798828, -2.8344724, 0.0]
09-19 02:08:46.143  6986  6986 D JewelryOverlay: 🎯 Final renderer values:
09-19 02:08:46.143  6986  6986 D JewelryOverlay:    - Scale: 1.2931565
09-19 02:08:46.143  6986  6986 D JewelryOverlay:    - Rotation X: 5.331832
09-19 02:08:46.143  6986  6986 D JewelryOverlay:    - Rotation Y: -0.025518417
09-19 02:08:46.143  6986  6986 D JewelryOverlay: 🎯 Requesting render...
09-19 02:08:46.143  6986  6986 D JewelryOverlay: 🎯 Render requested successfully
09-19 02:08:46.143  6986  7735 D ModelRenderer: 🎨 Drawing frame - Vertices: 13, Indices: 33
09-19 02:08:46.143  6986  7735 D ModelRenderer:    - Transform: Scale=1.29, RotX=5.3, RotY=-0.0
09-19 02:08:46.143  6986  7735 D ModelRenderer:    - Position: X=0.00, Y=0.00
09-19 02:08:46.143  6986  7735 D ModelRenderer:    - Drawing 11 triangles...
09-19 02:08:46.143  6986  7735 D ModelRenderer:    - Draw call completed successfully.
09-19 02:08:46.205  6986  6986 D JewelryOverlay: 👤 Valid face detected, area: 55696
09-19 02:08:46.205  6986  6986 D JewelryOverlay: 🎯 Processing face for 3D rendering
09-19 02:08:46.205  6986  6986 D JewelryOverlay: 📏 Calculated scale: 0.47199997 (face size: 236.0)
09-19 02:08:46.205  6986  6986 D JewelryOverlay: 🎯 Renderer status: EXISTS
09-19 02:08:46.205  6986  6986 D JewelryOverlay: 🎯 GLView status: EXISTS
09-19 02:08:46.205  6986  6986 D JewelryOverlay: 🎯 Current 3D model: EXISTS
09-19 02:08:46.205  6986  6986 D JewelryOverlay: 🔄 Head rotation: X=-1.4771111, Y=2.051954, Z=8.47132
09-19 02:08:46.205  6986  6986 D JewelryOverlay: 🎯 Face data:
09-19 02:08:46.205  6986  6986 D JewelryOverlay:    - Face scale: 0.47199997
09-19 02:08:46.205  6986  6986 D JewelryOverlay:    - Neck points: (PointF(557.8441, 1683.9445), PointF(557.8441, 1847.827))
09-19 02:08:46.205  6986  6986 D JewelryOverlay:    - Head rotation: [-1.4771111, 2.051954, 8.47132]
09-19 02:08:46.205  6986  6986 D JewelryOverlay:    - Applied scale: 2.586313
09-19 02:08:46.205  6986  6986 D JewelryOverlay:    - Applied rotation: [4.798828, -2.8344724, 0.0]
09-19 02:08:46.205  6986  6986 D JewelryOverlay: 🎯 Final renderer values:
09-19 02:08:46.205  6986  6986 D JewelryOverlay:    - Scale: 1.2931565
09-19 02:08:46.205  6986  6986 D JewelryOverlay:    - Rotation X: 3.321717
09-19 02:08:46.205  6986  6986 D JewelryOverlay:    - Rotation Y: -0.7825184
09-19 02:08:46.205  6986  6986 D JewelryOverlay: 🎯 Requesting render...
09-19 02:08:46.205  6986  6986 D JewelryOverlay: 🎯 Render requested successfully
09-19 02:08:46.205  6986  7735 D ModelRenderer: 🎨 Drawing frame - Vertices: 13, Indices: 33
09-19 02:08:46.205  6986  7735 D ModelRenderer:    - Transform: Scale=1.29, RotX=3.3, RotY=-0.8
09-19 02:08:46.205  6986  7735 D ModelRenderer:    - Position: X=0.00, Y=0.00
09-19 02:08:46.206  6986  7735 D ModelRenderer:    - Drawing 11 triangles...
09-19 02:08:46.206  6986  7735 D ModelRenderer:    - Draw call completed successfully.
09-19 02:08:46.275  6986  6986 D JewelryOverlay: 👤 Valid face detected, area: 54988
09-19 02:08:46.275  6986  6986 D JewelryOverlay: 🎯 Processing face for 3D rendering
09-19 02:08:46.275  6986  6986 D JewelryOverlay: 📏 Calculated scale: 0.469 (face size: 234.5)
09-19 02:08:46.275  6986  6986 D JewelryOverlay: 🎯 Renderer status: EXISTS
09-19 02:08:46.275  6986  6986 D JewelryOverlay: 🎯 GLView status: EXISTS
09-19 02:08:46.275  6986  6986 D JewelryOverlay: 🎯 Current 3D model: EXISTS
09-19 02:08:46.275  6986  6986 D JewelryOverlay: 🔄 Head rotation: X=-0.6940177, Y=2.4369283, Z=8.340787
09-19 02:08:46.275  6986  6986 D JewelryOverlay: 🎯 Face data:
09-19 02:08:46.275  6986  6986 D JewelryOverlay:    - Face scale: 0.469
09-19 02:08:46.275  6986  6986 D JewelryOverlay:    - Neck points: (PointF(565.93787, 1687.563), PointF(565.93787, 1852.9387))
09-19 02:08:46.275  6986  6986 D JewelryOverlay:    - Head rotation: [-0.6940177, 2.4369283, 8.340787]
09-19 02:08:46.275  6986  6986 D JewelryOverlay:    - Applied scale: 2.586313
09-19 02:08:46.275  6986  6986 D JewelryOverlay:    - Applied rotation: [4.798828, -2.8344724, 0.0]
09-19 02:08:46.275  6986  6986 D JewelryOverlay: 🎯 Final renderer values:
09-19 02:08:46.275  6986  6986 D JewelryOverlay:    - Scale: 1.2931565
09-19 02:08:46.275  6986  6986 D JewelryOverlay:    - Rotation X: 4.10481
09-19 02:08:46.275  6986  6986 D JewelryOverlay:    - Rotation Y: -0.39754415
09-19 02:08:46.275  6986  6986 D JewelryOverlay: 🎯 Requesting render...
09-19 02:08:46.276  6986  6986 D JewelryOverlay: 🎯 Render requested successfully
09-19 02:08:46.276  6986  7735 D ModelRenderer: 🎨 Drawing frame - Vertices: 13, Indices: 33
09-19 02:08:46.276  6986  7735 D ModelRenderer:    - Transform: Scale=1.29, RotX=4.1, RotY=-0.4
09-19 02:08:46.276  6986  7735 D ModelRenderer:    - Position: X=0.00, Y=0.00
09-19 02:08:46.276  6986  7735 D ModelRenderer:    - Drawing 11 triangles...
09-19 02:08:46.276  6986  7735 D ModelRenderer:    - Draw call completed successfully.
09-19 02:08:46.325  6986  6986 D JewelryOverlay: 👤 Valid face detected, area: 54056
09-19 02:08:46.325  6986  6986 D JewelryOverlay: 🎯 Processing face for 3D rendering
09-19 02:08:46.325  6986  6986 D JewelryOverlay: 📏 Calculated scale: 0.465 (face size: 232.5)
09-19 02:08:46.325  6986  6986 D JewelryOverlay: 🎯 Renderer status: EXISTS
09-19 02:08:46.325  6986  6986 D JewelryOverlay: 🎯 GLView status: EXISTS
09-19 02:08:46.325  6986  6986 D JewelryOverlay: 🎯 Current 3D model: EXISTS
09-19 02:08:46.325  6986  6986 D JewelryOverlay: 🔄 Head rotation: X=-0.63379526, Y=2.5231874, Z=8.0224695
09-19 02:08:46.325  6986  6986 D JewelryOverlay: 🎯 Face data:
09-19 02:08:46.325  6986  6986 D JewelryOverlay:    - Face scale: 0.465
09-19 02:08:46.325  6986  6986 D JewelryOverlay:    - Neck points: (PointF(566.0981, 1679.8141), PointF(566.0981, 1844.8407))
09-19 02:08:46.325  6986  6986 D JewelryOverlay:    - Head rotation: [-0.63379526, 2.5231874, 8.0224695]
09-19 02:08:46.325  6986  6986 D JewelryOverlay:    - Applied scale: 2.586313
09-19 02:08:46.325  6986  6986 D JewelryOverlay:    - Applied rotation: [4.798828, -2.8344724, 0.0]
09-19 02:08:46.325  6986  6986 D JewelryOverlay: 🎯 Final renderer values:
09-19 02:08:46.325  6986  6986 D JewelryOverlay:    - Scale: 1.2931565
09-19 02:08:46.325  6986  6986 D JewelryOverlay:    - Rotation X: 4.165033
09-19 02:08:46.325  6986  6986 D JewelryOverlay:    - Rotation Y: -0.31128502
09-19 02:08:46.325  6986  6986 D JewelryOverlay: 🎯 Requesting render...
09-19 02:08:46.325  6986  6986 D JewelryOverlay: 🎯 Render requested successfully
09-19 02:08:46.326  6986  7735 D ModelRenderer: 🎨 Drawing frame - Vertices: 13, Indices: 33
09-19 02:08:46.326  6986  7735 D ModelRenderer:    - Transform: Scale=1.29, RotX=4.2, RotY=-0.3
09-19 02:08:46.326  6986  7735 D ModelRenderer:    - Position: X=0.00, Y=0.00
09-19 02:08:46.326  6986  7735 D ModelRenderer:    - Drawing 11 triangles...
09-19 02:08:46.326  6986  7735 D ModelRenderer:    - Draw call completed successfully.
09-19 02:08:46.393  6986  6986 D JewelryOverlay: 👤 Valid face detected, area: 54056
09-19 02:08:46.393  6986  6986 D JewelryOverlay: 🎯 Processing face for 3D rendering
09-19 02:08:46.393  6986  6986 D JewelryOverlay: 📏 Calculated scale: 0.465 (face size: 232.5)
09-19 02:08:46.393  6986  6986 D JewelryOverlay: 🎯 Renderer status: EXISTS
09-19 02:08:46.393  6986  6986 D JewelryOverlay: 🎯 GLView status: EXISTS
09-19 02:08:46.393  6986  6986 D JewelryOverlay: 🎯 Current 3D model: EXISTS
09-19 02:08:46.393  6986  6986 D JewelryOverlay: 🔄 Head rotation: X=-0.30351567, Y=1.9607849, Z=8.569412
09-19 02:08:46.393  6986  6986 D JewelryOverlay: 🎯 Face data:
09-19 02:08:46.393  6986  6986 D JewelryOverlay:    - Face scale: 0.465
09-19 02:08:46.393  6986  6986 D JewelryOverlay:    - Neck points: (PointF(566.35614, 1699.5515), PointF(566.35614, 1864.7761))
09-19 02:08:46.393  6986  6986 D JewelryOverlay:    - Head rotation: [-0.30351567, 1.9607849, 8.569412]
09-19 02:08:46.393  6986  6986 D JewelryOverlay:    - Applied scale: 2.586313
09-19 02:08:46.393  6986  6986 D JewelryOverlay:    - Applied rotation: [4.798828, -2.8344724, 0.0]
09-19 02:08:46.393  6986  6986 D JewelryOverlay: 🎯 Final renderer values:
09-19 02:08:46.393  6986  6986 D JewelryOverlay:    - Scale: 1.2931565
09-19 02:08:46.393  6986  6986 D JewelryOverlay:    - Rotation X: 4.4953127
09-19 02:08:46.393  6986  6986 D JewelryOverlay:    - Rotation Y: -0.8736875
09-19 02:08:46.393  6986  6986 D JewelryOverlay: 🎯 Requesting render...
09-19 02:08:46.393  6986  6986 D JewelryOverlay: 🎯 Render requested successfully
09-19 02:08:46.394  6986  7735 D ModelRenderer: 🎨 Drawing frame - Vertices: 13, Indices: 33
09-19 02:08:46.394  6986  7735 D ModelRenderer:    - Transform: Scale=1.29, RotX=4.5, RotY=-0.9
09-19 02:08:46.394  6986  7735 D ModelRenderer:    - Position: X=0.00, Y=0.00
09-19 02:08:46.394  6986  7735 D ModelRenderer:    - Drawing 11 triangles...
09-19 02:08:46.394  6986  7735 D ModelRenderer:    - Draw call completed successfully.
09-19 02:08:46.448  6986  6986 D JewelryOverlay: 👤 Valid face detected, area: 56880
09-19 02:08:46.448  6986  6986 D JewelryOverlay: 🎯 Processing face for 3D rendering
09-19 02:08:46.448  6986  6986 D JewelryOverlay: 📏 Calculated scale: 0.477 (face size: 238.5)
09-19 02:08:46.448  6986  6986 D JewelryOverlay: 🎯 Renderer status: EXISTS
09-19 02:08:46.448  6986  6986 D JewelryOverlay: 🎯 GLView status: EXISTS
09-19 02:08:46.448  6986  6986 D JewelryOverlay: 🎯 Current 3D model: EXISTS
09-19 02:08:46.448  6986  6986 D JewelryOverlay: 🔄 Head rotation: X=0.3024942, Y=2.3808632, Z=7.887007
09-19 02:08:46.448  6986  6986 D JewelryOverlay: 🎯 Face data:
09-19 02:08:46.448  6986  6986 D JewelryOverlay:    - Face scale: 0.477
09-19 02:08:46.448  6986  6986 D JewelryOverlay:    - Neck points: (PointF(584.39185, 1673.9406), PointF(584.39185, 1835.2125))
09-19 02:08:46.448  6986  6986 D JewelryOverlay:    - Head rotation: [0.3024942, 2.3808632, 7.887007]
09-19 02:08:46.448  6986  6986 D JewelryOverlay:    - Applied scale: 2.586313
09-19 02:08:46.448  6986  6986 D JewelryOverlay:    - Applied rotation: [4.798828, -2.8344724, 0.0]
09-19 02:08:46.448  6986  6986 D JewelryOverlay: 🎯 Final renderer values:
09-19 02:08:46.448  6986  6986 D JewelryOverlay:    - Scale: 1.2931565
09-19 02:08:46.448  6986  6986 D JewelryOverlay:    - Rotation X: 5.101322
09-19 02:08:46.448  6986  6986 D JewelryOverlay:    - Rotation Y: -0.45360923
09-19 02:08:46.448  6986  6986 D JewelryOverlay: 🎯 Requesting render...
09-19 02:08:46.448  6986  6986 D JewelryOverlay: 🎯 Render requested successfully
09-19 02:08:46.449  6986  7735 D ModelRenderer: 🎨 Drawing frame - Vertices: 13, Indices: 33
09-19 02:08:46.449  6986  7735 D ModelRenderer:    - Transform: Scale=1.29, RotX=5.1, RotY=-0.5
09-19 02:08:46.449  6986  7735 D ModelRenderer:    - Position: X=0.00, Y=0.00
09-19 02:08:46.449  6986  7735 D ModelRenderer:    - Drawing 11 triangles...
09-19 02:08:46.449  6986  7735 D ModelRenderer:    - Draw call completed successfully.
09-19 02:08:46.508  6986  6986 D JewelryOverlay: 👤 Valid face detected, area: 53128
09-19 02:08:46.508  6986  6986 D JewelryOverlay: 🎯 Processing face for 3D rendering
09-19 02:08:46.508  6986  6986 D JewelryOverlay: 📏 Calculated scale: 0.46100003 (face size: 230.5)
09-19 02:08:46.508  6986  6986 D JewelryOverlay: 🎯 Renderer status: EXISTS
09-19 02:08:46.508  6986  6986 D JewelryOverlay: 🎯 GLView status: EXISTS
09-19 02:08:46.508  6986  6986 D JewelryOverlay: 🎯 Current 3D model: EXISTS
09-19 02:08:46.508  6986  6986 D JewelryOverlay: 🔄 Head rotation: X=0.62740153, Y=2.7161822, Z=7.8541284
09-19 02:08:46.509  6986  6986 D JewelryOverlay: 🎯 Face data:
09-19 02:08:46.509  6986  6986 D JewelryOverlay:    - Face scale: 0.46100003
09-19 02:08:46.509  6986  6986 D JewelryOverlay:    - Neck points: (PointF(591.2544, 1679.0957), PointF(591.2544, 1845.6443))
09-19 02:08:46.509  6986  6986 D JewelryOverlay:    - Head rotation: [0.62740153, 2.7161822, 7.8541284]
09-19 02:08:46.509  6986  6986 D JewelryOverlay:    - Applied scale: 2.586313
09-19 02:08:46.509  6986  6986 D JewelryOverlay:    - Applied rotation: [4.798828, -2.8344724, 0.0]
09-19 02:08:46.509  6986  6986 D JewelryOverlay: 🎯 Final renderer values:
09-19 02:08:46.509  6986  6986 D JewelryOverlay:    - Scale: 1.2931565
09-19 02:08:46.509  6986  6986 D JewelryOverlay:    - Rotation X: 5.4262295
09-19 02:08:46.509  6986  6986 D JewelryOverlay:    - Rotation Y: -0.118290186
09-19 02:08:46.509  6986  6986 D JewelryOverlay: 🎯 Requesting render...
09-19 02:08:46.509  6986  6986 D JewelryOverlay: 🎯 Render requested successfully
09-19 02:08:46.509  6986  7735 D ModelRenderer: 🎨 Drawing frame - Vertices: 13, Indices: 33
09-19 02:08:46.509  6986  7735 D ModelRenderer:    - Transform: Scale=1.29, RotX=5.4, RotY=-0.1
09-19 02:08:46.509  6986  7735 D ModelRenderer:    - Position: X=0.00, Y=0.00
09-19 02:08:46.509  6986  7735 D ModelRenderer:    - Drawing 11 triangles...
09-19 02:08:46.509  6986  7735 D ModelRenderer:    - Draw call completed successfully.
09-19 02:08:46.575  6986  6986 D JewelryOverlay: 👤 Valid face detected, area: 54988
09-19 02:08:46.575  6986  6986 D JewelryOverlay: 🎯 Processing face for 3D rendering
09-19 02:08:46.575  6986  6986 D JewelryOverlay: 📏 Calculated scale: 0.469 (face size: 234.5)
09-19 02:08:46.575  6986  6986 D JewelryOverlay: 🎯 Renderer status: EXISTS
09-19 02:08:46.575  6986  6986 D JewelryOverlay: 🎯 GLView status: EXISTS
09-19 02:08:46.575  6986  6986 D JewelryOverlay: 🎯 Current 3D model: EXISTS
09-19 02:08:46.575  6986  6986 D JewelryOverlay: 🔄 Head rotation: X=-2.3478096, Y=1.897825, Z=7.459847
09-19 02:08:46.575  6986  6986 D JewelryOverlay: 🎯 Face data:
09-19 02:08:46.575  6986  6986 D JewelryOverlay:    - Face scale: 0.469
09-19 02:08:46.575  6986  6986 D JewelryOverlay:    - Neck points: (PointF(570.73425, 1685.5126), PointF(570.73425, 1851.9796))
09-19 02:08:46.575  6986  6986 D JewelryOverlay:    - Head rotation: [-2.3478096, 1.897825, 7.459847]
09-19 02:08:46.575  6986  6986 D JewelryOverlay:    - Applied scale: 2.586313
09-19 02:08:46.575  6986  6986 D JewelryOverlay:    - Applied rotation: [4.798828, -2.8344724, 0.0]
09-19 02:08:46.575  6986  6986 D JewelryOverlay: 🎯 Final renderer values:
09-19 02:08:46.575  6986  6986 D JewelryOverlay:    - Scale: 1.2931565
09-19 02:08:46.575  6986  6986 D JewelryOverlay:    - Rotation X: 2.4510186
09-19 02:08:46.575  6986  6986 D JewelryOverlay:    - Rotation Y: -0.9366474
09-19 02:08:46.575  6986  6986 D JewelryOverlay: 🎯 Requesting render...
09-19 02:08:46.575  6986  6986 D JewelryOverlay: 🎯 Render requested successfully
09-19 02:08:46.576  6986  7735 D ModelRenderer: 🎨 Drawing frame - Vertices: 13, Indices: 33
09-19 02:08:46.576  6986  7735 D ModelRenderer:    - Transform: Scale=1.29, RotX=2.5, RotY=-0.9
09-19 02:08:46.576  6986  7735 D ModelRenderer:    - Position: X=0.00, Y=0.00
09-19 02:08:46.576  6986  7735 D ModelRenderer:    - Drawing 11 triangles...
09-19 02:08:46.576  6986  7735 D ModelRenderer:    - Draw call completed successfully.
09-19 02:08:46.629  6986  6986 D JewelryOverlay: 👤 Valid face detected, area: 57600
09-19 02:08:46.629  6986  6986 D JewelryOverlay: 🎯 Processing face for 3D rendering
09-19 02:08:46.629  6986  6986 D JewelryOverlay: 📏 Calculated scale: 0.48000002 (face size: 240.0)
09-19 02:08:46.629  6986  6986 D JewelryOverlay: 🎯 Renderer status: EXISTS
09-19 02:08:46.629  6986  6986 D JewelryOverlay: 🎯 GLView status: EXISTS
09-19 02:08:46.629  6986  6986 D JewelryOverlay: 🎯 Current 3D model: EXISTS
09-19 02:08:46.629  6986  6986 D JewelryOverlay: 🔄 Head rotation: X=-2.1717815, Y=2.1373646, Z=6.5314674
09-19 02:08:46.629  6986  6986 D JewelryOverlay: 🎯 Face data:
09-19 02:08:46.629  6986  6986 D JewelryOverlay:    - Face scale: 0.48000002
09-19 02:08:46.629  6986  6986 D JewelryOverlay:    - Neck points: (PointF(565.0257, 1682.0219), PointF(565.0257, 1847.3054))
09-19 02:08:46.629  6986  6986 D JewelryOverlay:    - Head rotation: [-2.1717815, 2.1373646, 6.5314674]
09-19 02:08:46.629  6986  6986 D JewelryOverlay:    - Applied scale: 2.586313
09-19 02:08:46.629  6986  6986 D JewelryOverlay:    - Applied rotation: [4.798828, -2.8344724, 0.0]
09-19 02:08:46.629  6986  6986 D JewelryOverlay: 🎯 Final renderer values:
09-19 02:08:46.629  6986  6986 D JewelryOverlay:    - Scale: 1.2931565
09-19 02:08:46.629  6986  6986 D JewelryOverlay:    - Rotation X: 2.6270466
09-19 02:08:46.629  6986  6986 D JewelryOverlay:    - Rotation Y: -0.6971078
09-19 02:08:46.630  6986  6986 D JewelryOverlay: 🎯 Requesting render...
09-19 02:08:46.630  6986  6986 D JewelryOverlay: 🎯 Render requested successfully
09-19 02:08:46.630  6986  7735 D ModelRenderer: 🎨 Drawing frame - Vertices: 13, Indices: 33
09-19 02:08:46.630  6986  7735 D ModelRenderer:    - Transform: Scale=1.29, RotX=2.6, RotY=-0.7
09-19 02:08:46.630  6986  7735 D ModelRenderer:    - Position: X=0.00, Y=0.00
09-19 02:08:46.630  6986  7735 D ModelRenderer:    - Drawing 11 triangles...
09-19 02:08:46.630  6986  7735 D ModelRenderer:    - Draw call completed successfully.
09-19 02:08:46.693  6986  6986 D JewelryOverlay: 👤 Valid face detected, area: 55696
09-19 02:08:46.693  6986  6986 D JewelryOverlay: 🎯 Processing face for 3D rendering
09-19 02:08:46.693  6986  6986 D JewelryOverlay: 📏 Calculated scale: 0.47199997 (face size: 236.0)
09-19 02:08:46.693  6986  6986 D JewelryOverlay: 🎯 Renderer status: EXISTS
09-19 02:08:46.693  6986  6986 D JewelryOverlay: 🎯 GLView status: EXISTS
09-19 02:08:46.693  6986  6986 D JewelryOverlay: 🎯 Current 3D model: EXISTS
09-19 02:08:46.693  6986  6986 D JewelryOverlay: 🔄 Head rotation: X=-0.97862476, Y=2.019564, Z=7.282328
09-19 02:08:46.693  6986  6986 D JewelryOverlay: 🎯 Face data:
09-19 02:08:46.693  6986  6986 D JewelryOverlay:    - Face scale: 0.47199997
09-19 02:08:46.693  6986  6986 D JewelryOverlay:    - Neck points: (PointF(554.71313, 1698.004), PointF(554.71313, 1863.2466))
09-19 02:08:46.693  6986  6986 D JewelryOverlay:    - Head rotation: [-0.97862476, 2.019564, 7.282328]
09-19 02:08:46.693  6986  6986 D JewelryOverlay:    - Applied scale: 2.586313
09-19 02:08:46.693  6986  6986 D JewelryOverlay:    - Applied rotation: [4.798828, -2.8344724, 0.0]
09-19 02:08:46.693  6986  6986 D JewelryOverlay: 🎯 Final renderer values:
09-19 02:08:46.693  6986  6986 D JewelryOverlay:    - Scale: 1.2931565
09-19 02:08:46.693  6986  6986 D JewelryOverlay:    - Rotation X: 3.8202033
09-19 02:08:46.694  6986  6986 D JewelryOverlay:    - Rotation Y: -0.8149085
09-19 02:08:46.694  6986  6986 D JewelryOverlay: 🎯 Requesting render...
09-19 02:08:46.694  6986  6986 D JewelryOverlay: 🎯 Render requested successfully
09-19 02:08:46.694  6986  7735 D ModelRenderer: 🎨 Drawing frame - Vertices: 13, Indices: 33
09-19 02:08:46.694  6986  7735 D ModelRenderer:    - Transform: Scale=1.29, RotX=3.8, RotY=-0.8
09-19 02:08:46.694  6986  7735 D ModelRenderer:    - Position: X=0.00, Y=0.00
09-19 02:08:46.694  6986  7735 D ModelRenderer:    - Drawing 11 triangles...
09-19 02:08:46.694  6986  7735 D ModelRenderer:    - Draw call completed successfully.
09-19 02:08:46.755  6986  6986 D JewelryOverlay: 👤 Valid face detected, area: 55696
09-19 02:08:46.755  6986  6986 D JewelryOverlay: 🎯 Processing face for 3D rendering
09-19 02:08:46.755  6986  6986 D JewelryOverlay: 📏 Calculated scale: 0.47199997 (face size: 236.0)
09-19 02:08:46.755  6986  6986 D JewelryOverlay: 🎯 Renderer status: EXISTS
09-19 02:08:46.755  6986  6986 D JewelryOverlay: 🎯 GLView status: EXISTS
09-19 02:08:46.755  6986  6986 D JewelryOverlay: 🎯 Current 3D model: EXISTS
09-19 02:08:46.755  6986  6986 D JewelryOverlay: 🔄 Head rotation: X=-0.9888202, Y=2.3554168, Z=7.479059
09-19 02:08:46.755  6986  6986 D JewelryOverlay: 🎯 Face data:
09-19 02:08:46.755  6986  6986 D JewelryOverlay:    - Face scale: 0.47199997
09-19 02:08:46.755  6986  6986 D JewelryOverlay:    - Neck points: (PointF(552.3699, 1702.5073), PointF(552.3699, 1869.7515))
09-19 02:08:46.755  6986  6986 D JewelryOverlay:    - Head rotation: [-0.9888202, 2.3554168, 7.479059]
09-19 02:08:46.755  6986  6986 D JewelryOverlay:    - Applied scale: 2.586313
09-19 02:08:46.755  6986  6986 D JewelryOverlay:    - Applied rotation: [4.798828, -2.8344724, 0.0]
09-19 02:08:46.755  6986  6986 D JewelryOverlay: 🎯 Final renderer values:
09-19 02:08:46.756  6986  6986 D JewelryOverlay:    - Scale: 1.2931565
09-19 02:08:46.756  6986  6986 D JewelryOverlay:    - Rotation X: 3.810008
09-19 02:08:46.756  6986  6986 D JewelryOverlay:    - Rotation Y: -0.47905564
09-19 02:08:46.756  6986  6986 D JewelryOverlay: 🎯 Requesting render...
09-19 02:08:46.756  6986  6986 D JewelryOverlay: 🎯 Render requested successfully
09-19 02:08:46.756  6986  7735 D ModelRenderer: 🎨 Drawing frame - Vertices: 13, Indices: 33
09-19 02:08:46.756  6986  7735 D ModelRenderer:    - Transform: Scale=1.29, RotX=3.8, RotY=-0.5
09-19 02:08:46.756  6986  7735 D ModelRenderer:    - Position: X=0.00, Y=0.00
09-19 02:08:46.756  6986  7735 D ModelRenderer:    - Drawing 11 triangles...
09-19 02:08:46.756  6986  7735 D ModelRenderer:    - Draw call completed successfully.
09-19 02:08:46.811  6986  6986 D JewelryOverlay: 👤 Valid face detected, area: 55696
09-19 02:08:46.811  6986  6986 D JewelryOverlay: 🎯 Processing face for 3D rendering
09-19 02:08:46.811  6986  6986 D JewelryOverlay: 📏 Calculated scale: 0.47199997 (face size: 236.0)
09-19 02:08:46.811  6986  6986 D JewelryOverlay: 🎯 Renderer status: EXISTS
09-19 02:08:46.811  6986  6986 D JewelryOverlay: 🎯 GLView status: EXISTS
09-19 02:08:46.811  6986  6986 D JewelryOverlay: 🎯 Current 3D model: EXISTS
09-19 02:08:46.811  6986  6986 D JewelryOverlay: 🔄 Head rotation: X=-1.493953, Y=2.8476036, Z=7.4323173
09-19 02:08:46.811  6986  6986 D JewelryOverlay: 🎯 Face data:
09-19 02:08:46.811  6986  6986 D JewelryOverlay:    - Face scale: 0.47199997
09-19 02:08:46.811  6986  6986 D JewelryOverlay:    - Neck points: (PointF(551.7758, 1695.6475), PointF(551.7758, 1861.2643))
09-19 02:08:46.811  6986  6986 D JewelryOverlay:    - Head rotation: [-1.493953, 2.8476036, 7.4323173]
09-19 02:08:46.811  6986  6986 D JewelryOverlay:    - Applied scale: 2.586313
09-19 02:08:46.811  6986  6986 D JewelryOverlay:    - Applied rotation: [4.798828, -2.8344724, 0.0]
09-19 02:08:46.811  6986  6986 D JewelryOverlay: 🎯 Final renderer values:
09-19 02:08:46.811  6986  6986 D JewelryOverlay:    - Scale: 1.2931565
09-19 02:08:46.811  6986  6986 D JewelryOverlay:    - Rotation X: 3.3048751
09-19 02:08:46.811  6986  6986 D JewelryOverlay:    - Rotation Y: 0.013131142
09-19 02:08:46.811  6986  6986 D JewelryOverlay: 🎯 Requesting render...
09-19 02:08:46.811  6986  6986 D JewelryOverlay: 🎯 Render requested successfully
09-19 02:08:46.811  6986  7735 D ModelRenderer: 🎨 Drawing frame - Vertices: 13, Indices: 33
09-19 02:08:46.812  6986  7735 D ModelRenderer:    - Transform: Scale=1.29, RotX=3.3, RotY=0.0
09-19 02:08:46.813  6986  7735 D ModelRenderer:    - Position: X=0.00, Y=0.00
09-19 02:08:46.813  6986  7735 D ModelRenderer:    - Drawing 11 triangles...
09-19 02:08:46.813  6986  7735 D ModelRenderer:    - Draw call completed successfully.
09-19 02:08:46.875  6986  6986 D JewelryOverlay: 👤 Valid face detected, area: 55696
09-19 02:08:46.875  6986  6986 D JewelryOverlay: 🎯 Processing face for 3D rendering
09-19 02:08:46.875  6986  6986 D JewelryOverlay: 📏 Calculated scale: 0.47199997 (face size: 236.0)
09-19 02:08:46.875  6986  6986 D JewelryOverlay: 🎯 Renderer status: EXISTS
09-19 02:08:46.875  6986  6986 D JewelryOverlay: 🎯 GLView status: EXISTS
09-19 02:08:46.875  6986  6986 D JewelryOverlay: 🎯 Current 3D model: EXISTS
09-19 02:08:46.875  6986  6986 D JewelryOverlay: 🔄 Head rotation: X=-1.0000818, Y=2.3015559, Z=7.1431084
09-19 02:08:46.875  6986  6986 D JewelryOverlay: 🎯 Face data:
09-19 02:08:46.875  6986  6986 D JewelryOverlay:    - Face scale: 0.47199997
09-19 02:08:46.875  6986  6986 D JewelryOverlay:    - Neck points: (PointF(550.30835, 1698.3822), PointF(550.30835, 1863.2554))
09-19 02:08:46.875  6986  6986 D JewelryOverlay:    - Head rotation: [-1.0000818, 2.3015559, 7.1431084]
09-19 02:08:46.875  6986  6986 D JewelryOverlay:    - Applied scale: 2.586313
09-19 02:08:46.875  6986  6986 D JewelryOverlay:    - Applied rotation: [4.798828, -2.8344724, 0.0]
09-19 02:08:46.875  6986  6986 D JewelryOverlay: 🎯 Final renderer values:
09-19 02:08:46.875  6986  6986 D JewelryOverlay:    - Scale: 1.2931565
09-19 02:08:46.875  6986  6986 D JewelryOverlay:    - Rotation X: 3.7987463
09-19 02:08:46.875  6986  6986 D JewelryOverlay:    - Rotation Y: -0.53291655
09-19 02:08:46.875  6986  6986 D JewelryOverlay: 🎯 Requesting render...
09-19 02:08:46.875  6986  6986 D JewelryOverlay: 🎯 Render requested successfully
09-19 02:08:46.875  6986  7735 D ModelRenderer: 🎨 Drawing frame - Vertices: 13, Indices: 33
09-19 02:08:46.875  6986  7735 D ModelRenderer:    - Transform: Scale=1.29, RotX=3.8, RotY=-0.5
09-19 02:08:46.875  6986  7735 D ModelRenderer:    - Position: X=0.00, Y=0.00
09-19 02:08:46.875  6986  7735 D ModelRenderer:    - Drawing 11 triangles...
09-19 02:08:46.876  6986  7735 D ModelRenderer:    - Draw call completed successfully.
09-19 02:08:46.938  6986  6986 D JewelryOverlay: 👤 Valid face detected, area: 54988
09-19 02:08:46.939  6986  6986 D JewelryOverlay: 🎯 Processing face for 3D rendering
09-19 02:08:46.939  6986  6986 D JewelryOverlay: 📏 Calculated scale: 0.469 (face size: 234.5)
09-19 02:08:46.939  6986  6986 D JewelryOverlay: 🎯 Renderer status: EXISTS
09-19 02:08:46.939  6986  6986 D JewelryOverlay: 🎯 GLView status: EXISTS
09-19 02:08:46.939  6986  6986 D JewelryOverlay: 🎯 Current 3D model: EXISTS
09-19 02:08:46.939  6986  6986 D JewelryOverlay: 🔄 Head rotation: X=-1.6540934, Y=2.2326348, Z=7.527793
09-19 02:08:46.939  6986  6986 D JewelryOverlay: 🎯 Face data:
09-19 02:08:46.939  6986  6986 D JewelryOverlay:    - Face scale: 0.469
09-19 02:08:46.939  6986  6986 D JewelryOverlay:    - Neck points: (PointF(553.052, 1705.913), PointF(553.052, 1871.9374))
09-19 02:08:46.939  6986  6986 D JewelryOverlay:    - Head rotation: [-1.6540934, 2.2326348, 7.527793]
09-19 02:08:46.939  6986  6986 D JewelryOverlay:    - Applied scale: 2.586313
09-19 02:08:46.939  6986  6986 D JewelryOverlay:    - Applied rotation: [4.798828, -2.8344724, 0.0]
09-19 02:08:46.939  6986  6986 D JewelryOverlay: 🎯 Final renderer values:
09-19 02:08:46.939  6986  6986 D JewelryOverlay:    - Scale: 1.2931565
09-19 02:08:46.939  6986  6986 D JewelryOverlay:    - Rotation X: 3.1447349
09-19 02:08:46.939  6986  6986 D JewelryOverlay:    - Rotation Y: -0.60183764
09-19 02:08:46.939  6986  6986 D JewelryOverlay: 🎯 Requesting render...
09-19 02:08:46.939  6986  6986 D JewelryOverlay: 🎯 Render requested successfully
09-19 02:08:46.940  6986  7735 D ModelRenderer: 🎨 Drawing frame - Vertices: 13, Indices: 33
09-19 02:08:46.940  6986  7735 D ModelRenderer:    - Transform: Scale=1.29, RotX=3.1, RotY=-0.6
09-19 02:08:46.940  6986  7735 D ModelRenderer:    - Position: X=0.00, Y=0.00
09-19 02:08:46.940  6986  7735 D ModelRenderer:    - Drawing 11 triangles...
09-19 02:08:46.940  6986  7735 D ModelRenderer:    - Draw call completed successfully.
09-19 02:08:46.996  6986  6986 D JewelryOverlay: 👤 Valid face detected, area: 54988
09-19 02:08:46.996  6986  6986 D JewelryOverlay: 🎯 Processing face for 3D rendering
09-19 02:08:46.996  6986  6986 D JewelryOverlay: 📏 Calculated scale: 0.469 (face size: 234.5)
09-19 02:08:46.996  6986  6986 D JewelryOverlay: 🎯 Renderer status: EXISTS
09-19 02:08:46.996  6986  6986 D JewelryOverlay: 🎯 GLView status: EXISTS
09-19 02:08:46.996  6986  6986 D JewelryOverlay: 🎯 Current 3D model: EXISTS
09-19 02:08:46.996  6986  6986 D JewelryOverlay: 🔄 Head rotation: X=-2.1677177, Y=2.585348, Z=7.391305
09-19 02:08:46.996  6986  6986 D JewelryOverlay: 🎯 Face data:
09-19 02:08:46.996  6986  6986 D JewelryOverlay:    - Face scale: 0.469
09-19 02:08:46.996  6986  6986 D JewelryOverlay:    - Neck points: (PointF(554.1591, 1706.6315), PointF(554.1591, 1871.557))
09-19 02:08:46.996  6986  6986 D JewelryOverlay:    - Head rotation: [-2.1677177, 2.585348, 7.391305]
09-19 02:08:46.996  6986  6986 D JewelryOverlay:    - Applied scale: 2.586313
09-19 02:08:46.996  6986  6986 D JewelryOverlay:    - Applied rotation: [4.798828, -2.8344724, 0.0]
09-19 02:08:46.996  6986  6986 D JewelryOverlay: 🎯 Final renderer values:
09-19 02:08:46.996  6986  6986 D JewelryOverlay:    - Scale: 1.2931565
09-19 02:08:46.996  6986  6986 D JewelryOverlay:    - Rotation X: 2.6311104
09-19 02:08:46.996  6986  6986 D JewelryOverlay:    - Rotation Y: -0.24912453
09-19 02:08:46.996  6986  6986 D JewelryOverlay: 🎯 Requesting render...
09-19 02:08:46.996  6986  6986 D JewelryOverlay: 🎯 Render requested successfully
09-19 02:08:46.996  6986  7735 D ModelRenderer: 🎨 Drawing frame - Vertices: 13, Indices: 33
09-19 02:08:46.997  6986  7735 D ModelRenderer:    - Transform: Scale=1.29, RotX=2.6, RotY=-0.2
09-19 02:08:46.997  6986  7735 D ModelRenderer:    - Position: X=0.00, Y=0.00
09-19 02:08:46.997  6986  7735 D ModelRenderer:    - Drawing 11 triangles...
09-19 02:08:46.997  6986  7735 D ModelRenderer:    - Draw call completed successfully.
09-19 02:08:47.060  6986  6986 D JewelryOverlay: 👤 Valid face detected, area: 54289
09-19 02:08:47.060  6986  6986 D JewelryOverlay: 🎯 Processing face for 3D rendering
09-19 02:08:47.060  6986  6986 D JewelryOverlay: 📏 Calculated scale: 0.466 (face size: 233.0)
09-19 02:08:47.060  6986  6986 D JewelryOverlay: 🎯 Renderer status: EXISTS
09-19 02:08:47.060  6986  6986 D JewelryOverlay: 🎯 GLView status: EXISTS
09-19 02:08:47.060  6986  6986 D JewelryOverlay: 🎯 Current 3D model: EXISTS
09-19 02:08:47.060  6986  6986 D JewelryOverlay: 🔄 Head rotation: X=-1.0874764, Y=2.0061977, Z=7.212171
09-19 02:08:47.060  6986  6986 D JewelryOverlay: 🎯 Face data:
09-19 02:08:47.060  6986  6986 D JewelryOverlay:    - Face scale: 0.466
09-19 02:08:47.060  6986  6986 D JewelryOverlay:    - Neck points: (PointF(551.49915, 1707.2776), PointF(551.49915, 1873.559))
09-19 02:08:47.060  6986  6986 D JewelryOverlay:    - Head rotation: [-1.0874764, 2.0061977, 7.212171]
09-19 02:08:47.060  6986  6986 D JewelryOverlay:    - Applied scale: 2.586313
09-19 02:08:47.060  6986  6986 D JewelryOverlay:    - Applied rotation: [4.798828, -2.8344724, 0.0]
09-19 02:08:47.060  6986  6986 D JewelryOverlay: 🎯 Final renderer values:
09-19 02:08:47.060  6986  6986 D JewelryOverlay:    - Scale: 1.2931565
09-19 02:08:47.060  6986  6986 D JewelryOverlay:    - Rotation X: 3.7113519
09-19 02:08:47.060  6986  6986 D JewelryOverlay:    - Rotation Y: -0.8282747
09-19 02:08:47.060  6986  6986 D JewelryOverlay: 🎯 Requesting render...
09-19 02:08:47.060  6986  6986 D JewelryOverlay: 🎯 Render requested successfully
09-19 02:08:47.061  6986  7735 D ModelRenderer: 🎨 Drawing frame - Vertices: 13, Indices: 33
09-19 02:08:47.061  6986  7735 D ModelRenderer:    - Transform: Scale=1.29, RotX=3.7, RotY=-0.8
09-19 02:08:47.061  6986  7735 D ModelRenderer:    - Position: X=0.00, Y=0.00
09-19 02:08:47.061  6986  7735 D ModelRenderer:    - Drawing 11 triangles...
09-19 02:08:47.062  6986  7735 D ModelRenderer:    - Draw call completed successfully.
09-19 02:08:47.172  6986  6986 D JewelryOverlay: 👤 Valid face detected, area: 55696
09-19 02:08:47.172  6986  6986 D JewelryOverlay: 🎯 Processing face for 3D rendering
09-19 02:08:47.172  6986  6986 D JewelryOverlay: 📏 Calculated scale: 0.47199997 (face size: 236.0)
09-19 02:08:47.172  6986  6986 D JewelryOverlay: 🎯 Renderer status: EXISTS
09-19 02:08:47.172  6986  6986 D JewelryOverlay: 🎯 GLView status: EXISTS
09-19 02:08:47.172  6986  6986 D JewelryOverlay: 🎯 Current 3D model: EXISTS
09-19 02:08:47.173  6986  6986 D JewelryOverlay: 🔄 Head rotation: X=-2.713632, Y=2.265142, Z=7.066711
09-19 02:08:47.173  6986  6986 D JewelryOverlay: 🎯 Face data:
09-19 02:08:47.173  6986  6986 D JewelryOverlay:    - Face scale: 0.47199997
09-19 02:08:47.173  6986  6986 D JewelryOverlay:    - Neck points: (PointF(553.5934, 1715.5985), PointF(553.5934, 1882.1218))
09-19 02:08:47.173  6986  6986 D JewelryOverlay:    - Head rotation: [-2.713632, 2.265142, 7.066711]
09-19 02:08:47.173  6986  6986 D JewelryOverlay:    - Applied scale: 2.586313
09-19 02:08:47.173  6986  6986 D JewelryOverlay:    - Applied rotation: [4.798828, -2.8344724, 0.0]
09-19 02:08:47.173  6986  6986 D JewelryOverlay: 🎯 Final renderer values:
09-19 02:08:47.173  6986  6986 D JewelryOverlay:    - Scale: 1.2931565
09-19 02:08:47.173  6986  6986 D JewelryOverlay:    - Rotation X: 2.085196
09-19 02:08:47.173  6986  6986 D JewelryOverlay:    - Rotation Y: -0.56933045
09-19 02:08:47.173  6986  6986 D JewelryOverlay: 🎯 Requesting render...
09-19 02:08:47.173  6986  6986 D JewelryOverlay: 🎯 Render requested successfully
09-19 02:08:47.173  6986  7735 D ModelRenderer: 🎨 Drawing frame - Vertices: 13, Indices: 33
09-19 02:08:47.173  6986  7735 D ModelRenderer:    - Transform: Scale=1.29, RotX=2.1, RotY=-0.6
09-19 02:08:47.174  6986  7735 D ModelRenderer:    - Position: X=0.00, Y=0.00
09-19 02:08:47.174  6986  7735 D ModelRenderer:    - Drawing 11 triangles...
09-19 02:08:47.175  6986  7735 D ModelRenderer:    - Draw call completed successfully.
09-19 02:08:47.213  6986  6986 D JewelryOverlay: 👤 Valid face detected, area: 54988
09-19 02:08:47.213  6986  6986 D JewelryOverlay: 🎯 Processing face for 3D rendering
09-19 02:08:47.213  6986  6986 D JewelryOverlay: 📏 Calculated scale: 0.469 (face size: 234.5)
09-19 02:08:47.213  6986  6986 D JewelryOverlay: 🎯 Renderer status: EXISTS
09-19 02:08:47.213  6986  6986 D JewelryOverlay: 🎯 GLView status: EXISTS
09-19 02:08:47.213  6986  6986 D JewelryOverlay: 🎯 Current 3D model: EXISTS
09-19 02:08:47.213  6986  6986 D JewelryOverlay: 🔄 Head rotation: X=-1.0433072, Y=2.557686, Z=7.237454
09-19 02:08:47.213  6986  6986 D JewelryOverlay: 🎯 Face data:
09-19 02:08:47.213  6986  6986 D JewelryOverlay:    - Face scale: 0.469
09-19 02:08:47.213  6986  6986 D JewelryOverlay:    - Neck points: (PointF(552.1342, 1714.102), PointF(552.1342, 1881.2682))
09-19 02:08:47.213  6986  6986 D JewelryOverlay:    - Head rotation: [-1.0433072, 2.557686, 7.237454]
09-19 02:08:47.213  6986  6986 D JewelryOverlay:    - Applied scale: 2.586313
09-19 02:08:47.213  6986  6986 D JewelryOverlay:    - Applied rotation: [4.798828, -2.8344724, 0.0]
09-19 02:08:47.213  6986  6986 D JewelryOverlay: 🎯 Final renderer values:
09-19 02:08:47.214  6986  6986 D JewelryOverlay:    - Scale: 1.2931565
09-19 02:08:47.214  6986  6986 D JewelryOverlay:    - Rotation X: 3.7555208
09-19 02:08:47.214  6986  6986 D JewelryOverlay:    - Rotation Y: -0.27678633
09-19 02:08:47.214  6986  6986 D JewelryOverlay: 🎯 Requesting render...
09-19 02:08:47.214  6986  6986 D JewelryOverlay: 🎯 Render requested successfully
09-19 02:08:47.214  6986  7735 D ModelRenderer: 🎨 Drawing frame - Vertices: 13, Indices: 33
09-19 02:08:47.214  6986  7735 D ModelRenderer:    - Transform: Scale=1.29, RotX=3.8, RotY=-0.3
09-19 02:08:47.214  6986  7735 D ModelRenderer:    - Position: X=0.00, Y=0.00
09-19 02:08:47.216  6986  7735 D ModelRenderer:    - Drawing 11 triangles...
09-19 02:08:47.217  6986  7735 D ModelRenderer:    - Draw call completed successfully.
09-19 02:08:47.265  6986  6986 D JewelryOverlay: 👤 Valid face detected, area: 54988
09-19 02:08:47.265  6986  6986 D JewelryOverlay: 🎯 Processing face for 3D rendering
09-19 02:08:47.265  6986  6986 D JewelryOverlay: 📏 Calculated scale: 0.469 (face size: 234.5)
09-19 02:08:47.265  6986  6986 D JewelryOverlay: 🎯 Renderer status: EXISTS
09-19 02:08:47.265  6986  6986 D JewelryOverlay: 🎯 GLView status: EXISTS
09-19 02:08:47.265  6986  6986 D JewelryOverlay: 🎯 Current 3D model: EXISTS
09-19 02:08:47.265  6986  6986 D JewelryOverlay: 🔄 Head rotation: X=-1.5706265, Y=2.6068308, Z=7.3476167
09-19 02:08:47.265  6986  6986 D JewelryOverlay: 🎯 Face data:
09-19 02:08:47.265  6986  6986 D JewelryOverlay:    - Face scale: 0.469
09-19 02:08:47.265  6986  6986 D JewelryOverlay:    - Neck points: (PointF(552.7083, 1707.0695), PointF(552.7083, 1873.8453))
09-19 02:08:47.265  6986  6986 D JewelryOverlay:    - Head rotation: [-1.5706265, 2.6068308, 7.3476167]
09-19 02:08:47.266  6986  6986 D JewelryOverlay:    - Applied scale: 2.586313
09-19 02:08:47.266  6986  6986 D JewelryOverlay:    - Applied rotation: [4.798828, -2.8344724, 0.0]
09-19 02:08:47.266  6986  6986 D JewelryOverlay: 🎯 Final renderer values:
09-19 02:08:47.266  6986  6986 D JewelryOverlay:    - Scale: 1.2931565
09-19 02:08:47.266  6986  6986 D JewelryOverlay:    - Rotation X: 3.2282016
09-19 02:08:47.266  6986  6986 D JewelryOverlay:    - Rotation Y: -0.22764158
09-19 02:08:47.266  6986  6986 D JewelryOverlay: 🎯 Requesting render...
09-19 02:08:47.266  6986  6986 D JewelryOverlay: 🎯 Render requested successfully
09-19 02:08:47.266  6986  7735 D ModelRenderer: 🎨 Drawing frame - Vertices: 13, Indices: 33
09-19 02:08:47.266  6986  7735 D ModelRenderer:    - Transform: Scale=1.29, RotX=3.2, RotY=-0.2
09-19 02:08:47.266  6986  7735 D ModelRenderer:    - Position: X=0.00, Y=0.00
09-19 02:08:47.266  6986  7735 D ModelRenderer:    - Drawing 11 triangles...
09-19 02:08:47.266  6986  7735 D ModelRenderer:    - Draw call completed successfully.
09-19 02:08:47.309  6986  6986 D JewelryOverlay: 👤 Valid face detected, area: 54289
09-19 02:08:47.309  6986  6986 D JewelryOverlay: 🎯 Processing face for 3D rendering
09-19 02:08:47.309  6986  6986 D JewelryOverlay: 📏 Calculated scale: 0.466 (face size: 233.0)
09-19 02:08:47.309  6986  6986 D JewelryOverlay: 🎯 Renderer status: EXISTS
09-19 02:08:47.309  6986  6986 D JewelryOverlay: 🎯 GLView status: EXISTS
09-19 02:08:47.309  6986  6986 D JewelryOverlay: 🎯 Current 3D model: EXISTS
09-19 02:08:47.309  6986  6986 D JewelryOverlay: 🔄 Head rotation: X=-1.8636206, Y=1.9515686, Z=7.2052145
09-19 02:08:47.309  6986  6986 D JewelryOverlay: 🎯 Face data:
09-19 02:08:47.309  6986  6986 D JewelryOverlay:    - Face scale: 0.466
09-19 02:08:47.309  6986  6986 D JewelryOverlay:    - Neck points: (PointF(552.73303, 1704.3899), PointF(552.73303, 1871.2322))
09-19 02:08:47.309  6986  6986 D JewelryOverlay:    - Head rotation: [-1.8636206, 1.9515686, 7.2052145]
09-19 02:08:47.309  6986  6986 D JewelryOverlay:    - Applied scale: 2.586313
09-19 02:08:47.309  6986  6986 D JewelryOverlay:    - Applied rotation: [4.798828, -2.8344724, 0.0]
09-19 02:08:47.309  6986  6986 D JewelryOverlay: 🎯 Final renderer values:
09-19 02:08:47.309  6986  6986 D JewelryOverlay:    - Scale: 1.2931565
09-19 02:08:47.309  6986  6986 D JewelryOverlay:    - Rotation X: 2.9352074
09-19 02:08:47.309  6986  6986 D JewelryOverlay:    - Rotation Y: -0.8829038
09-19 02:08:47.309  6986  6986 D JewelryOverlay: 🎯 Requesting render...
09-19 02:08:47.309  6986  6986 D JewelryOverlay: 🎯 Render requested successfully
09-19 02:08:47.309  6986  7735 D ModelRenderer: 🎨 Drawing frame - Vertices: 13, Indices: 33
09-19 02:08:47.310  6986  7735 D ModelRenderer:    - Transform: Scale=1.29, RotX=2.9, RotY=-0.9
09-19 02:08:47.310  6986  7735 D ModelRenderer:    - Position: X=0.00, Y=0.00
09-19 02:08:47.310  6986  7735 D ModelRenderer:    - Drawing 11 triangles...
09-19 02:08:47.310  6986  7735 D ModelRenderer:    - Draw call completed successfully.
09-19 02:08:47.363  6986  6986 D JewelryOverlay: 👤 Valid face detected, area: 55696
09-19 02:08:47.363  6986  6986 D JewelryOverlay: 🎯 Processing face for 3D rendering
09-19 02:08:47.363  6986  6986 D JewelryOverlay: 📏 Calculated scale: 0.47199997 (face size: 236.0)
09-19 02:08:47.363  6986  6986 D JewelryOverlay: 🎯 Renderer status: EXISTS
09-19 02:08:47.363  6986  6986 D JewelryOverlay: 🎯 GLView status: EXISTS
09-19 02:08:47.363  6986  6986 D JewelryOverlay: 🎯 Current 3D model: EXISTS
09-19 02:08:47.363  6986  6986 D JewelryOverlay: 🔄 Head rotation: X=-1.4845642, Y=1.9309638, Z=7.029356
09-19 02:08:47.363  6986  6986 D JewelryOverlay: 🎯 Face data:
09-19 02:08:47.363  6986  6986 D JewelryOverlay:    - Face scale: 0.47199997
09-19 02:08:47.363  6986  6986 D JewelryOverlay:    - Neck points: (PointF(552.87036, 1703.2281), PointF(552.87036, 1868.8317))
09-19 02:08:47.363  6986  6986 D JewelryOverlay:    - Head rotation: [-1.4845642, 1.9309638, 7.029356]
09-19 02:08:47.363  6986  6986 D JewelryOverlay:    - Applied scale: 2.586313
09-19 02:08:47.363  6986  6986 D JewelryOverlay:    - Applied rotation: [4.798828, -2.8344724, 0.0]
09-19 02:08:47.363  6986  6986 D JewelryOverlay: 🎯 Final renderer values:
09-19 02:08:47.363  6986  6986 D JewelryOverlay:    - Scale: 1.2931565
09-19 02:08:47.363  6986  6986 D JewelryOverlay:    - Rotation X: 3.3142638
09-19 02:08:47.363  6986  6986 D JewelryOverlay:    - Rotation Y: -0.90350866
09-19 02:08:47.363  6986  6986 D JewelryOverlay: 🎯 Requesting render...
09-19 02:08:47.363  6986  6986 D JewelryOverlay: 🎯 Render requested successfully
09-19 02:08:47.363  6986  7735 D ModelRenderer: 🎨 Drawing frame - Vertices: 13, Indices: 33
09-19 02:08:47.364  6986  7735 D ModelRenderer:    - Transform: Scale=1.29, RotX=3.3, RotY=-0.9
09-19 02:08:47.364  6986  7735 D ModelRenderer:    - Position: X=0.00, Y=0.00
09-19 02:08:47.364  6986  7735 D ModelRenderer:    - Drawing 11 triangles...
09-19 02:08:47.364  6986  7735 D ModelRenderer:    - Draw call completed successfully.
09-19 02:08:47.427  6986  6986 D JewelryOverlay: 👤 Valid face detected, area: 55696
09-19 02:08:47.427  6986  6986 D JewelryOverlay: 🎯 Processing face for 3D rendering
09-19 02:08:47.427  6986  6986 D JewelryOverlay: 📏 Calculated scale: 0.47199997 (face size: 236.0)
09-19 02:08:47.427  6986  6986 D JewelryOverlay: 🎯 Renderer status: EXISTS
09-19 02:08:47.427  6986  6986 D JewelryOverlay: 🎯 GLView status: EXISTS
09-19 02:08:47.427  6986  6986 D JewelryOverlay: 🎯 Current 3D model: EXISTS
09-19 02:08:47.427  6986  6986 D JewelryOverlay: 🔄 Head rotation: X=-3.5273712, Y=2.2518654, Z=6.5878406
09-19 02:08:47.427  6986  6986 D JewelryOverlay: 🎯 Face data:
09-19 02:08:47.427  6986  6986 D JewelryOverlay:    - Face scale: 0.47199997
09-19 02:08:47.427  6986  6986 D JewelryOverlay:    - Neck points: (PointF(553.09216, 1705.2007), PointF(553.09216, 1870.4875))
09-19 02:08:47.427  6986  6986 D JewelryOverlay:    - Head rotation: [-3.5273712, 2.2518654, 6.5878406]
09-19 02:08:47.427  6986  6986 D JewelryOverlay:    - Applied scale: 2.586313
09-19 02:08:47.427  6986  6986 D JewelryOverlay:    - Applied rotation: [4.798828, -2.8344724, 0.0]
09-19 02:08:47.427  6986  6986 D JewelryOverlay: 🎯 Final renderer values:
09-19 02:08:47.427  6986  6986 D JewelryOverlay:    - Scale: 1.2931565
09-19 02:08:47.427  6986  6986 D JewelryOverlay:    - Rotation X: 1.271457
09-19 02:08:47.427  6986  6986 D JewelryOverlay:    - Rotation Y: -0.58260703
09-19 02:08:47.427  6986  6986 D JewelryOverlay: 🎯 Requesting render...
09-19 02:08:47.427  6986  6986 D JewelryOverlay: 🎯 Render requested successfully
09-19 02:08:47.427  6986  7735 D ModelRenderer: 🎨 Drawing frame - Vertices: 13, Indices: 33
09-19 02:08:47.428  6986  7735 D ModelRenderer:    - Transform: Scale=1.29, RotX=1.3, RotY=-0.6
09-19 02:08:47.428  6986  7735 D ModelRenderer:    - Position: X=0.00, Y=0.00
09-19 02:08:47.428  6986  7735 D ModelRenderer:    - Drawing 11 triangles...
09-19 02:08:47.428  6986  7735 D ModelRenderer:    - Draw call completed successfully.
09-19 02:08:47.500  6986  6986 D JewelryOverlay: 👤 Valid face detected, area: 55696
09-19 02:08:47.500  6986  6986 D JewelryOverlay: 🎯 Processing face for 3D rendering
09-19 02:08:47.500  6986  6986 D JewelryOverlay: 📏 Calculated scale: 0.47199997 (face size: 236.0)
09-19 02:08:47.500  6986  6986 D JewelryOverlay: 🎯 Renderer status: EXISTS
09-19 02:08:47.500  6986  6986 D JewelryOverlay: 🎯 GLView status: EXISTS
09-19 02:08:47.500  6986  6986 D JewelryOverlay: 🎯 Current 3D model: EXISTS
09-19 02:08:47.500  6986  6986 D JewelryOverlay: 🔄 Head rotation: X=-3.5423183, Y=2.9607992, Z=6.9051423
09-19 02:08:47.500  6986  6986 D JewelryOverlay: 🎯 Face data:
09-19 02:08:47.500  6986  6986 D JewelryOverlay:    - Face scale: 0.47199997
09-19 02:08:47.500  6986  6986 D JewelryOverlay:    - Neck points: (PointF(554.8419, 1691.9451), PointF(554.8419, 1858.4379))
09-19 02:08:47.500  6986  6986 D JewelryOverlay:    - Head rotation: [-3.5423183, 2.9607992, 6.9051423]
