09-19 22:04:19.793 27838 28091 D ModelRenderer: Render task processed: Pos=(0.0, 0.0), Scale=2.3350713
09-19 22:04:19.793 27838 28091 D ModelRenderer: Render task processed: Pos=(0.0, 0.0), Scale=2.3350713
09-19 22:04:19.793 27838 28091 D ModelRenderer: ğŸ¨ Drawing frame - Vertices: 13, Indices: 33
09-19 22:04:19.793 27838 28091 D ModelRenderer:    - Transform: Scale=2.34, RotX=0.4, RotY=-4.6
09-19 22:04:19.793 27838 28091 D ModelRenderer:    - Position: X=0.00, Y=0.00
09-19 22:04:19.793 27838 28091 D ModelRenderer:    - Drawing 11 triangles...
09-19 22:04:19.793 27838 28091 D ModelRenderer:    - Draw call completed successfully.
09-19 22:04:19.808 27838 27838 D JewelryOverlay: ğŸ‘¤ Valid face detected, area: 44520
09-19 22:04:19.808 27838 27838 D JewelryOverlay: ğŸ¯ Processing face for 3D rendering
09-19 22:04:19.808 27838 27838 D JewelryOverlay: ğŸ“ Calculated scale: 0.422 (face size: 211.0)
09-19 22:04:19.808 27838 27838 D JewelryOverlay: ğŸ¯ Renderer status: EXISTS
09-19 22:04:19.808 27838 27838 D JewelryOverlay: ğŸ¯ GLView status: EXISTS
09-19 22:04:19.808 27838 27838 D JewelryOverlay: ğŸ¯ Current 3D model: EXISTS
09-19 22:04:19.808 27838 27838 D JewelryOverlay: ğŸ”„ Head rotation: X=5.6976733, Y=2.5648215, Z=7.886371
09-19 22:04:19.808 27838 27838 D JewelryOverlay: ğŸ¯ Submitted RenderTask: Pos=(-0.00, -0.38), Scale=0.42
09-19 22:04:19.809 27838 28091 D ModelRenderer: Render task processed: Pos=(0.0, 0.0), Scale=2.3835585
09-19 22:04:19.809 27838 28091 D ModelRenderer: Render task processed: Pos=(0.0, 0.0), Scale=2.3835585
09-19 22:04:19.809 27838 28091 D ModelRenderer: ğŸ¨ Drawing frame - Vertices: 13, Indices: 33
09-19 22:04:19.809 27838 28091 D ModelRenderer:    - Transform: Scale=2.38, RotX=0.5, RotY=-4.9
09-19 22:04:19.810 27838 28091 D ModelRenderer:    - Position: X=0.00, Y=0.00
09-19 22:04:19.810 27838 28091 D ModelRenderer:    - Drawing 11 triangles...
09-19 22:04:19.810 27838 28091 D ModelRenderer:    - Draw call completed successfully.
09-19 22:04:19.826 27838 28091 D ModelRenderer: Render task processed: Pos=(0.0, 0.0), Scale=2.428184
09-19 22:04:19.826 27838 28091 D ModelRenderer: Render task processed: Pos=(0.0, 0.0), Scale=2.428184
09-19 22:04:19.826 27838 28091 D ModelRenderer: ğŸ¨ Drawing frame - Vertices: 13, Indices: 33
09-19 22:04:19.826 27838 28091 D ModelRenderer:    - Transform: Scale=2.43, RotX=0.4, RotY=-5.2
09-19 22:04:19.826 27838 28091 D ModelRenderer:    - Position: X=0.00, Y=0.00
09-19 22:04:19.827 27838 28091 D ModelRenderer:    - Drawing 11 triangles...
09-19 22:04:19.827 27838 28091 D ModelRenderer:    - Draw call completed successfully.
09-19 22:04:19.843 27838 28091 D ModelRenderer: Render task processed: Pos=(0.0, 0.0), Scale=2.473887
09-19 22:04:19.843 27838 28091 D ModelRenderer: Render task processed: Pos=(0.0, 0.0), Scale=2.473887
09-19 22:04:19.843 27838 28091 D ModelRenderer: ğŸ¨ Drawing frame - Vertices: 13, Indices: 33
09-19 22:04:19.843 27838 28091 D ModelRenderer:    - Transform: Scale=2.47, RotX=0.4, RotY=-5.5
09-19 22:04:19.843 27838 28091 D ModelRenderer:    - Position: X=0.00, Y=0.00
09-19 22:04:19.843 27838 28091 D ModelRenderer:    - Drawing 11 triangles...
09-19 22:04:19.843 27838 28091 D ModelRenderer:    - Draw call completed successfully.
09-19 22:04:19.860 27838 28091 D ModelRenderer: Render task processed: Pos=(0.0, 0.0), Scale=2.5101383
09-19 22:04:19.861 27838 28091 D ModelRenderer: Render task processed: Pos=(0.0, 0.0), Scale=2.5101383
09-19 22:04:19.861 27838 28091 D ModelRenderer: ğŸ¨ Drawing frame - Vertices: 13, Indices: 33
09-19 22:04:19.861 27838 28091 D ModelRenderer:    - Transform: Scale=2.51, RotX=0.3, RotY=-5.7
09-19 22:04:19.861 27838 28091 D ModelRenderer:    - Position: X=0.00, Y=0.00
09-19 22:04:19.861 27838 28091 D ModelRenderer:    - Drawing 11 triangles...
09-19 22:04:19.861 27838 28091 D ModelRenderer:    - Draw call completed successfully.
09-19 22:04:19.872 27838 27838 D JewelryOverlay: ğŸ‘¤ Valid face detected, area: 45144
09-19 22:04:19.872 27838 27838 D JewelryOverlay: ğŸ¯ Processing face for 3D rendering
09-19 22:04:19.872 27838 27838 D JewelryOverlay: ğŸ“ Calculated scale: 0.425 (face size: 212.5)
09-19 22:04:19.873 27838 27838 D JewelryOverlay: ğŸ¯ Renderer status: EXISTS
09-19 22:04:19.873 27838 27838 D JewelryOverlay: ğŸ¯ GLView status: EXISTS
09-19 22:04:19.873 27838 27838 D JewelryOverlay: ğŸ¯ Current 3D model: EXISTS
09-19 22:04:19.873 27838 27838 D JewelryOverlay: ğŸ”„ Head rotation: X=4.859386, Y=2.9254346, Z=8.370696
09-19 22:04:19.874 27838 27838 D JewelryOverlay: ğŸ¯ Submitted RenderTask: Pos=(0.01, -0.38), Scale=0.43
09-19 22:04:19.877 27838 28091 D ModelRenderer: Render task processed: Pos=(0.0, 0.0), Scale=2.5359938
09-19 22:04:19.877 27838 28091 D ModelRenderer: Render task processed: Pos=(0.0, 0.0), Scale=2.5359938
09-19 22:04:19.877 27838 28091 D ModelRenderer: ğŸ¨ Drawing frame - Vertices: 13, Indices: 33
09-19 22:04:19.877 27838 28091 D ModelRenderer:    - Transform: Scale=2.54, RotX=0.2, RotY=-5.9
09-19 22:04:19.877 27838 28091 D ModelRenderer:    - Position: X=0.00, Y=0.00
09-19 22:04:19.877 27838 28091 D ModelRenderer:    - Drawing 11 triangles...
09-19 22:04:19.877 27838 28091 D ModelRenderer:    - Draw call completed successfully.
09-19 22:04:19.894 27838 28091 D ModelRenderer: Render task processed: Pos=(0.0, 0.0), Scale=2.555546
09-19 22:04:19.894 27838 28091 D ModelRenderer: Render task processed: Pos=(0.0, 0.0), Scale=2.555546
09-19 22:04:19.894 27838 28091 D ModelRenderer: ğŸ¨ Drawing frame - Vertices: 13, Indices: 33
09-19 22:04:19.895 27838 28091 D ModelRenderer:    - Transform: Scale=2.56, RotX=0.2, RotY=-6.2
09-19 22:04:19.895 27838 28091 D ModelRenderer:    - Position: X=0.00, Y=0.00
09-19 22:04:19.895 27838 28091 D ModelRenderer:    - Drawing 11 triangles...
09-19 22:04:19.896 27838 28091 D ModelRenderer:    - Draw call completed successfully.
09-19 22:04:19.910 27838 28091 D ModelRenderer: Render task processed: Pos=(0.0, 0.0), Scale=2.5660641
09-19 22:04:19.911 27838 28091 D ModelRenderer: Render task processed: Pos=(0.0, 0.0), Scale=2.5660641
09-19 22:04:19.911 27838 28091 D ModelRenderer: ğŸ¨ Drawing frame - Vertices: 13, Indices: 33
09-19 22:04:19.911 27838 28091 D ModelRenderer:    - Transform: Scale=2.57, RotX=0.1, RotY=-6.4
09-19 22:04:19.911 27838 28091 D ModelRenderer:    - Position: X=0.00, Y=0.00
09-19 22:04:19.911 27838 28091 D ModelRenderer:    - Drawing 11 triangles...
09-19 22:04:19.911 27838 28091 D ModelRenderer:    - Draw call completed successfully.
09-19 22:04:19.926 27838 28091 D ModelRenderer: Render task processed: Pos=(0.0, 0.0), Scale=2.5714476
09-19 22:04:19.926 27838 28091 D ModelRenderer: Render task processed: Pos=(0.0, 0.0), Scale=2.5714476
09-19 22:04:19.926 27838 28091 D ModelRenderer: ğŸ¨ Drawing frame - Vertices: 13, Indices: 33
09-19 22:04:19.926 27838 28091 D ModelRenderer:    - Transform: Scale=2.57, RotX=0.1, RotY=-6.5
09-19 22:04:19.926 27838 28091 D ModelRenderer:    - Position: X=0.00, Y=0.00
09-19 22:04:19.926 27838 28091 D ModelRenderer:    - Drawing 11 triangles...
09-19 22:04:19.927 27838 28091 D ModelRenderer:    - Draw call completed successfully.
09-19 22:04:19.928 27838 27838 D JewelryOverlay: ğŸ‘¤ Valid face detected, area: 46860
09-19 22:04:19.928 27838 27838 D JewelryOverlay: ğŸ¯ Processing face for 3D rendering
09-19 22:04:19.928 27838 27838 D JewelryOverlay: ğŸ“ Calculated scale: 0.433 (face size: 216.5)
09-19 22:04:19.928 27838 27838 D JewelryOverlay: ğŸ¯ Renderer status: EXISTS
09-19 22:04:19.928 27838 27838 D JewelryOverlay: ğŸ¯ GLView status: EXISTS
09-19 22:04:19.928 27838 27838 D JewelryOverlay: ğŸ¯ Current 3D model: EXISTS
09-19 22:04:19.928 27838 27838 D JewelryOverlay: ğŸ”„ Head rotation: X=5.584604, Y=2.4855795, Z=8.318934
09-19 22:04:19.928 27838 27838 D JewelryOverlay: ğŸ¯ Submitted RenderTask: Pos=(0.01, -0.38), Scale=0.43
09-19 22:04:19.944 27838 28091 D ModelRenderer: Render task processed: Pos=(0.0, 0.0), Scale=2.5722916
09-19 22:04:19.944 27838 28091 D ModelRenderer: ğŸ¨ Drawing frame - Vertices: 13, Indices: 33
09-19 22:04:19.944 27838 28091 D ModelRenderer:    - Transform: Scale=2.57, RotX=0.1, RotY=-6.5
09-19 22:04:19.944 27838 28091 D ModelRenderer:    - Position: X=0.00, Y=0.00
09-19 22:04:19.945 27838 28091 D ModelRenderer:    - Drawing 11 triangles...
09-19 22:04:19.945 27838 28091 D ModelRenderer:    - Draw call completed successfully.
09-19 22:04:19.960 27838 28091 D ModelRenderer: Render task processed: Pos=(0.0, 0.0), Scale=2.5738022
09-19 22:04:19.960 27838 28091 D ModelRenderer: ğŸ¨ Drawing frame - Vertices: 13, Indices: 33
09-19 22:04:19.960 27838 28091 D ModelRenderer:    - Transform: Scale=2.57, RotX=0.1, RotY=-6.5
09-19 22:04:19.960 27838 28091 D ModelRenderer:    - Position: X=0.00, Y=0.00
09-19 22:04:19.961 27838 28091 D ModelRenderer:    - Drawing 11 triangles...
09-19 22:04:19.961 27838 28091 D ModelRenderer:    - Draw call completed successfully.
09-19 22:04:19.977 27838 28091 D ModelRenderer: Render task processed: Pos=(0.0, 0.0), Scale=2.5797858
09-19 22:04:19.977 27838 28091 D ModelRenderer: Render task processed: Pos=(0.0, 0.0), Scale=2.5797858
09-19 22:04:19.977 27838 28091 D ModelRenderer: ğŸ¨ Drawing frame - Vertices: 13, Indices: 33
09-19 22:04:19.977 27838 28091 D ModelRenderer:    - Transform: Scale=2.58, RotX=-0.0, RotY=-6.7
09-19 22:04:19.978 27838 28091 D ModelRenderer:    - Position: X=0.00, Y=0.00
09-19 22:04:19.978 27838 28091 D ModelRenderer:    - Drawing 11 triangles...
09-19 22:04:19.978 27838 28091 D ModelRenderer:    - Draw call completed successfully.
09-19 22:04:19.993 27838 28091 D ModelRenderer: Render task processed: Pos=(0.0, 0.0), Scale=2.5836518
09-19 22:04:19.994 27838 28091 D ModelRenderer: ğŸ¨ Drawing frame - Vertices: 13, Indices: 33
09-19 22:04:19.994 27838 28091 D ModelRenderer:    - Transform: Scale=2.58, RotX=-0.0, RotY=-6.7
09-19 22:04:19.994 27838 28091 D ModelRenderer:    - Position: X=0.00, Y=0.00
09-19 22:04:19.994 27838 28091 D ModelRenderer:    - Drawing 11 triangles...
09-19 22:04:19.994 27838 28091 D ModelRenderer:    - Draw call completed successfully.
09-19 22:04:19.997 27838 27838 D JewelryOverlay: ğŸ‘¤ Valid face detected, area: 44520
09-19 22:04:19.997 27838 27838 D JewelryOverlay: ğŸ¯ Processing face for 3D rendering
09-19 22:04:19.998 27838 27838 D JewelryOverlay: ğŸ“ Calculated scale: 0.422 (face size: 211.0)
09-19 22:04:19.998 27838 27838 D JewelryOverlay: ğŸ¯ Renderer status: EXISTS
09-19 22:04:19.998 27838 27838 D JewelryOverlay: ğŸ¯ GLView status: EXISTS
09-19 22:04:19.998 27838 27838 D JewelryOverlay: ğŸ¯ Current 3D model: EXISTS
09-19 22:04:19.998 27838 27838 D JewelryOverlay: ğŸ”„ Head rotation: X=4.904668, Y=2.5459628, Z=8.0699
09-19 22:04:19.998 27838 27838 D JewelryOverlay: ğŸ¯ Submitted RenderTask: Pos=(-0.00, -0.38), Scale=0.42
09-19 22:04:20.044 27838 28091 D ModelRenderer: Render task processed: Pos=(0.0, 0.0), Scale=2.5836518
09-19 22:04:20.044 27838 28091 D ModelRenderer: ğŸ¨ Drawing frame - Vertices: 13, Indices: 33
09-19 22:04:20.044 27838 28091 D ModelRenderer:    - Transform: Scale=2.58, RotX=-0.0, RotY=-6.7
09-19 22:04:20.044 27838 28091 D ModelRenderer:    - Position: X=0.00, Y=0.00
09-19 22:04:20.044 27838 28091 D ModelRenderer:    - Drawing 11 triangles...
09-19 22:04:20.045 27838 28091 D ModelRenderer:    - Draw call completed successfully.
09-19 22:04:20.053 27838 27838 D JewelryOverlay: ğŸ‘¤ Valid face detected, area: 44730
09-19 22:04:20.053 27838 27838 D JewelryOverlay: ğŸ¯ Processing face for 3D rendering
09-19 22:04:20.053 27838 27838 D JewelryOverlay: ğŸ“ Calculated scale: 0.423 (face size: 211.5)
09-19 22:04:20.053 27838 27838 D JewelryOverlay: ğŸ¯ Renderer status: EXISTS
09-19 22:04:20.053 27838 27838 D JewelryOverlay: ğŸ¯ GLView status: EXISTS
09-19 22:04:20.053 27838 27838 D JewelryOverlay: ğŸ¯ Current 3D model: EXISTS
09-19 22:04:20.053 27838 27838 D JewelryOverlay: ğŸ”„ Head rotation: X=5.218842, Y=2.2827835, Z=8.314378
09-19 22:04:20.053 27838 27838 D JewelryOverlay: ğŸ¯ Submitted RenderTask: Pos=(-0.01, -0.39), Scale=0.42
09-19 22:04:20.078 27838 28091 D ModelRenderer: Render task processed: Pos=(0.0, 0.0), Scale=2.5836518
09-19 22:04:20.078 27838 28091 D ModelRenderer: ğŸ¨ Drawing frame - Vertices: 13, Indices: 33
09-19 22:04:20.078 27838 28091 D ModelRenderer:    - Transform: Scale=2.58, RotX=-0.0, RotY=-6.7
09-19 22:04:20.078 27838 28091 D ModelRenderer:    - Position: X=0.00, Y=0.00
09-19 22:04:20.079 27838 28091 D ModelRenderer:    - Drawing 11 triangles...
09-19 22:04:20.079 27838 28091 D ModelRenderer:    - Draw call completed successfully.
09-19 22:04:20.110 27838 28091 D ModelRenderer: Render task processed: Pos=(0.0, 0.0), Scale=2.5836518
09-19 22:04:20.110 27838 28091 D ModelRenderer: ğŸ¨ Drawing frame - Vertices: 13, Indices: 33
09-19 22:04:20.110 27838 28091 D ModelRenderer:    - Transform: Scale=2.58, RotX=-0.0, RotY=-6.7
09-19 22:04:20.110 27838 28091 D ModelRenderer:    - Position: X=0.00, Y=0.00
09-19 22:04:20.110 27838 28091 D ModelRenderer:    - Drawing 11 triangles...
09-19 22:04:20.111 27838 28091 D ModelRenderer:    - Draw call completed successfully.
09-19 22:04:20.112 27838 27838 D JewelryOverlay: ğŸ‘¤ Valid face detected, area: 46221
09-19 22:04:20.112 27838 27838 D JewelryOverlay: ğŸ¯ Processing face for 3D rendering
09-19 22:04:20.112 27838 27838 D JewelryOverlay: ğŸ“ Calculated scale: 0.43000004 (face size: 215.0)
09-19 22:04:20.112 27838 27838 D JewelryOverlay: ğŸ¯ Renderer status: EXISTS
09-19 22:04:20.112 27838 27838 D JewelryOverlay: ğŸ¯ GLView status: EXISTS
09-19 22:04:20.112 27838 27838 D JewelryOverlay: ğŸ¯ Current 3D model: EXISTS
09-19 22:04:20.112 27838 27838 D JewelryOverlay: ğŸ”„ Head rotation: X=5.1486626, Y=2.403807, Z=8.060599
09-19 22:04:20.113 27838 27838 D JewelryOverlay: ğŸ¯ Submitted RenderTask: Pos=(-0.02, -0.39), Scale=0.43
09-19 22:04:20.177 27838 28091 D ModelRenderer: Render task processed: Pos=(0.0, 0.0), Scale=2.5836518
09-19 22:04:20.177 27838 28091 D ModelRenderer: ğŸ¨ Drawing frame - Vertices: 13, Indices: 33
09-19 22:04:20.177 27838 28091 D ModelRenderer:    - Transform: Scale=2.58, RotX=-0.0, RotY=-6.7
09-19 22:04:20.177 27838 28091 D ModelRenderer:    - Position: X=0.00, Y=0.00
09-19 22:04:20.178 27838 28091 D ModelRenderer:    - Drawing 11 triangles...
09-19 22:04:20.178 27838 28091 D ModelRenderer:    - Draw call completed successfully.
09-19 22:04:20.180 27838 27838 D JewelryOverlay: ğŸ‘¤ Valid face detected, area: 46008
09-19 22:04:20.180 27838 27838 D JewelryOverlay: ğŸ¯ Processing face for 3D rendering
09-19 22:04:20.180 27838 27838 D JewelryOverlay: ğŸ“ Calculated scale: 0.429 (face size: 214.5)
09-19 22:04:20.180 27838 27838 D JewelryOverlay: ğŸ¯ Renderer status: EXISTS
09-19 22:04:20.180 27838 27838 D JewelryOverlay: ğŸ¯ GLView status: EXISTS
09-19 22:04:20.180 27838 27838 D JewelryOverlay: ğŸ¯ Current 3D model: EXISTS
09-19 22:04:20.180 27838 27838 D JewelryOverlay: ğŸ”„ Head rotation: X=5.9456463, Y=3.350169, Z=7.7213264
09-19 22:04:20.181 27838 27838 D JewelryOverlay: ğŸ¯ Submitted RenderTask: Pos=(-0.01, -0.39), Scale=0.43
09-19 22:04:20.211 27838 28091 D ModelRenderer: Render task processed: Pos=(0.0, 0.0), Scale=2.5811594
09-19 22:04:20.211 27838 28091 D ModelRenderer: ğŸ¨ Drawing frame - Vertices: 13, Indices: 33
09-19 22:04:20.211 27838 28091 D ModelRenderer:    - Transform: Scale=2.58, RotX=-0.0, RotY=-6.7
09-19 22:04:20.211 27838 28091 D ModelRenderer:    - Position: X=0.00, Y=0.00
09-19 22:04:20.211 27838 28091 D ModelRenderer:    - Drawing 11 triangles...
09-19 22:04:20.211 27838 28091 D ModelRenderer:    - Draw call completed successfully.
09-19 22:04:20.227 27838 28091 D ModelRenderer: Render task processed: Pos=(0.0, 0.0), Scale=2.5746317
09-19 22:04:20.227 27838 28091 D ModelRenderer: Render task processed: Pos=(0.0, 0.0), Scale=2.5746317
09-19 22:04:20.227 27838 28091 D ModelRenderer: ğŸ¨ Drawing frame - Vertices: 13, Indices: 33
09-19 22:04:20.227 27838 28091 D ModelRenderer:    - Transform: Scale=2.57, RotX=-0.2, RotY=-6.8
09-19 22:04:20.227 27838 28091 D ModelRenderer:    - Position: X=0.00, Y=0.00
09-19 22:04:20.227 27838 28091 D ModelRenderer:    - Drawing 11 triangles...
09-19 22:04:20.228 27838 28091 D ModelRenderer:    - Draw call completed successfully.
09-19 22:04:20.237 27838 27838 D JewelryOverlay: ğŸ‘¤ Valid face detected, area: 44730
09-19 22:04:20.237 27838 27838 D JewelryOverlay: ğŸ¯ Processing face for 3D rendering
09-19 22:04:20.237 27838 27838 D JewelryOverlay: ğŸ“ Calculated scale: 0.423 (face size: 211.5)
09-19 22:04:20.237 27838 27838 D JewelryOverlay: ğŸ¯ Renderer status: EXISTS
09-19 22:04:20.237 27838 27838 D JewelryOverlay: ğŸ¯ GLView status: EXISTS
09-19 22:04:20.237 27838 27838 D JewelryOverlay: ğŸ¯ Current 3D model: EXISTS
09-19 22:04:20.237 27838 27838 D JewelryOverlay: ğŸ”„ Head rotation: X=6.2280903, Y=3.079096, Z=8.076332
09-19 22:04:20.237 27838 27838 D JewelryOverlay: ğŸ¯ Submitted RenderTask: Pos=(-0.01, -0.40), Scale=0.42
09-19 22:04:20.244 27838 28091 D ModelRenderer: Render task processed: Pos=(0.0, 0.0), Scale=2.553439
09-19 22:04:20.244 27838 28091 D ModelRenderer: Render task processed: Pos=(0.0, 0.0), Scale=2.553439
09-19 22:04:20.244 27838 28091 D ModelRenderer: ğŸ¨ Drawing frame - Vertices: 13, Indices: 33
09-19 22:04:20.244 27838 28091 D ModelRenderer:    - Transform: Scale=2.55, RotX=-0.6, RotY=-7.0
09-19 22:04:20.245 27838 28091 D ModelRenderer:    - Position: X=0.00, Y=0.00
09-19 22:04:20.245 27838 28091 D ModelRenderer:    - Drawing 11 triangles...
09-19 22:04:20.245 27838 28091 D ModelRenderer:    - Draw call completed successfully.
09-19 22:04:20.246 27838 28091 D ModelRenderer: ğŸ¨ Drawing frame - Vertices: 13, Indices: 33
09-19 22:04:20.246 27838 28091 D ModelRenderer:    - Transform: Scale=2.55, RotX=-0.6, RotY=-7.0
09-19 22:04:20.246 27838 28091 D ModelRenderer:    - Position: X=0.00, Y=0.00
09-19 22:04:20.247 27838 28091 D ModelRenderer:    - Drawing 11 triangles...
09-19 22:04:20.247 27838 28091 D ModelRenderer:    - Draw call completed successfully.
09-19 22:04:20.260 27838 28091 D ModelRenderer: Render task processed: Pos=(0.0, 0.0), Scale=2.5334659
09-19 22:04:20.260 27838 28091 D ModelRenderer: Render task processed: Pos=(0.0, 0.0), Scale=2.5334659
09-19 22:04:20.260 27838 28091 D ModelRenderer: ğŸ¨ Drawing frame - Vertices: 13, Indices: 33
09-19 22:04:20.260 27838 28091 D ModelRenderer:    - Transform: Scale=2.53, RotX=-1.0, RotY=-7.2
09-19 22:04:20.260 27838 28091 D ModelRenderer:    - Position: X=0.00, Y=0.00
09-19 22:04:20.261 27838 28091 D ModelRenderer:    - Drawing 11 triangles...
09-19 22:04:20.261 27838 28091 D ModelRenderer:    - Draw call completed successfully.
09-19 22:04:20.276 27838 28091 D ModelRenderer: Render task processed: Pos=(0.0, 0.0), Scale=2.4687054
09-19 22:04:20.276 27838 28091 D ModelRenderer: Render task processed: Pos=(0.0, 0.0), Scale=2.4687054
09-19 22:04:20.276 27838 28091 D ModelRenderer: ğŸ¨ Drawing frame - Vertices: 13, Indices: 33
09-19 22:04:20.277 27838 28091 D ModelRenderer:    - Transform: Scale=2.47, RotX=0.0, RotY=-7.6
09-19 22:04:20.277 27838 28091 D ModelRenderer:    - Position: X=0.00, Y=0.00
09-19 22:04:20.277 27838 28091 D ModelRenderer:    - Drawing 11 triangles...
09-19 22:04:20.277 27838 28091 D ModelRenderer:    - Draw call completed successfully.
09-19 22:04:20.293 27838 28091 D ModelRenderer: Render task processed: Pos=(0.0, 0.0), Scale=2.4101014
09-19 22:04:20.293 27838 28091 D ModelRenderer: Render task processed: Pos=(0.0, 0.0), Scale=2.4101014
09-19 22:04:20.294 27838 28091 D ModelRenderer: ğŸ¨ Drawing frame - Vertices: 13, Indices: 33
09-19 22:04:20.294 27838 28091 D ModelRenderer:    - Transform: Scale=2.41, RotX=0.2, RotY=-7.9
09-19 22:04:20.294 27838 28091 D ModelRenderer:    - Position: X=0.00, Y=0.00
09-19 22:04:20.294 27838 28091 D ModelRenderer:    - Drawing 11 triangles...
09-19 22:04:20.294 27838 28091 D ModelRenderer:    - Draw call completed successfully.
09-19 22:04:20.295 27838 27838 D JewelryOverlay: ğŸ‘¤ Valid face detected, area: 45369
09-19 22:04:20.295 27838 27838 D JewelryOverlay: ğŸ¯ Processing face for 3D rendering
09-19 22:04:20.295 27838 27838 D JewelryOverlay: ğŸ“ Calculated scale: 0.42600003 (face size: 213.0)
09-19 22:04:20.295 27838 27838 D JewelryOverlay: ğŸ¯ Renderer status: EXISTS
09-19 22:04:20.295 27838 27838 D JewelryOverlay: ğŸ¯ GLView status: EXISTS
09-19 22:04:20.295 27838 27838 D JewelryOverlay: ğŸ¯ Current 3D model: EXISTS
09-19 22:04:20.296 27838 27838 D JewelryOverlay: ğŸ”„ Head rotation: X=4.790179, Y=2.1063364, Z=8.153462
09-19 22:04:20.296 27838 27838 D JewelryOverlay: ğŸ¯ Submitted RenderTask: Pos=(-0.01, -0.40), Scale=0.43
09-19 22:04:20.311 27838 28091 D ModelRenderer: Render task processed: Pos=(0.0, 0.0), Scale=2.365614
09-19 22:04:20.311 27838 28091 D ModelRenderer: Render task processed: Pos=(0.0, 0.0), Scale=2.365614
09-19 22:04:20.311 27838 28091 D ModelRenderer: ğŸ¨ Drawing frame - Vertices: 13, Indices: 33
09-19 22:04:20.312 27838 28091 D ModelRenderer:    - Transform: Scale=2.37, RotX=0.3, RotY=-8.0
09-19 22:04:20.312 27838 28091 D ModelRenderer:    - Position: X=0.00, Y=0.00
09-19 22:04:20.313 27838 28091 D ModelRenderer:    - Drawing 11 triangles...
09-19 22:04:20.313 27838 28091 D ModelRenderer:    - Draw call completed successfully.
09-19 22:04:20.327 27838 28091 D ModelRenderer: Render task processed: Pos=(0.0, 0.0), Scale=2.3294802
09-19 22:04:20.327 27838 28091 D ModelRenderer: ğŸ¨ Drawing frame - Vertices: 13, Indices: 33
09-19 22:04:20.327 27838 28091 D ModelRenderer:    - Transform: Scale=2.33, RotX=0.3, RotY=-8.0
09-19 22:04:20.327 27838 28091 D ModelRenderer:    - Position: X=0.00, Y=0.00
09-19 22:04:20.328 27838 28091 D ModelRenderer:    - Drawing 11 triangles...
09-19 22:04:20.328 27838 28091 D ModelRenderer:    - Draw call completed successfully.
09-19 22:04:20.343 27838 28091 D ModelRenderer: Render task processed: Pos=(0.0, 0.0), Scale=2.2863681
09-19 22:04:20.343 27838 28091 D ModelRenderer: Render task processed: Pos=(0.0, 0.0), Scale=2.2863681
09-19 22:04:20.343 27838 28091 D ModelRenderer: ğŸ¨ Drawing frame - Vertices: 13, Indices: 33
09-19 22:04:20.343 27838 28091 D ModelRenderer:    - Transform: Scale=2.29, RotX=0.2, RotY=-8.2
09-19 22:04:20.343 27838 28091 D ModelRenderer:    - Position: X=0.00, Y=0.00
09-19 22:04:20.344 27838 28091 D ModelRenderer:    - Drawing 11 triangles...
09-19 22:04:20.344 27838 28091 D ModelRenderer:    - Draw call completed successfully.
09-19 22:04:20.357 27838 27838 D JewelryOverlay: ğŸ‘¤ Valid face detected, area: 44517
09-19 22:04:20.357 27838 27838 D JewelryOverlay: ğŸ¯ Processing face for 3D rendering
09-19 22:04:20.357 27838 27838 D JewelryOverlay: ğŸ“ Calculated scale: 0.422 (face size: 211.0)
09-19 22:04:20.357 27838 27838 D JewelryOverlay: ğŸ¯ Renderer status: EXISTS
09-19 22:04:20.357 27838 27838 D JewelryOverlay: ğŸ¯ GLView status: EXISTS
09-19 22:04:20.357 27838 27838 D JewelryOverlay: ğŸ¯ Current 3D model: EXISTS
09-19 22:04:20.357 27838 27838 D JewelryOverlay: ğŸ”„ Head rotation: X=5.2922277, Y=2.7148142, Z=8.345727
09-19 22:04:20.357 27838 27838 D JewelryOverlay: ğŸ¯ Submitted RenderTask: Pos=(-0.02, -0.40), Scale=0.42
09-19 22:04:20.360 27838 28091 D ModelRenderer: Render task processed: Pos=(0.0, 0.0), Scale=2.2471893
09-19 22:04:20.360 27838 28091 D ModelRenderer: ğŸ¨ Drawing frame - Vertices: 13, Indices: 33
09-19 22:04:20.360 27838 28091 D ModelRenderer:    - Transform: Scale=2.25, RotX=0.2, RotY=-8.2
09-19 22:04:20.360 27838 28091 D ModelRenderer:    - Position: X=0.00, Y=0.00
09-19 22:04:20.361 27838 28091 D ModelRenderer:    - Drawing 11 triangles...
09-19 22:04:20.361 27838 28091 D ModelRenderer:    - Draw call completed successfully.
09-19 22:04:20.378 27838 28091 D ModelRenderer: Render task processed: Pos=(0.0, 0.0), Scale=2.210751
09-19 22:04:20.378 27838 28091 D ModelRenderer: Render task processed: Pos=(0.0, 0.0), Scale=2.210751
09-19 22:04:20.378 27838 28091 D ModelRenderer: ğŸ¨ Drawing frame - Vertices: 13, Indices: 33
09-19 22:04:20.378 27838 28091 D ModelRenderer:    - Transform: Scale=2.21, RotX=0.4, RotY=-8.2
09-19 22:04:20.378 27838 28091 D ModelRenderer:    - Position: X=0.00, Y=0.00
09-19 22:04:20.378 27838 28091 D ModelRenderer:    - Drawing 11 triangles...
09-19 22:04:20.378 27838 28091 D ModelRenderer:    - Draw call completed successfully.
09-19 22:04:20.394 27838 28091 D ModelRenderer: Render task processed: Pos=(0.0, 0.0), Scale=2.1746054
09-19 22:04:20.394 27838 28091 D ModelRenderer: Render task processed: Pos=(0.0, 0.0), Scale=2.1746054
09-19 22:04:20.394 27838 28091 D ModelRenderer: ğŸ¨ Drawing frame - Vertices: 13, Indices: 33
09-19 22:04:20.394 27838 28091 D ModelRenderer:    - Transform: Scale=2.17, RotX=0.6, RotY=-8.2
09-19 22:04:20.394 27838 28091 D ModelRenderer:    - Position: X=0.00, Y=0.00
09-19 22:04:20.395 27838 28091 D ModelRenderer:    - Drawing 11 triangles...
09-19 22:04:20.395 27838 28091 D ModelRenderer:    - Draw call completed successfully.
09-19 22:04:20.410 27838 28091 D ModelRenderer: Render task processed: Pos=(0.0, 0.0), Scale=2.133033
09-19 22:04:20.410 27838 28091 D ModelRenderer: ğŸ¨ Drawing frame - Vertices: 13, Indices: 33
09-19 22:04:20.410 27838 28091 D ModelRenderer:    - Transform: Scale=2.13, RotX=0.6, RotY=-8.2
09-19 22:04:20.410 27838 28091 D ModelRenderer:    - Position: X=0.00, Y=0.00
09-19 22:04:20.411 27838 28091 D ModelRenderer:    - Drawing 11 triangles...
09-19 22:04:20.411 27838 28091 D ModelRenderer:    - Draw call completed successfully.
09-19 22:04:20.417 27838 27838 D JewelryOverlay: ğŸ‘¤ Valid face detected, area: 49284
09-19 22:04:20.417 27838 27838 D JewelryOverlay: ğŸ¯ Processing face for 3D rendering
09-19 22:04:20.417 27838 27838 D JewelryOverlay: ğŸ“ Calculated scale: 0.444 (face size: 222.0)
09-19 22:04:20.417 27838 27838 D JewelryOverlay: ğŸ¯ Renderer status: EXISTS
09-19 22:04:20.417 27838 27838 D JewelryOverlay: ğŸ¯ GLView status: EXISTS
09-19 22:04:20.417 27838 27838 D JewelryOverlay: ğŸ¯ Current 3D model: EXISTS
09-19 22:04:20.418 27838 27838 D JewelryOverlay: ğŸ”„ Head rotation: X=4.5819254, Y=3.1647267, Z=8.355329
09-19 22:04:20.418 27838 27838 D JewelryOverlay: ğŸ¯ Submitted RenderTask: Pos=(-0.02, -0.40), Scale=0.44
09-19 22:04:20.428 27838 28091 D ModelRenderer: Render task processed: Pos=(0.0, 0.0), Scale=2.0933223
09-19 22:04:20.428 27838 28091 D ModelRenderer: ğŸ¨ Drawing frame - Vertices: 13, Indices: 33
09-19 22:04:20.428 27838 28091 D ModelRenderer:    - Transform: Scale=2.09, RotX=0.6, RotY=-8.2
09-19 22:04:20.428 27838 28091 D ModelRenderer:    - Position: X=0.00, Y=0.00
09-19 22:04:20.428 27838 28091 D ModelRenderer:    - Drawing 11 triangles...
09-19 22:04:20.428 27838 28091 D ModelRenderer:    - Draw call completed successfully.
09-19 22:04:20.444 27838 28091 D ModelRenderer: Render task processed: Pos=(0.0, 0.0), Scale=2.0595975
09-19 22:04:20.444 27838 28091 D ModelRenderer: Render task processed: Pos=(0.0, 0.0), Scale=2.0595975
09-19 22:04:20.444 27838 28091 D ModelRenderer: ğŸ¨ Drawing frame - Vertices: 13, Indices: 33
09-19 22:04:20.445 27838 28091 D ModelRenderer:    - Transform: Scale=2.06, RotX=0.7, RotY=-8.1
09-19 22:04:20.445 27838 28091 D ModelRenderer:    - Position: X=0.00, Y=0.00
09-19 22:04:20.445 27838 28091 D ModelRenderer:    - Drawing 11 triangles...
09-19 22:04:20.445 27838 28091 D ModelRenderer:    - Draw call completed successfully.
09-19 22:04:20.460 27838 28091 D ModelRenderer: Render task processed: Pos=(0.0, 0.0), Scale=2.0309207
09-19 22:04:20.460 27838 28091 D ModelRenderer: Render task processed: Pos=(0.0, 0.0), Scale=2.0309207
09-19 22:04:20.460 27838 28091 D ModelRenderer: ğŸ¨ Drawing frame - Vertices: 13, Indices: 33
09-19 22:04:20.460 27838 28091 D ModelRenderer:    - Transform: Scale=2.03, RotX=0.9, RotY=-8.0
09-19 22:04:20.460 27838 28091 D ModelRenderer:    - Position: X=0.00, Y=0.00
09-19 22:04:20.460 27838 28091 D ModelRenderer:    - Drawing 11 triangles...
09-19 22:04:20.460 27838 28091 D ModelRenderer:    - Draw call completed successfully.
09-19 22:04:20.472 27838 27838 D JewelryOverlay: ğŸ‘¤ Valid face detected, area: 49284
09-19 22:04:20.472 27838 27838 D JewelryOverlay: ğŸ¯ Processing face for 3D rendering
09-19 22:04:20.472 27838 27838 D JewelryOverlay: ğŸ“ Calculated scale: 0.444 (face size: 222.0)
09-19 22:04:20.472 27838 27838 D JewelryOverlay: ğŸ¯ Renderer status: EXISTS
09-19 22:04:20.473 27838 27838 D JewelryOverlay: ğŸ¯ GLView status: EXISTS
09-19 22:04:20.473 27838 27838 D JewelryOverlay: ğŸ¯ Current 3D model: EXISTS
09-19 22:04:20.473 27838 27838 D JewelryOverlay: ğŸ”„ Head rotation: X=5.426616, Y=2.8241806, Z=8.183407
09-19 22:04:20.473 27838 27838 D JewelryOverlay: ğŸ¯ Submitted RenderTask: Pos=(-0.02, -0.40), Scale=0.44
09-19 22:04:20.477 27838 28091 D ModelRenderer: Render task processed: Pos=(0.0, 0.0), Scale=1.9959214
09-19 22:04:20.477 27838 28091 D ModelRenderer: Render task processed: Pos=(0.0, 0.0), Scale=1.9959214
09-19 22:04:20.477 27838 28091 D ModelRenderer: ğŸ¨ Drawing frame - Vertices: 13, Indices: 33
09-19 22:04:20.477 27838 28091 D ModelRenderer:    - Transform: Scale=2.00, RotX=0.9, RotY=-7.8
09-19 22:04:20.477 27838 28091 D ModelRenderer:    - Position: X=0.00, Y=0.00
09-19 22:04:20.478 27838 28091 D ModelRenderer:    - Drawing 11 triangles...
09-19 22:04:20.478 27838 28091 D ModelRenderer:    - Draw call completed successfully.
09-19 22:04:20.493 27838 28091 D ModelRenderer: Render task processed: Pos=(0.0, 0.0), Scale=1.969957
09-19 22:04:20.494 27838 28091 D ModelRenderer: Render task processed: Pos=(0.0, 0.0), Scale=1.969957
09-19 22:04:20.494 27838 28091 D ModelRenderer: ğŸ¨ Drawing frame - Vertices: 13, Indices: 33
09-19 22:04:20.494 27838 28091 D ModelRenderer:    - Transform: Scale=1.97, RotX=0.7, RotY=-7.9
09-19 22:04:20.497 27838 28091 D ModelRenderer:    - Position: X=0.00, Y=0.00
09-19 22:04:20.498 27838 28091 D ModelRenderer:    - Drawing 11 triangles...
09-19 22:04:20.498 27838 28091 D ModelRenderer:    - Draw call completed successfully.
09-19 22:04:20.510 27838 28091 D ModelRenderer: Render task processed: Pos=(0.0, 0.0), Scale=1.9454794
09-19 22:04:20.510 27838 28091 D ModelRenderer: ğŸ¨ Drawing frame - Vertices: 13, Indices: 33
09-19 22:04:20.510 27838 28091 D ModelRenderer:    - Transform: Scale=1.95, RotX=0.7, RotY=-7.9
09-19 22:04:20.510 27838 28091 D ModelRenderer:    - Position: X=0.00, Y=0.00
09-19 22:04:20.511 27838 28091 D ModelRenderer:    - Drawing 11 triangles...
09-19 22:04:20.511 27838 28091 D ModelRenderer:    - Draw call completed successfully.
09-19 22:04:20.527 27838 28091 D ModelRenderer: Render task processed: Pos=(0.0, 0.0), Scale=1.9194648
09-19 22:04:20.527 27838 28091 D ModelRenderer: Render task processed: Pos=(0.0, 0.0), Scale=1.9194648
09-19 22:04:20.527 27838 28091 D ModelRenderer: ğŸ¨ Drawing frame - Vertices: 13, Indices: 33
09-19 22:04:20.527 27838 28091 D ModelRenderer:    - Transform: Scale=1.92, RotX=0.5, RotY=-7.8
09-19 22:04:20.527 27838 28091 D ModelRenderer:    - Position: X=0.00, Y=0.00
09-19 22:04:20.527 27838 28091 D ModelRenderer:    - Drawing 11 triangles...
09-19 22:04:20.527 27838 28091 D ModelRenderer:    - Draw call completed successfully.
09-19 22:04:20.533 27838 27838 D JewelryOverlay: ğŸ‘¤ Valid face detected, area: 49284
09-19 22:04:20.533 27838 27838 D JewelryOverlay: ğŸ¯ Processing face for 3D rendering
09-19 22:04:20.533 27838 27838 D JewelryOverlay: ğŸ“ Calculated scale: 0.444 (face size: 222.0)
09-19 22:04:20.533 27838 27838 D JewelryOverlay: ğŸ¯ Renderer status: EXISTS
09-19 22:04:20.533 27838 27838 D JewelryOverlay: ğŸ¯ GLView status: EXISTS
09-19 22:04:20.533 27838 27838 D JewelryOverlay: ğŸ¯ Current 3D model: EXISTS
09-19 22:04:20.533 27838 27838 D JewelryOverlay: ğŸ”„ Head rotation: X=5.93422, Y=3.3159487, Z=8.283136
09-19 22:04:20.534 27838 27838 D JewelryOverlay: ğŸ¯ Submitted RenderTask: Pos=(-0.03, -0.40), Scale=0.44
09-19 22:04:20.544 27838 28091 D ModelRenderer: Render task processed: Pos=(0.0, 0.0), Scale=1.8787572
09-19 22:04:20.544 27838 28091 D ModelRenderer: Render task processed: Pos=(0.0, 0.0), Scale=1.8787572
09-19 22:04:20.544 27838 28091 D ModelRenderer: ğŸ¨ Drawing frame - Vertices: 13, Indices: 33
09-19 22:04:20.545 27838 28091 D ModelRenderer:    - Transform: Scale=1.88, RotX=0.5, RotY=-7.5
09-19 22:04:20.545 27838 28091 D ModelRenderer:    - Position: X=0.00, Y=0.00
09-19 22:04:20.545 27838 28091 D ModelRenderer:    - Drawing 11 triangles...
09-19 22:04:20.545 27838 28091 D ModelRenderer:    - Draw call completed successfully.
09-19 22:04:20.560 27838 28091 D ModelRenderer: Render task processed: Pos=(0.0, 0.0), Scale=1.8426977
09-19 22:04:20.560 27838 28091 D ModelRenderer: Render task processed: Pos=(0.0, 0.0), Scale=1.8426977
09-19 22:04:20.560 27838 28091 D ModelRenderer: ğŸ¨ Drawing frame - Vertices: 13, Indices: 33
09-19 22:04:20.561 27838 28091 D ModelRenderer:    - Transform: Scale=1.84, RotX=0.5, RotY=-7.4
09-19 22:04:20.561 27838 28091 D ModelRenderer:    - Position: X=0.00, Y=0.00
09-19 22:04:20.561 27838 28091 D ModelRenderer:    - Drawing 11 triangles...
09-19 22:04:20.561 27838 28091 D ModelRenderer:    - Draw call completed successfully.
09-19 22:04:20.577 27838 28091 D ModelRenderer: Render task processed: Pos=(0.0, 0.0), Scale=1.8071933
09-19 22:04:20.577 27838 28091 D ModelRenderer: Render task processed: Pos=(0.0, 0.0), Scale=1.8071933
09-19 22:04:20.577 27838 28091 D ModelRenderer: ğŸ¨ Drawing frame - Vertices: 13, Indices: 33
09-19 22:04:20.577 27838 28091 D ModelRenderer:    - Transform: Scale=1.81, RotX=0.4, RotY=-7.3
09-19 22:04:20.577 27838 28091 D ModelRenderer:    - Position: X=0.00, Y=0.00
09-19 22:04:20.577 27838 28091 D ModelRenderer:    - Drawing 11 triangles...
09-19 22:04:20.578 27838 28091 D ModelRenderer:    - Draw call completed successfully.
09-19 22:04:20.594 27838 28091 D ModelRenderer: Render task processed: Pos=(0.0, 0.0), Scale=1.7656466
09-19 22:04:20.594 27838 28091 D ModelRenderer: Render task processed: Pos=(0.0, 0.0), Scale=1.7656466
09-19 22:04:20.594 27838 28091 D ModelRenderer: ğŸ¨ Drawing frame - Vertices: 13, Indices: 33
09-19 22:04:20.594 27838 28091 D ModelRenderer:    - Transform: Scale=1.77, RotX=0.4, RotY=-7.2
09-19 22:04:20.595 27838 28091 D ModelRenderer:    - Position: X=0.00, Y=0.00
09-19 22:04:20.595 27838 28091 D ModelRenderer:    - Drawing 11 triangles...
09-19 22:04:20.595 27838 28091 D ModelRenderer:    - Draw call completed successfully.
09-19 22:04:20.605 27838 27838 D JewelryOverlay: ğŸ‘¤ Valid face detected, area: 49284
09-19 22:04:20.605 27838 27838 D JewelryOverlay: ğŸ¯ Processing face for 3D rendering
09-19 22:04:20.605 27838 27838 D JewelryOverlay: ğŸ“ Calculated scale: 0.444 (face size: 222.0)
09-19 22:04:20.605 27838 27838 D JewelryOverlay: ğŸ¯ Renderer status: EXISTS
09-19 22:04:20.605 27838 27838 D JewelryOverlay: ğŸ¯ GLView status: EXISTS
09-19 22:04:20.605 27838 27838 D JewelryOverlay: ğŸ¯ Current 3D model: EXISTS
09-19 22:04:20.606 27838 27838 D JewelryOverlay: ğŸ”„ Head rotation: X=5.215688, Y=2.7665074, Z=8.300633
09-19 22:04:20.606 27838 27838 D JewelryOverlay: ğŸ¯ Submitted RenderTask: Pos=(-0.03, -0.40), Scale=0.44
09-19 22:04:20.611 27838 28091 D ModelRenderer: Render task processed: Pos=(0.0, 0.0), Scale=1.7390941
09-19 22:04:20.611 27838 28091 D ModelRenderer: ğŸ¨ Drawing frame - Vertices: 13, Indices: 33
09-19 22:04:20.611 27838 28091 D ModelRenderer:    - Transform: Scale=1.74, RotX=0.4, RotY=-7.2
09-19 22:04:20.611 27838 28091 D ModelRenderer:    - Position: X=0.00, Y=0.00
09-19 22:04:20.611 27838 28091 D ModelRenderer:    - Drawing 11 triangles...
09-19 22:04:20.612 27838 28091 D ModelRenderer:    - Draw call completed successfully.
09-19 22:04:20.627 27838 28091 D ModelRenderer: Render task processed: Pos=(0.0, 0.0), Scale=1.7214633
09-19 22:04:20.627 27838 28091 D ModelRenderer: Render task processed: Pos=(0.0, 0.0), Scale=1.7214633
09-19 22:04:20.627 27838 28091 D ModelRenderer: ğŸ¨ Drawing frame - Vertices: 13, Indices: 33
09-19 22:04:20.627 27838 28091 D ModelRenderer:    - Transform: Scale=1.72, RotX=0.3, RotY=-7.3
09-19 22:04:20.627 27838 28091 D ModelRenderer:    - Position: X=0.00, Y=0.00
09-19 22:04:20.628 27838 28091 D ModelRenderer:    - Drawing 11 triangles...
09-19 22:04:20.628 27838 28091 D ModelRenderer:    - Draw call completed successfully.
09-19 22:04:20.643 27838 28091 D ModelRenderer: Render task processed: Pos=(0.0, 0.0), Scale=1.7066053
09-19 22:04:20.643 27838 28091 D ModelRenderer: ğŸ¨ Drawing frame - Vertices: 13, Indices: 33
09-19 22:04:20.643 27838 28091 D ModelRenderer:    - Transform: Scale=1.71, RotX=0.3, RotY=-7.3
09-19 22:04:20.644 27838 28091 D ModelRenderer:    - Position: X=0.00, Y=0.00
09-19 22:04:20.644 27838 28091 D ModelRenderer:    - Drawing 11 triangles...
09-19 22:04:20.644 27838 28091 D ModelRenderer:    - Draw call completed successfully.
09-19 22:04:20.658 27838 27838 D JewelryOverlay: ğŸ‘¤ Valid face detected, area: 49284
09-19 22:04:20.658 27838 27838 D JewelryOverlay: ğŸ¯ Processing face for 3D rendering
09-19 22:04:20.658 27838 27838 D JewelryOverlay: ğŸ“ Calculated scale: 0.444 (face size: 222.0)
09-19 22:04:20.658 27838 27838 D JewelryOverlay: ğŸ¯ Renderer status: EXISTS
09-19 22:04:20.658 27838 27838 D JewelryOverlay: ğŸ¯ GLView status: EXISTS
09-19 22:04:20.658 27838 27838 D JewelryOverlay: ğŸ¯ Current 3D model: EXISTS
09-19 22:04:20.658 27838 27838 D JewelryOverlay: ğŸ”„ Head rotation: X=5.0376053, Y=2.7226298, Z=8.688833
09-19 22:04:20.660 27838 27838 D JewelryOverlay: ğŸ¯ Submitted RenderTask: Pos=(-0.03, -0.39), Scale=0.44
09-19 22:04:20.663 27838 28091 D ModelRenderer: Render task processed: Pos=(0.0, 0.0), Scale=1.6960973
09-19 22:04:20.663 27838 28091 D ModelRenderer: Render task processed: Pos=(0.0, 0.0), Scale=1.6960973
09-19 22:04:20.663 27838 28091 D ModelRenderer: ğŸ¨ Drawing frame - Vertices: 13, Indices: 33
09-19 22:04:20.663 27838 28091 D ModelRenderer:    - Transform: Scale=1.70, RotX=0.4, RotY=-7.1
09-19 22:04:20.664 27838 28091 D ModelRenderer:    - Position: X=0.00, Y=0.00
09-19 22:04:20.664 27838 28091 D ModelRenderer:    - Drawing 11 triangles...
09-19 22:04:20.664 27838 28091 D ModelRenderer:    - Draw call completed successfully.
09-19 22:04:20.682 27838 28091 D ModelRenderer: Render task processed: Pos=(0.0, 0.0), Scale=1.6826243
09-19 22:04:20.682 27838 28091 D ModelRenderer: ğŸ¨ Drawing frame - Vertices: 13, Indices: 33
09-19 22:04:20.682 27838 28091 D ModelRenderer:    - Transform: Scale=1.68, RotX=0.4, RotY=-7.1
09-19 22:04:20.683 27838 28091 D ModelRenderer:    - Position: X=0.00, Y=0.00
09-19 22:04:20.683 27838 28091 D ModelRenderer:    - Drawing 11 triangles...
09-19 22:04:20.683 27838 28091 D ModelRenderer:    - Draw call completed successfully.
09-19 22:04:20.693 27838 28091 D ModelRenderer: Render task processed: Pos=(0.0, 0.0), Scale=1.6689212
09-19 22:04:20.693 27838 28091 D ModelRenderer: ğŸ¨ Drawing frame - Vertices: 13, Indices: 33
09-19 22:04:20.693 27838 28091 D ModelRenderer:    - Transform: Scale=1.67, RotX=0.4, RotY=-7.1
09-19 22:04:20.693 27838 28091 D ModelRenderer:    - Position: X=0.00, Y=0.00
09-19 22:04:20.694 27838 28091 D ModelRenderer:    - Drawing 11 triangles...
09-19 22:04:20.694 27838 28091 D ModelRenderer:    - Draw call completed successfully.
09-19 22:04:20.710 27838 28091 D ModelRenderer: Render task processed: Pos=(0.0, 0.0), Scale=1.6606683
09-19 22:04:20.710 27838 28091 D ModelRenderer: ğŸ¨ Drawing frame - Vertices: 13, Indices: 33
09-19 22:04:20.710 27838 28091 D ModelRenderer:    - Transform: Scale=1.66, RotX=0.4, RotY=-7.1
09-19 22:04:20.710 27838 28091 D ModelRenderer:    - Position: X=0.00, Y=0.00
09-19 22:04:20.710 27838 28091 D ModelRenderer:    - Drawing 11 triangles...
09-19 22:04:20.710 27838 28091 D ModelRenderer:    - Draw call completed successfully.
09-19 22:04:20.719 27838 27838 D JewelryOverlay: ğŸ‘¤ Valid face detected, area: 49284
09-19 22:04:20.719 27838 27838 D JewelryOverlay: ğŸ¯ Processing face for 3D rendering
09-19 22:04:20.719 27838 27838 D JewelryOverlay: ğŸ“ Calculated scale: 0.444 (face size: 222.0)
09-19 22:04:20.719 27838 27838 D JewelryOverlay: ğŸ¯ Renderer status: EXISTS
09-19 22:04:20.719 27838 27838 D JewelryOverlay: ğŸ¯ GLView status: EXISTS
09-19 22:04:20.719 27838 27838 D JewelryOverlay: ğŸ¯ Current 3D model: EXISTS
09-19 22:04:20.719 27838 27838 D JewelryOverlay: ğŸ”„ Head rotation: X=4.946167, Y=1.9214367, Z=8.323176
09-19 22:04:20.720 27838 27838 D JewelryOverlay: ğŸ¯ Submitted RenderTask: Pos=(-0.03, -0.41), Scale=0.44
09-19 22:04:20.727 27838 28091 D ModelRenderer: Render task processed: Pos=(0.0, 0.0), Scale=1.6460736
09-19 22:04:20.727 27838 28091 D ModelRenderer: Render task processed: Pos=(0.0, 0.0), Scale=1.6460736
09-19 22:04:20.727 27838 28091 D ModelRenderer: ğŸ¨ Drawing frame - Vertices: 13, Indices: 33
09-19 22:04:20.727 27838 28091 D ModelRenderer:    - Transform: Scale=1.65, RotX=0.6, RotY=-6.9
09-19 22:04:20.728 27838 28091 D ModelRenderer:    - Position: X=0.00, Y=0.00
09-19 22:04:20.728 27838 28091 D ModelRenderer:    - Drawing 11 triangles...
09-19 22:04:20.728 27838 28091 D ModelRenderer:    - Draw call completed successfully.
09-19 22:04:20.744 27838 28091 D ModelRenderer: Render task processed: Pos=(0.0, 0.0), Scale=1.6247659
09-19 22:04:20.744 27838 28091 D ModelRenderer: Render task processed: Pos=(0.0, 0.0), Scale=1.6247659
09-19 22:04:20.744 27838 28091 D ModelRenderer: ğŸ¨ Drawing frame - Vertices: 13, Indices: 33
09-19 22:04:20.744 27838 28091 D ModelRenderer:    - Transform: Scale=1.62, RotX=0.7, RotY=-6.6
09-19 22:04:20.744 27838 28091 D ModelRenderer:    - Position: X=0.00, Y=0.00
09-19 22:04:20.745 27838 28091 D ModelRenderer:    - Drawing 11 triangles...
09-19 22:04:20.745 27838 28091 D ModelRenderer:    - Draw call completed successfully.
09-19 22:04:20.760 27838 28091 D ModelRenderer: Render task processed: Pos=(0.0, 0.0), Scale=1.6101636
09-19 22:04:20.760 27838 28091 D ModelRenderer: Render task processed: Pos=(0.0, 0.0), Scale=1.6101636
09-19 22:04:20.761 27838 28091 D ModelRenderer: ğŸ¨ Drawing frame - Vertices: 13, Indices: 33
09-19 22:04:20.761 27838 28091 D ModelRenderer:    - Transform: Scale=1.61, RotX=0.9, RotY=-6.4
09-19 22:04:20.761 27838 28091 D ModelRenderer:    - Position: X=0.00, Y=0.00
09-19 22:04:20.761 27838 28091 D ModelRenderer:    - Drawing 11 triangles...
09-19 22:04:20.761 27838 28091 D ModelRenderer:    - Draw call completed successfully.
09-19 22:04:20.777 27838 28091 D ModelRenderer: Render task processed: Pos=(0.0, 0.0), Scale=1.5958384
09-19 22:04:20.777 27838 28091 D ModelRenderer: Render task processed: Pos=(0.0, 0.0), Scale=1.5958384
09-19 22:04:20.777 27838 28091 D ModelRenderer: ğŸ¨ Drawing frame - Vertices: 13, Indices: 33
09-19 22:04:20.778 27838 28091 D ModelRenderer:    - Transform: Scale=1.60, RotX=1.0, RotY=-6.2
09-19 22:04:20.778 27838 28091 D ModelRenderer:    - Position: X=0.00, Y=0.00
09-19 22:04:20.778 27838 28091 D ModelRenderer:    - Drawing 11 triangles...
09-19 22:04:20.778 27838 28091 D ModelRenderer:    - Draw call completed successfully.
09-19 22:04:20.782 27838 27838 D JewelryOverlay: ğŸ‘¤ Valid face detected, area: 49284
09-19 22:04:20.782 27838 27838 D JewelryOverlay: ğŸ¯ Processing face for 3D rendering
09-19 22:04:20.782 27838 27838 D JewelryOverlay: ğŸ“ Calculated scale: 0.444 (face size: 222.0)
09-19 22:04:20.782 27838 27838 D JewelryOverlay: ğŸ¯ Renderer status: EXISTS
09-19 22:04:20.782 27838 27838 D JewelryOverlay: ğŸ¯ GLView status: EXISTS
09-19 22:04:20.782 27838 27838 D JewelryOverlay: ğŸ¯ Current 3D model: EXISTS
09-19 22:04:20.783 27838 27838 D JewelryOverlay: ğŸ”„ Head rotation: X=3.4187288, Y=2.5263836, Z=8.3401575
09-19 22:04:20.783 27838 27838 D JewelryOverlay: ğŸ¯ Submitted RenderTask: Pos=(-0.03, -0.40), Scale=0.44
09-19 22:04:20.794 27838 28091 D ModelRenderer: Render task processed: Pos=(0.0, 0.0), Scale=1.5937039
09-19 22:04:20.794 27838 28091 D ModelRenderer: ğŸ¨ Drawing frame - Vertices: 13, Indices: 33
09-19 22:04:20.794 27838 28091 D ModelRenderer:    - Transform: Scale=1.59, RotX=1.0, RotY=-6.2
09-19 22:04:20.794 27838 28091 D ModelRenderer:    - Position: X=0.00, Y=0.00
09-19 22:04:20.795 27838 28091 D ModelRenderer:    - Drawing 11 triangles...
09-19 22:04:20.795 27838 28091 D ModelRenderer:    - Draw call completed successfully.
09-19 22:04:20.842 27838 27838 D JewelryOverlay: ğŸ‘¤ Valid face detected, area: 49950
09-19 22:04:20.842 27838 27838 D JewelryOverlay: ğŸ¯ Processing face for 3D rendering
09-19 22:04:20.842 27838 27838 D JewelryOverlay: ğŸ“ Calculated scale: 0.447 (face size: 223.5)
09-19 22:04:20.842 27838 27838 D JewelryOverlay: ğŸ¯ Renderer status: EXISTS
09-19 22:04:20.842 27838 27838 D JewelryOverlay: ğŸ¯ GLView status: EXISTS
09-19 22:04:20.842 27838 27838 D JewelryOverlay: ğŸ¯ Current 3D model: EXISTS
09-19 22:04:20.843 27838 27838 D JewelryOverlay: ğŸ”„ Head rotation: X=4.9892845, Y=2.8437934, Z=8.567647
09-19 22:04:20.843 27838 27838 D JewelryOverlay: ğŸ¯ Submitted RenderTask: Pos=(-0.03, -0.40), Scale=0.45
09-19 22:04:20.902 27838 27838 D JewelryOverlay: ğŸ‘¤ Valid face detected, area: 49284
09-19 22:04:20.902 27838 27838 D JewelryOverlay: ğŸ¯ Processing face for 3D rendering
09-19 22:04:20.902 27838 27838 D JewelryOverlay: ğŸ“ Calculated scale: 0.444 (face size: 222.0)
09-19 22:04:20.902 27838 27838 D JewelryOverlay: ğŸ¯ Renderer status: EXISTS
09-19 22:04:20.902 27838 27838 D JewelryOverlay: ğŸ¯ GLView status: EXISTS
09-19 22:04:20.902 27838 27838 D JewelryOverlay: ğŸ¯ Current 3D model: EXISTS
09-19 22:04:20.902 27838 27838 D JewelryOverlay: ğŸ”„ Head rotation: X=4.8023467, Y=2.101536, Z=8.360449
09-19 22:04:20.902 27838 27838 D JewelryOverlay: ğŸ¯ Submitted RenderTask: Pos=(-0.03, -0.40), Scale=0.44
09-19 22:04:20.965 27838 27838 D JewelryOverlay: ğŸ‘¤ Valid face detected, area: 43878
09-19 22:04:20.965 27838 27838 D JewelryOverlay: ğŸ¯ Processing face for 3D rendering
09-19 22:04:20.965 27838 27838 D JewelryOverlay: ğŸ“ Calculated scale: 0.419 (face size: 209.5)
09-19 22:04:20.965 27838 27838 D JewelryOverlay: ğŸ¯ Renderer status: EXISTS
09-19 22:04:20.965 27838 27838 D JewelryOverlay: ğŸ¯ GLView status: EXISTS
09-19 22:04:20.965 27838 27838 D JewelryOverlay: ğŸ¯ Current 3D model: EXISTS
09-19 22:04:20.965 27838 27838 D JewelryOverlay: ğŸ”„ Head rotation: X=5.333955, Y=2.7169719, Z=8.52205
09-19 22:04:20.965 27838 27838 D JewelryOverlay: ğŸ¯ Submitted RenderTask: Pos=(-0.03, -0.38), Scale=0.42
09-19 22:04:21.024 27838 27838 D JewelryOverlay: ğŸ‘¤ Valid face detected, area: 49950
09-19 22:04:21.024 27838 27838 D JewelryOverlay: ğŸ¯ Processing face for 3D rendering
09-19 22:04:21.024 27838 27838 D JewelryOverlay: ğŸ“ Calculated scale: 0.447 (face size: 223.5)
09-19 22:04:21.024 27838 27838 D JewelryOverlay: ğŸ¯ Renderer status: EXISTS
09-19 22:04:21.024 27838 27838 D JewelryOverlay: ğŸ¯ GLView status: EXISTS
09-19 22:04:21.024 27838 27838 D JewelryOverlay: ğŸ¯ Current 3D model: EXISTS
09-19 22:04:21.024 27838 27838 D JewelryOverlay: ğŸ”„ Head rotation: X=5.4275928, Y=2.3917463, Z=8.382915
09-19 22:04:21.024 27838 27838 D JewelryOverlay: ğŸ¯ Submitted RenderTask: Pos=(-0.03, -0.38), Scale=0.45
09-19 22:04:21.082 27838 27838 D JewelryOverlay: ğŸ‘¤ Valid face detected, area: 46860
09-19 22:04:21.082 27838 27838 D JewelryOverlay: ğŸ¯ Processing face for 3D rendering
09-19 22:04:21.082 27838 27838 D JewelryOverlay: ğŸ“ Calculated scale: 0.433 (face size: 216.5)
09-19 22:04:21.082 27838 27838 D JewelryOverlay: ğŸ¯ Renderer status: EXISTS
09-19 22:04:21.082 27838 27838 D JewelryOverlay: ğŸ¯ GLView status: EXISTS
09-19 22:04:21.082 27838 27838 D JewelryOverlay: ğŸ¯ Current 3D model: EXISTS
09-19 22:04:21.082 27838 27838 D JewelryOverlay: ğŸ”„ Head rotation: X=5.70429, Y=2.4679575, Z=8.243587
09-19 22:04:21.082 27838 27838 D JewelryOverlay: ğŸ¯ Submitted RenderTask: Pos=(-0.03, -0.38), Scale=0.43
09-19 22:04:21.144 27838 27838 D JewelryOverlay: ğŸ‘¤ Valid face detected, area: 50625
09-19 22:04:21.144 27838 27838 D JewelryOverlay: ğŸ¯ Processing face for 3D rendering
09-19 22:04:21.144 27838 27838 D JewelryOverlay: ğŸ“ Calculated scale: 0.45000002 (face size: 225.0)
09-19 22:04:21.144 27838 27838 D JewelryOverlay: ğŸ¯ Renderer status: EXISTS
09-19 22:04:21.144 27838 27838 D JewelryOverlay: ğŸ¯ GLView status: EXISTS
09-19 22:04:21.144 27838 27838 D JewelryOverlay: ğŸ¯ Current 3D model: EXISTS
09-19 22:04:21.144 27838 27838 D JewelryOverlay: ğŸ”„ Head rotation: X=4.7577233, Y=2.8441455, Z=8.15273
09-19 22:04:21.144 27838 27838 D JewelryOverlay: ğŸ¯ Submitted RenderTask: Pos=(-0.04, -0.39), Scale=0.45
09-19 22:04:21.206 27838 27838 D JewelryOverlay: ğŸ‘¤ Valid face detected, area: 50625
09-19 22:04:21.206 27838 27838 D JewelryOverlay: ğŸ¯ Processing face for 3D rendering
09-19 22:04:21.206 27838 27838 D JewelryOverlay: ğŸ“ Calculated scale: 0.45000002 (face size: 225.0)
09-19 22:04:21.206 27838 27838 D JewelryOverlay: ğŸ¯ Renderer status: EXISTS
09-19 22:04:21.206 27838 27838 D JewelryOverlay: ğŸ¯ GLView status: EXISTS
09-19 22:04:21.207 27838 27838 D JewelryOverlay: ğŸ¯ Current 3D model: EXISTS
09-19 22:04:21.207 27838 27838 D JewelryOverlay: ğŸ”„ Head rotation: X=4.428955, Y=2.2646031, Z=7.725843
09-19 22:04:21.207 27838 27838 D JewelryOverlay: ğŸ¯ Submitted RenderTask: Pos=(-0.06, -0.39), Scale=0.45
09-19 22:04:21.266 27838 27838 D JewelryOverlay: ğŸ‘¤ Valid face detected, area: 50625
09-19 22:04:21.266 27838 27838 D JewelryOverlay: ğŸ¯ Processing face for 3D rendering
09-19 22:04:21.266 27838 27838 D JewelryOverlay: ğŸ“ Calculated scale: 0.45000002 (face size: 225.0)
09-19 22:04:21.266 27838 27838 D JewelryOverlay: ğŸ¯ Renderer status: EXISTS
09-19 22:04:21.266 27838 27838 D JewelryOverlay: ğŸ¯ GLView status: EXISTS
09-19 22:04:21.266 27838 27838 D JewelryOverlay: ğŸ¯ Current 3D model: EXISTS
09-19 22:04:21.266 27838 27838 D JewelryOverlay: ğŸ”„ Head rotation: X=5.3619676, Y=2.5830173, Z=7.4302034
